Archive member included to satisfy reference by file (symbol)

../../../..//coines-api\libcoines-mcu_app31.a(coines_common.c.o)
                              (--whole-archive)
../../../..//coines-api\libcoines-mcu_app31.a(mcu_app3x_support.c.o)
                              (--whole-archive)
../../../..//coines-api\libcoines-mcu_app31.a(mcu_app3x_interface.c.o)
                              (--whole-archive)
../../../..//coines-api\libcoines-mcu_app31.a(mcu_app3x.c.o)
                              (--whole-archive)
../../../..//coines-api\libcoines-mcu_app31.a(mcu_app3x_stream.c.o)
                              (--whole-archive)
../../../..//coines-api\libcoines-mcu_app31.a(ds28e05.c.o)
                              (--whole-archive)
../../../..//coines-api\libcoines-mcu_app31.a(app30_eeprom.c.o)
                              (--whole-archive)
../../../..//coines-api\libcoines-mcu_app31.a(w25_common.c.o)
                              (--whole-archive)
../../../..//coines-api\libcoines-mcu_app31.a(w25m02gw.c.o)
                              (--whole-archive)
../../../..//coines-api\libcoines-mcu_app31.a(w25n01gw.c.o)
                              (--whole-archive)
../../../..//coines-api\libcoines-mcu_app31.a(w25n02jw.c.o)
                              (--whole-archive)
../../../..//coines-api\libcoines-mcu_app31.a(w25n02kw.c.o)
                              (--whole-archive)
../../../..//coines-api\libcoines-mcu_app31.a(mqueue.c.o)
                              (--whole-archive)
../../../..//coines-api\libcoines-mcu_app31.a(uart_common.c.o)
                              (--whole-archive)
../../../..//coines-api\libcoines-mcu_app31.a(flogfs.c.o)
                              (--whole-archive)
../../../..//coines-api\libcoines-mcu_app31.a(system_nrf52840.c.o)
                              (--whole-archive)
../../../..//coines-api\libcoines-mcu_app31.a(nrf_drv_clock.c.o)
                              (--whole-archive)
../../../..//coines-api\libcoines-mcu_app31.a(nrf_drv_power.c.o)
                              (--whole-archive)
../../../..//coines-api\libcoines-mcu_app31.a(nrf_drv_uart.c.o)
                              (--whole-archive)
../../../..//coines-api\libcoines-mcu_app31.a(nrfx_rtc.c.o)
                              (--whole-archive)
../../../..//coines-api\libcoines-mcu_app31.a(nrfx_clock.c.o)
                              (--whole-archive)
../../../..//coines-api\libcoines-mcu_app31.a(nrfx_gpiote.c.o)
                              (--whole-archive)
../../../..//coines-api\libcoines-mcu_app31.a(nrfx_power.c.o)
                              (--whole-archive)
../../../..//coines-api\libcoines-mcu_app31.a(nrfx_spim.c.o)
                              (--whole-archive)
../../../..//coines-api\libcoines-mcu_app31.a(nrfx_systick.c.o)
                              (--whole-archive)
../../../..//coines-api\libcoines-mcu_app31.a(nrfx_timer.c.o)
                              (--whole-archive)
../../../..//coines-api\libcoines-mcu_app31.a(nrfx_twim.c.o)
                              (--whole-archive)
../../../..//coines-api\libcoines-mcu_app31.a(nrfx_i2s.c.o)
                              (--whole-archive)
../../../..//coines-api\libcoines-mcu_app31.a(nrfx_ppi.c.o)
                              (--whole-archive)
../../../..//coines-api\libcoines-mcu_app31.a(nrfx_prs.c.o)
                              (--whole-archive)
../../../..//coines-api\libcoines-mcu_app31.a(nrfx_saadc.c.o)
                              (--whole-archive)
../../../..//coines-api\libcoines-mcu_app31.a(nrfx_uart.c.o)
                              (--whole-archive)
../../../..//coines-api\libcoines-mcu_app31.a(nrfx_uarte.c.o)
                              (--whole-archive)
../../../..//coines-api\libcoines-mcu_app31.a(nrf_nvmc.c.o)
                              (--whole-archive)
../../../..//coines-api\libcoines-mcu_app31.a(app_usbd.c.o)
                              (--whole-archive)
../../../..//coines-api\libcoines-mcu_app31.a(app_usbd_cdc_acm.c.o)
                              (--whole-archive)
../../../..//coines-api\libcoines-mcu_app31.a(app_usbd_core.c.o)
                              (--whole-archive)
../../../..//coines-api\libcoines-mcu_app31.a(app_usbd_serial_num.c.o)
                              (--whole-archive)
../../../..//coines-api\libcoines-mcu_app31.a(app_usbd_string_desc.c.o)
                              (--whole-archive)
../../../..//coines-api\libcoines-mcu_app31.a(app_util_platform.c.o)
                              (--whole-archive)
../../../..//coines-api\libcoines-mcu_app31.a(app_error.c.o)
                              (--whole-archive)
../../../..//coines-api\libcoines-mcu_app31.a(app_error_handler_gcc.c.o)
                              (--whole-archive)
../../../..//coines-api\libcoines-mcu_app31.a(app_error_weak.c.o)
                              (--whole-archive)
[...]
Memory Configuration

Name             Origin             Length             Attributes
FLASH            0x00810000         0x0002fff0         xr
RAM              0x20003000         0x0000d000         xrw
*default*        0x00000000         0xffffffff

Linker script and memory map

LOAD c:/program files (x86)/gnu arm embedded toolchain/10 2020-q4-major/bin/../lib/gcc/arm-none-eabi/10.2.1/thumb/v7e-m+fp/hard/crti.o
LOAD c:/program files (x86)/gnu arm embedded toolchain/10 2020-q4-major/bin/../lib/gcc/arm-none-eabi/10.2.1/thumb/v7e-m+fp/hard/crtbegin.o
LOAD c:/program files (x86)/gnu arm embedded toolchain/10 2020-q4-major/bin/../lib/gcc/arm-none-eabi/10.2.1/../../../../arm-none-eabi/lib/thumb/v7e-m+fp/hard/crt0.o
START GROUP
END GROUP
LOAD ../../../..//coines-api\libcoines-mcu_app31.a
LOAD build/MCU_APP31/conf_read.c.o
LOAD c:/program files (x86)/gnu arm embedded toolchain/10 2020-q4-major/bin/../lib/gcc/arm-none-eabi/10.2.1/../../../../arm-none-eabi/lib/thumb/v7e-m+fp/hard\libstdc++_nano.a
LOAD c:/program files (x86)/gnu arm embedded toolchain/10 2020-q4-major/bin/../lib/gcc/arm-none-eabi/10.2.1/../../../../arm-none-eabi/lib/thumb/v7e-m+fp/hard\libm.a
START GROUP
LOAD c:/program files (x86)/gnu arm embedded toolchain/10 2020-q4-major/bin/../lib/gcc/arm-none-eabi/10.2.1/thumb/v7e-m+fp/hard\libgcc.a
LOAD c:/program files (x86)/gnu arm embedded toolchain/10 2020-q4-major/bin/../lib/gcc/arm-none-eabi/10.2.1/../../../../arm-none-eabi/lib/thumb/v7e-m+fp/hard\libc_nano.a
END GROUP
START GROUP
LOAD c:/program files (x86)/gnu arm embedded toolchain/10 2020-q4-major/bin/../lib/gcc/arm-none-eabi/10.2.1/thumb/v7e-m+fp/hard\libgcc.a
LOAD c:/program files (x86)/gnu arm embedded toolchain/10 2020-q4-major/bin/../lib/gcc/arm-none-eabi/10.2.1/../../../../arm-none-eabi/lib/thumb/v7e-m+fp/hard\libc_nano.a
END GROUP
LOAD c:/program files (x86)/gnu arm embedded toolchain/10 2020-q4-major/bin/../lib/gcc/arm-none-eabi/10.2.1/thumb/v7e-m+fp/hard/crtend.o
LOAD c:/program files (x86)/gnu arm embedded toolchain/10 2020-q4-major/bin/../lib/gcc/arm-none-eabi/10.2.1/thumb/v7e-m+fp/hard/crtn.o
START GROUP
LOAD c:/program files (x86)/gnu arm embedded toolchain/10 2020-q4-major/bin/../lib/gcc/arm-none-eabi/10.2.1/thumb/v7e-m+fp/hard\libgcc.a
LOAD c:/program files (x86)/gnu arm embedded toolchain/10 2020-q4-major/bin/../lib/gcc/arm-none-eabi/10.2.1/../../../../arm-none-eabi/lib/thumb/v7e-m+fp/hard\libc.a
LOAD c:/program files (x86)/gnu arm embedded toolchain/10 2020-q4-major/bin/../lib/gcc/arm-none-eabi/10.2.1/../../../../arm-none-eabi/lib/thumb/v7e-m+fp/hard\libnosys.a
END GROUP

.text           0x00810000     0xf7d4
 *(.isr_vector)
 .isr_vector    0x00810000      0x200 ../../../..//coines-api\libcoines-mcu_app31.a(gcc_startup_nrf52840.S.o)
                0x00810000                __isr_vector
 *(.text*)
 .text          0x00810200       0x40 c:/program files (x86)/gnu arm embedded toolchain/10 2020-q4-major/bin/../lib/gcc/arm-none-eabi/10.2.1/thumb/v7e-m+fp/hard/crtbegin.o
 .text          0x00810240       0x7c c:/program files (x86)/gnu arm embedded toolchain/10 2020-q4-major/bin/../lib/gcc/arm-none-eabi/10.2.1/../../../../arm-none-eabi/lib/thumb/v7e-m+fp/hard/crt0.o
                0x00810240                _stack_init
                0x00810248                _start
                0x00810248                _mainCRTStartup
 .text.gpiohandler
                0x008102bc       0x38 ../../../..//coines-api\libcoines-mcu_app31.a(mcu_app3x_support.c.o)
 .text.rtc_handler
                0x008102f4       0x14 ../../../..//coines-api\libcoines-mcu_app31.a(mcu_app3x_support.c.o)
 .text.coines_delay_msec
                0x00810308       0x1c ../../../..//coines-api\libcoines-mcu_app31.a(mcu_app3x_support.c.o)
                0x00810308                coines_delay_msec
 .text.battery_level_in_percentage
                0x00810324       0x48 ../../../..//coines-api\libcoines-mcu_app31.a(mcu_app3x_support.c.o)
                0x00810324                battery_level_in_percentage
 .text.bat_status_read_callback
                0x0081036c       0x10 ../../../..//coines-api\libcoines-mcu_app31.a(mcu_app3x_support.c.o)
                0x0081036c                bat_status_read_callback
 .text.usbd_user_ev_handler
                0x0081037c       0x3c ../../../..//coines-api\libcoines-mcu_app31.a(mcu_app3x_support.c.o)
                0x0081037c                usbd_user_ev_handler
 .text.rtc_config
                0x008103b8       0x3c ../../../..//coines-api\libcoines-mcu_app31.a(mcu_app3x_support.c.o)
                0x008103b8                rtc_config
 .text.coines_timer_config
                0x008103f4       0x40 ../../../..//coines-api\libcoines-mcu_app31.a(mcu_app3x_support.c.o)
                0x008103f4                coines_timer_config
 .text.coines_timer_start
                0x00810434       0x44 ../../../..//coines-api\libcoines-mcu_app31.a(mcu_app3x_support.c.o)
                0x00810434                coines_timer_start
 .text.coines_attach_interrupt
                0x00810478       0x5c ../../../..//coines-api\libcoines-mcu_app31.a(mcu_app3x_support.c.o)
                0x00810478                coines_attach_interrupt
 .text.nrf_gpio_pin_port_decode
                0x008104d4       0x18 ../../../..//coines-api\libcoines-mcu_app31.a(mcu_app3x_interface.c.o)
 .text.coines_i2c0_event_handler
                0x008104ec       0x14 ../../../..//coines-api\libcoines-mcu_app31.a(mcu_app3x_interface.c.o)
 .text.coines_i2c1_event_handler
                0x00810500       0x14 ../../../..//coines-api\libcoines-mcu_app31.a(mcu_app3x_interface.c.o)
 .text.coines_i2c_int_event_handler
                0x00810514       0x14 ../../../..//coines-api\libcoines-mcu_app31.a(mcu_app3x_interface.c.o)
 .text.coines_i2c_bus_recover.isra.0
                0x00810528       0x60 ../../../..//coines-api\libcoines-mcu_app31.a(mcu_app3x_interface.c.o)
 .text.i2c_read
                0x00810588       0xc0 ../../../..//coines-api\libcoines-mcu_app31.a(mcu_app3x_interface.c.o)
 .text.i2c_write
                0x00810648       0xfc ../../../..//coines-api\libcoines-mcu_app31.a(mcu_app3x_interface.c.o)
 .text.coines_is_i2c_enabled
                0x00810744        0xc ../../../..//coines-api\libcoines-mcu_app31.a(mcu_app3x_interface.c.o)
                0x00810744                coines_is_i2c_enabled
 .text.coines_config_i2c_bus_internal
                0x00810750      0x10c ../../../..//coines-api\libcoines-mcu_app31.a(mcu_app3x_interface.c.o)
                0x00810750                coines_config_i2c_bus_internal
 .text.coines_config_i2c_bus
                0x0081085c        0x6 ../../../..//coines-api\libcoines-mcu_app31.a(mcu_app3x_interface.c.o)
                0x0081085c                coines_config_i2c_bus
 .text.coines_write_i2c
                0x00810862       0x14 ../../../..//coines-api\libcoines-mcu_app31.a(mcu_app3x_interface.c.o)
                0x00810862                coines_write_i2c
 .text.coines_read_i2c
                0x00810876       0x14 ../../../..//coines-api\libcoines-mcu_app31.a(mcu_app3x_interface.c.o)
                0x00810876                coines_read_i2c
 *fill*         0x0081088a        0x2 
 .text.NVIC_SystemReset
                0x0081088c       0x24 ../../../..//coines-api\libcoines-mcu_app31.a(mcu_app3x.c.o)
 .text.timer_handler
                0x008108b0       0x14 ../../../..//coines-api\libcoines-mcu_app31.a(mcu_app3x.c.o)
 .text.read_serial_buffer
                0x008108c4       0x70 ../../../..//coines-api\libcoines-mcu_app31.a(mcu_app3x.c.o)
 .text.nrf_gpio_pin_clear
                0x00810934       0x20 ../../../..//coines-api\libcoines-mcu_app31.a(mcu_app3x.c.o)
 .text.nrf_gpio_pin_set
                0x00810954       0x20 ../../../..//coines-api\libcoines-mcu_app31.a(mcu_app3x.c.o)
 .text.check_com_port_connection
                0x00810974       0x94 ../../../..//coines-api\libcoines-mcu_app31.a(mcu_app3x.c.o)
                0x00810974                check_com_port_connection
 .text.cdc_acm_user_ev_handler
                0x00810a08       0xac ../../../..//coines-api\libcoines-mcu_app31.a(mcu_app3x.c.o)
 .text.pmic_pull_battery_level
                0x00810ab4        0xc ../../../..//coines-api\libcoines-mcu_app31.a(mcu_app3x.c.o)
                0x00810ab4                pmic_pull_battery_level
 .text.coines_set_pin_config
                0x00810ac0       0x70 ../../../..//coines-api\libcoines-mcu_app31.a(mcu_app3x.c.o)
                0x00810ac0                coines_set_pin_config
 .text.coines_get_pin_config
                0x00810b30       0x70 ../../../..//coines-api\libcoines-mcu_app31.a(mcu_app3x.c.o)
                0x00810b30                coines_get_pin_config
 .text.vin_detection_cb
                0x00810ba0       0x34 ../../../..//coines-api\libcoines-mcu_app31.a(mcu_app3x.c.o)
                0x00810ba0                vin_detection_cb
 .text.pmic_check_battery_and_faults
                0x00810bd4       0x50 ../../../..//coines-api\libcoines-mcu_app31.a(mcu_app3x.c.o)
                0x00810bd4                pmic_check_battery_and_faults
 *fill*         0x00810c24        0x4 
 .text.pmic_cyclic_reading
                0x00810c28       0x88 ../../../..//coines-api\libcoines-mcu_app31.a(mcu_app3x.c.o)
                0x00810c28                pmic_cyclic_reading
 .text.power_interrupt_cb
                0x00810cb0       0x64 ../../../..//coines-api\libcoines-mcu_app31.a(mcu_app3x.c.o)
                0x00810cb0                power_interrupt_cb
 .text.SysTick_Handler
                0x00810d14       0x10 ../../../..//coines-api\libcoines-mcu_app31.a(mcu_app3x.c.o)
                0x00810d14                SysTick_Handler
 .text._write   0x00810d24       0x6c ../../../..//coines-api\libcoines-mcu_app31.a(mcu_app3x.c.o)
                0x00810d24                _write
 .text._read    0x00810d90       0x64 ../../../..//coines-api\libcoines-mcu_app31.a(mcu_app3x.c.o)
                0x00810d90                _read
 .text._open    0x00810df4       0xa0 ../../../..//coines-api\libcoines-mcu_app31.a(mcu_app3x.c.o)
                0x00810df4                _open
 .text._close   0x00810e94       0x54 ../../../..//coines-api\libcoines-mcu_app31.a(mcu_app3x.c.o)
                0x00810e94                _close
 .text._fstat   0x00810ee8        0x6 ../../../..//coines-api\libcoines-mcu_app31.a(mcu_app3x.c.o)
                0x00810ee8                _fstat
 .text._isatty  0x00810eee        0x6 ../../../..//coines-api\libcoines-mcu_app31.a(mcu_app3x.c.o)
                0x00810eee                _isatty
 .text._lseek   0x00810ef4        0x6 ../../../..//coines-api\libcoines-mcu_app31.a(mcu_app3x.c.o)
                0x00810ef4                _lseek
 .text._kill    0x00810efa        0x2 ../../../..//coines-api\libcoines-mcu_app31.a(mcu_app3x.c.o)
                0x00810efa                _kill
 .text._getpid  0x00810efc        0x6 ../../../..//coines-api\libcoines-mcu_app31.a(mcu_app3x.c.o)
                0x00810efc                _getpid
 *fill*         0x00810f02        0x2 
 .text.coines_read_temp_data
                0x00810f04       0x78 ../../../..//coines-api\libcoines-mcu_app31.a(mcu_app3x.c.o)
                0x00810f04                coines_read_temp_data
 .text.temp_data_read_callback
                0x00810f7c       0x14 ../../../..//coines-api\libcoines-mcu_app31.a(mcu_app3x.c.o)
 .text.coines_set_led
                0x00810f90       0x2a ../../../..//coines-api\libcoines-mcu_app31.a(mcu_app3x.c.o)
                0x00810f90                coines_set_led
 *fill*         0x00810fba        0x2 
 .text.coines_set_shuttleboard_vdd_vddio_config
                0x00810fbc      0x12c ../../../..//coines-api\libcoines-mcu_app31.a(mcu_app3x.c.o)
                0x00810fbc                coines_set_shuttleboard_vdd_vddio_config
 .text.coines_open_comm_intf
                0x008110e8      0x3ec ../../../..//coines-api\libcoines-mcu_app31.a(mcu_app3x.c.o)
                0x008110e8                coines_open_comm_intf
 .text.coines_get_millis
                0x008114d4        0xc ../../../..//coines-api\libcoines-mcu_app31.a(mcu_app3x.c.o)
                0x008114d4                coines_get_millis
 .text.weak_yield
                0x008114e0        0x2 ../../../..//coines-api\libcoines-mcu_app31.a(mcu_app3x.c.o)
                0x008114e0                coines_yield
 *fill*         0x008114e2        0x2 
 .text.ds28e05_touchbyte
                0x008114e4       0x64 ../../../..//coines-api\libcoines-mcu_app31.a(ds28e05.c.o)
 .text.ds28e05_Init
                0x00811548       0x50 ../../../..//coines-api\libcoines-mcu_app31.a(ds28e05.c.o)
                0x00811548                ds28e05_Init
 .text.TIMER1_IRQHandler
                0x00811598       0x70 ../../../..//coines-api\libcoines-mcu_app31.a(ds28e05.c.o)
                0x00811598                TIMER1_IRQHandler
 .text.ds28e05_reset
                0x00811608       0x48 ../../../..//coines-api\libcoines-mcu_app31.a(ds28e05.c.o)
                0x00811608                ds28e05_reset
 .text.ds28e05_writebyte
                0x00811650       0x10 ../../../..//coines-api\libcoines-mcu_app31.a(ds28e05.c.o)
                0x00811650                ds28e05_writebyte
 .text.ds28e05_readbyte
                0x00811660        0x6 ../../../..//coines-api\libcoines-mcu_app31.a(ds28e05.c.o)
                0x00811660                ds28e05_readbyte
 .text.app30_eeprom_init
                0x00811666        0x4 ../../../..//coines-api\libcoines-mcu_app31.a(app30_eeprom.c.o)
                0x00811666                app30_eeprom_init
 .text.app30_eeprom_read
                0x0081166a       0x42 ../../../..//coines-api\libcoines-mcu_app31.a(app30_eeprom.c.o)
                0x0081166a                app30_eeprom_read
 .text.w25_gpio_pin_output_set
                0x008116ac       0x2c ../../../..//coines-api\libcoines-mcu_app31.a(w25_common.c.o)
                0x008116ac                w25_gpio_pin_output_set
 .text.w25_spi_init
                0x008116d8       0x2c ../../../..//coines-api\libcoines-mcu_app31.a(w25_common.c.o)
                0x008116d8                w25_spi_init
 .text.w25_spi_rx_tx
                0x00811704       0x44 ../../../..//coines-api\libcoines-mcu_app31.a(w25_common.c.o)
                0x00811704                w25_spi_rx_tx
 .text.w25_get_manufacture_and_devid
                0x00811748       0x40 ../../../..//coines-api\libcoines-mcu_app31.a(w25_common.c.o)
                0x00811748                w25_get_manufacture_and_devid
 .text.w25_init
                0x00811788       0xbc ../../../..//coines-api\libcoines-mcu_app31.a(w25_common.c.o)
                0x00811788                w25_init
 .text.w25n02kw_load_sector_spare.part.0
                0x00811844       0x24 ../../../..//coines-api\libcoines-mcu_app31.a(w25n02kw.c.o)
 .text.w25n02kw_spi_rx_tx
                0x00811868       0x4c ../../../..//coines-api\libcoines-mcu_app31.a(w25n02kw.c.o)
                0x00811868                w25n02kw_spi_rx_tx
 .text.w25n02kw_read_reg
                0x008118b4       0x40 ../../../..//coines-api\libcoines-mcu_app31.a(w25n02kw.c.o)
 .text.w25n02kw_block_bad
                0x008118f4        0x4 ../../../..//coines-api\libcoines-mcu_app31.a(w25n02kw.c.o)
                0x008118f4                w25n02kw_block_bad
 .text.w25n02kw_page_read
                0x008118f8       0x5c ../../../..//coines-api\libcoines-mcu_app31.a(w25n02kw.c.o)
                0x008118f8                w25n02kw_page_read
 .text.w25n02kw_write_reg
                0x00811954       0x28 ../../../..//coines-api\libcoines-mcu_app31.a(w25n02kw.c.o)
                0x00811954                w25n02kw_write_reg
 .text.w25n02kw_device_reset
                0x0081197c       0x20 ../../../..//coines-api\libcoines-mcu_app31.a(w25n02kw.c.o)
                0x0081197c                w25n02kw_device_reset
 .text.w25n02kw_read_bbm_table
                0x0081199c        0x2 ../../../..//coines-api\libcoines-mcu_app31.a(w25n02kw.c.o)
                0x0081199c                w25n02kw_read_bbm_table
 .text.w25n02kw_init_protect_reg
                0x0081199e        0x8 ../../../..//coines-api\libcoines-mcu_app31.a(w25n02kw.c.o)
                0x0081199e                w25n02kw_init_protect_reg
 .text.w25n02kw_init_config_reg
                0x008119a6       0x18 ../../../..//coines-api\libcoines-mcu_app31.a(w25n02kw.c.o)
                0x008119a6                w25n02kw_init_config_reg
 *fill*         0x008119be        0x2 
 .text.w25n02kw_init
                0x008119c0       0x24 ../../../..//coines-api\libcoines-mcu_app31.a(w25n02kw.c.o)
                0x008119c0                w25n02kw_init
 .text.w25n02kw_read_spare
                0x008119e4       0x7c ../../../..//coines-api\libcoines-mcu_app31.a(w25n02kw.c.o)
                0x008119e4                w25n02kw_read_spare
 .text.is_bad_block
                0x00811a60       0x28 ../../../..//coines-api\libcoines-mcu_app31.a(w25n02kw.c.o)
 .text.w25n02kw_read
                0x00811a88       0xdc ../../../..//coines-api\libcoines-mcu_app31.a(w25n02kw.c.o)
                0x00811a88                w25n02kw_read
 .text.w25n02kw_load_sector
                0x00811b64       0x38 ../../../..//coines-api\libcoines-mcu_app31.a(w25n02kw.c.o)
                0x00811b64                w25n02kw_load_sector
 .text.w25n02kw_load_sector_spare
                0x00811b9c        0xc ../../../..//coines-api\libcoines-mcu_app31.a(w25n02kw.c.o)
                0x00811b9c                w25n02kw_load_sector_spare
 .text.w25n02kw_write_sector_with_spare
                0x00811ba8      0x19c ../../../..//coines-api\libcoines-mcu_app31.a(w25n02kw.c.o)
                0x00811ba8                w25n02kw_write_sector_with_spare
 .text.save_mapping_table
                0x00811d44      0x12c ../../../..//coines-api\libcoines-mcu_app31.a(w25n02kw.c.o)
 .text.w25n02kw_bbm_block_swap
                0x00811e70      0x194 ../../../..//coines-api\libcoines-mcu_app31.a(w25n02kw.c.o)
                0x00811e70                w25n02kw_bbm_block_swap
 .text.w25n02kw_erase_block
                0x00812004       0xd4 ../../../..//coines-api\libcoines-mcu_app31.a(w25n02kw.c.o)
                0x00812004                w25n02kw_erase_block
 .text.initialize_bbm_tables
                0x008120d8       0xc4 ../../../..//coines-api\libcoines-mcu_app31.a(w25n02kw.c.o)
                0x008120d8                initialize_bbm_tables
 .text.w25n02kw_mass_erase
                0x0081219c       0x28 ../../../..//coines-api\libcoines-mcu_app31.a(w25n02kw.c.o)
                0x0081219c                w25n02kw_mass_erase
 .text.w25n02kw_get_manufacture_and_devid
                0x008121c4       0x40 ../../../..//coines-api\libcoines-mcu_app31.a(w25n02kw.c.o)
                0x008121c4                w25n02kw_get_manufacture_and_devid
 .text.w25n02kw_get_device_init_status
                0x00812204        0xc ../../../..//coines-api\libcoines-mcu_app31.a(w25n02kw.c.o)
                0x00812204                w25n02kw_get_device_init_status
 .text.w25n02kw_get_memory_params
                0x00812210       0x18 ../../../..//coines-api\libcoines-mcu_app31.a(w25n02kw.c.o)
                0x00812210                w25n02kw_get_memory_params
 .text.w25n02kw_initial_bbm
                0x00812228       0x44 ../../../..//coines-api\libcoines-mcu_app31.a(w25n02kw.c.o)
                0x00812228                w25n02kw_initial_bbm
 .text.flash_erase_block
                0x0081226c       0x1c ../../../..//coines-api\libcoines-mcu_app31.a(flogfs.c.o)
 .text.flash_commit
                0x00812288       0x28 ../../../..//coines-api\libcoines-mcu_app31.a(flogfs.c.o)
 .text.flash_write_sector
                0x008122b0       0x3c ../../../..//coines-api\libcoines-mcu_app31.a(flogfs.c.o)
 .text.flash_write_spare
                0x008122ec       0x2c ../../../..//coines-api\libcoines-mcu_app31.a(flogfs.c.o)
 .text.flog_open_page
                0x00812318       0x80 ../../../..//coines-api\libcoines-mcu_app31.a(flogfs.c.o)
 .text.flog_increment_sector
                0x00812398       0x28 ../../../..//coines-api\libcoines-mcu_app31.a(flogfs.c.o)
 .text.file_size_calculator_walk
                0x008123c0       0x24 ../../../..//coines-api\libcoines-mcu_app31.a(flogfs.c.o)
                0x008123c0                file_size_calculator_walk
 .text.flog_open_sector.isra.0
                0x008123e4        0x6 ../../../..//coines-api\libcoines-mcu_app31.a(flogfs.c.o)
 .text.flog_block_statistics_write
                0x008123ea       0x1e ../../../..//coines-api\libcoines-mcu_app31.a(flogfs.c.o)
 .text.flash_read_spare.isra.0
                0x00812408       0x34 ../../../..//coines-api\libcoines-mcu_app31.a(flogfs.c.o)
 .text.flash_read_sector.isra.0
                0x0081243c       0x34 ../../../..//coines-api\libcoines-mcu_app31.a(flogfs.c.o)
 .text.flog_universal_get_next_block
                0x00812470       0x2c ../../../..//coines-api\libcoines-mcu_app31.a(flogfs.c.o)
 .text.flog_inode_iterator_next
                0x0081249c       0x3c ../../../..//coines-api\libcoines-mcu_app31.a(flogfs.c.o)
 .text.flog_inode_iterator_initialize
                0x008124d8       0x46 ../../../..//coines-api\libcoines-mcu_app31.a(flogfs.c.o)
 *fill*         0x0081251e        0x2 
 .text.flog_find_file
                0x00812520       0x8c ../../../..//coines-api\libcoines-mcu_app31.a(flogfs.c.o)
 .text.flog_block_statistics_read
                0x008125ac       0x1a ../../../..//coines-api\libcoines-mcu_app31.a(flogfs.c.o)
 *fill*         0x008125c6        0x2 
 .text.invalid_block_or_older_version
                0x008125c8       0x2c ../../../..//coines-api\libcoines-mcu_app31.a(flogfs.c.o)
 .text.flog_prealloc_contains
                0x008125f4       0x44 ../../../..//coines-api\libcoines-mcu_app31.a(flogfs.c.o)
 .text.flog_prealloc_push
                0x00812638       0x50 ../../../..//coines-api\libcoines-mcu_app31.a(flogfs.c.o)
 .text.flog_prealloc_prime
                0x00812688      0x104 ../../../..//coines-api\libcoines-mcu_app31.a(flogfs.c.o)
 .text.flog_allocate_block.isra.0
                0x0081278c       0x84 ../../../..//coines-api\libcoines-mcu_app31.a(flogfs.c.o)
 .text.flog_commit_file_sector
                0x00812810      0x150 ../../../..//coines-api\libcoines-mcu_app31.a(flogfs.c.o)
 .text.flog_flush_write
                0x00812960       0x2c ../../../..//coines-api\libcoines-mcu_app31.a(flogfs.c.o)
 .text.flog_flush_dirty_block
                0x0081298c       0x24 ../../../..//coines-api\libcoines-mcu_app31.a(flogfs.c.o)
 .text.flogfs_read_walk_file.isra.0
                0x008129b0       0xc6 ../../../..//coines-api\libcoines-mcu_app31.a(flogfs.c.o)
 *fill*         0x00812a76        0x2 
 .text.flogfs_initialize
                0x00812a78      0x10c ../../../..//coines-api\libcoines-mcu_app31.a(flogfs.c.o)
                0x00812a78                flogfs_initialize
 .text.flogfs_format
                0x00812b84       0xcc ../../../..//coines-api\libcoines-mcu_app31.a(flogfs.c.o)
                0x00812b84                flogfs_format
 .text.flogfs_mount
                0x00812c50      0x118 ../../../..//coines-api\libcoines-mcu_app31.a(flogfs.c.o)
                0x00812c50                flogfs_mount
 .text.flogfs_open_read
                0x00812d68       0xb0 ../../../..//coines-api\libcoines-mcu_app31.a(flogfs.c.o)
                0x00812d68                flogfs_open_read
 .text.flogfs_close_read
                0x00812e18       0x28 ../../../..//coines-api\libcoines-mcu_app31.a(flogfs.c.o)
                0x00812e18                flogfs_close_read
 .text.flogfs_read
                0x00812e40      0x122 ../../../..//coines-api\libcoines-mcu_app31.a(flogfs.c.o)
                0x00812e40                flogfs_read
 .text.flogfs_write
                0x00812f62       0x5e ../../../..//coines-api\libcoines-mcu_app31.a(flogfs.c.o)
                0x00812f62                flogfs_write
 .text.flogfs_open_write
                0x00812fc0      0x1f8 ../../../..//coines-api\libcoines-mcu_app31.a(flogfs.c.o)
                0x00812fc0                flogfs_open_write
 .text.flogfs_close_write
                0x008131b8       0x30 ../../../..//coines-api\libcoines-mcu_app31.a(flogfs.c.o)
                0x008131b8                flogfs_close_write
 .text.errata_98
                0x008131e8       0x1a ../../../..//coines-api\libcoines-mcu_app31.a(system_nrf52840.c.o)
 *fill*         0x00813202        0x2 
 .text.SystemInit
                0x00813204      0x144 ../../../..//coines-api\libcoines-mcu_app31.a(system_nrf52840.c.o)
                0x00813204                SystemInit
 .text.sd_clock_hfclk_request
                0x00813348        0x4 ../../../..//coines-api\libcoines-mcu_app31.a(nrf_drv_clock.c.o)
 .text.sd_clock_hfclk_release
                0x0081334c        0x4 ../../../..//coines-api\libcoines-mcu_app31.a(nrf_drv_clock.c.o)
 .text.sd_clock_hfclk_is_running
                0x00813350        0x4 ../../../..//coines-api\libcoines-mcu_app31.a(nrf_drv_clock.c.o)
 .text.clock_clk_started_notify
                0x00813354       0x24 ../../../..//coines-api\libcoines-mcu_app31.a(nrf_drv_clock.c.o)
 .text.clock_irq_handler
                0x00813378       0x1c ../../../..//coines-api\libcoines-mcu_app31.a(nrf_drv_clock.c.o)
 .text.soc_evt_handler
                0x00813394       0x14 ../../../..//coines-api\libcoines-mcu_app31.a(nrf_drv_clock.c.o)
 .text.nrf_drv_clock_init
                0x008133a8       0x38 ../../../..//coines-api\libcoines-mcu_app31.a(nrf_drv_clock.c.o)
                0x008133a8                nrf_drv_clock_init
 .text.nrf_drv_clock_lfclk_request
                0x008133e0       0x68 ../../../..//coines-api\libcoines-mcu_app31.a(nrf_drv_clock.c.o)
                0x008133e0                nrf_drv_clock_lfclk_request
 .text.nrf_drv_clock_lfclk_release
                0x00813448       0x34 ../../../..//coines-api\libcoines-mcu_app31.a(nrf_drv_clock.c.o)
                0x00813448                nrf_drv_clock_lfclk_release
 .text.sd_state_evt_handler
                0x0081347c       0x5c ../../../..//coines-api\libcoines-mcu_app31.a(nrf_drv_clock.c.o)
 .text.nrf_drv_clock_lfclk_is_running
                0x008134d8       0x16 ../../../..//coines-api\libcoines-mcu_app31.a(nrf_drv_clock.c.o)
                0x008134d8                nrf_drv_clock_lfclk_is_running
 *fill*         0x008134ee        0x2 
 .text.nrf_drv_clock_hfclk_request
                0x008134f0       0x74 ../../../..//coines-api\libcoines-mcu_app31.a(nrf_drv_clock.c.o)
                0x008134f0                nrf_drv_clock_hfclk_request
 .text.nrf_drv_clock_hfclk_release
                0x00813564       0x44 ../../../..//coines-api\libcoines-mcu_app31.a(nrf_drv_clock.c.o)
                0x00813564                nrf_drv_clock_hfclk_release
 .text.nrf_drv_clock_hfclk_is_running
                0x008135a8       0x32 ../../../..//coines-api\libcoines-mcu_app31.a(nrf_drv_clock.c.o)
                0x008135a8                nrf_drv_clock_hfclk_is_running
 .text.sd_power_pof_enable
                0x008135da        0x4 ../../../..//coines-api\libcoines-mcu_app31.a(nrf_drv_power.c.o)
 .text.sd_power_usbpwrrdy_enable
                0x008135de        0x4 ../../../..//coines-api\libcoines-mcu_app31.a(nrf_drv_power.c.o)
 .text.sd_power_usbdetected_enable
                0x008135e2        0x4 ../../../..//coines-api\libcoines-mcu_app31.a(nrf_drv_power.c.o)
 .text.sd_power_usbremoved_enable
                0x008135e6        0x4 ../../../..//coines-api\libcoines-mcu_app31.a(nrf_drv_power.c.o)
 .text.sd_power_usbregstatus_get
                0x008135ea        0x4 ../../../..//coines-api\libcoines-mcu_app31.a(nrf_drv_power.c.o)
 .text.nrf_drv_power_sd_usbevt_enable
                0x008135ee       0x1e ../../../..//coines-api\libcoines-mcu_app31.a(nrf_drv_power.c.o)
 .text.nrf_drv_power_sdh_soc_evt_handler
                0x0081360c       0x34 ../../../..//coines-api\libcoines-mcu_app31.a(nrf_drv_power.c.o)
 .text.nrf_drv_power_sdh_state_evt_handler
                0x00813640       0x80 ../../../..//coines-api\libcoines-mcu_app31.a(nrf_drv_power.c.o)
 .text.nrf_drv_power_init
                0x008136c0       0x34 ../../../..//coines-api\libcoines-mcu_app31.a(nrf_drv_power.c.o)
                0x008136c0                nrf_drv_power_init
 .text.nrf_drv_power_usbevt_uninit
                0x008136f4       0x34 ../../../..//coines-api\libcoines-mcu_app31.a(nrf_drv_power.c.o)
                0x008136f4                nrf_drv_power_usbevt_uninit
 .text.nrf_drv_power_usbevt_init
                0x00813728       0x46 ../../../..//coines-api\libcoines-mcu_app31.a(nrf_drv_power.c.o)
                0x00813728                nrf_drv_power_usbevt_init
 .text.nrf_rtc_event_clear
                0x0081376e       0x10 ../../../..//coines-api\libcoines-mcu_app31.a(nrfx_rtc.c.o)
 *fill*         0x0081377e        0x2 
 .text.nrfx_rtc_init
                0x00813780       0x90 ../../../..//coines-api\libcoines-mcu_app31.a(nrfx_rtc.c.o)
                0x00813780                nrfx_rtc_init
 .text.nrfx_rtc_enable
                0x00813810       0x18 ../../../..//coines-api\libcoines-mcu_app31.a(nrfx_rtc.c.o)
                0x00813810                nrfx_rtc_enable
 .text.nrfx_rtc_overflow_enable
                0x00813828       0x20 ../../../..//coines-api\libcoines-mcu_app31.a(nrfx_rtc.c.o)
                0x00813828                nrfx_rtc_overflow_enable
 .text.RTC2_IRQHandler
                0x00813848       0x9c ../../../..//coines-api\libcoines-mcu_app31.a(nrfx_rtc.c.o)
                0x00813848                RTC2_IRQHandler
 .text.nrf_clock_event_clear
                0x008138e4       0x14 ../../../..//coines-api\libcoines-mcu_app31.a(nrfx_clock.c.o)
 .text.nrfx_clock_init
                0x008138f8       0x18 ../../../..//coines-api\libcoines-mcu_app31.a(nrfx_clock.c.o)
                0x008138f8                nrfx_clock_init
 .text.nrfx_clock_enable
                0x00813910       0x30 ../../../..//coines-api\libcoines-mcu_app31.a(nrfx_clock.c.o)
                0x00813910                nrfx_clock_enable
 .text.nrfx_clock_lfclk_start
                0x00813940       0x1a ../../../..//coines-api\libcoines-mcu_app31.a(nrfx_clock.c.o)
                0x00813940                nrfx_clock_lfclk_start
 .text.nrfx_clock_lfclk_stop
                0x0081395a       0x12 ../../../..//coines-api\libcoines-mcu_app31.a(nrfx_clock.c.o)
                0x0081395a                nrfx_clock_lfclk_stop
 .text.nrfx_clock_hfclk_start
                0x0081396c       0x18 ../../../..//coines-api\libcoines-mcu_app31.a(nrfx_clock.c.o)
                0x0081396c                nrfx_clock_hfclk_start
 .text.nrfx_clock_hfclk_stop
                0x00813984       0x24 ../../../..//coines-api\libcoines-mcu_app31.a(nrfx_clock.c.o)
                0x00813984                nrfx_clock_hfclk_stop
 .text.nrfx_clock_irq_handler
                0x008139a8       0x50 ../../../..//coines-api\libcoines-mcu_app31.a(nrfx_clock.c.o)
                0x008139a8                nrfx_clock_irq_handler
 .text.nrf_gpiote_event_clear
                0x008139f8       0x18 ../../../..//coines-api\libcoines-mcu_app31.a(nrfx_gpiote.c.o)
 .text.nrf_gpio_pin_port_decode
                0x00813a10       0x18 ../../../..//coines-api\libcoines-mcu_app31.a(nrfx_gpiote.c.o)
 .text.nrf_gpio_cfg_sense_set
                0x00813a28       0x2e ../../../..//coines-api\libcoines-mcu_app31.a(nrfx_gpiote.c.o)
 .text.nrf_bitmask_bit_set
                0x00813a56       0x14 ../../../..//coines-api\libcoines-mcu_app31.a(nrfx_gpiote.c.o)
 *fill*         0x00813a6a        0x2 
 .text.channel_free
                0x00813a6c       0x1c ../../../..//coines-api\libcoines-mcu_app31.a(nrfx_gpiote.c.o)
 .text.nrfx_gpiote_init
                0x00813a88       0x68 ../../../..//coines-api\libcoines-mcu_app31.a(nrfx_gpiote.c.o)
                0x00813a88                nrfx_gpiote_init
 .text.nrfx_gpiote_in_init
                0x00813af0      0x100 ../../../..//coines-api\libcoines-mcu_app31.a(nrfx_gpiote.c.o)
                0x00813af0                nrfx_gpiote_in_init
 .text.nrfx_gpiote_in_event_enable
                0x00813bf0       0x9c ../../../..//coines-api\libcoines-mcu_app31.a(nrfx_gpiote.c.o)
                0x00813bf0                nrfx_gpiote_in_event_enable
 .text.GPIOTE_IRQHandler
                0x00813c8c      0x1b0 ../../../..//coines-api\libcoines-mcu_app31.a(nrfx_gpiote.c.o)
                0x00813c8c                GPIOTE_IRQHandler
 .text.nrf_power_event_get_and_clear
                0x00813e3c       0x14 ../../../..//coines-api\libcoines-mcu_app31.a(nrfx_power.c.o)
 .text.nrfx_power_pof_handler_get
                0x00813e50        0xc ../../../..//coines-api\libcoines-mcu_app31.a(nrfx_power.c.o)
                0x00813e50                nrfx_power_pof_handler_get
 .text.nrfx_power_usb_handler_get
                0x00813e5c        0xc ../../../..//coines-api\libcoines-mcu_app31.a(nrfx_power.c.o)
                0x00813e5c                nrfx_power_usb_handler_get
 .text.nrfx_power_init
                0x00813e68       0x48 ../../../..//coines-api\libcoines-mcu_app31.a(nrfx_power.c.o)
                0x00813e68                nrfx_power_init
 .text.nrfx_power_usbevt_init
                0x00813eb0        0xc ../../../..//coines-api\libcoines-mcu_app31.a(nrfx_power.c.o)
                0x00813eb0                nrfx_power_usbevt_init
 .text.nrfx_power_usbevt_enable
                0x00813ebc        0xe ../../../..//coines-api\libcoines-mcu_app31.a(nrfx_power.c.o)
                0x00813ebc                nrfx_power_usbevt_enable
 .text.nrfx_power_usbevt_disable
                0x00813eca        0xe ../../../..//coines-api\libcoines-mcu_app31.a(nrfx_power.c.o)
                0x00813eca                nrfx_power_usbevt_disable
 .text.nrfx_power_usbevt_uninit
                0x00813ed8        0xc ../../../..//coines-api\libcoines-mcu_app31.a(nrfx_power.c.o)
                0x00813ed8                nrfx_power_usbevt_uninit
 .text.nrfx_power_irq_handler
                0x00813ee4       0xa0 ../../../..//coines-api\libcoines-mcu_app31.a(nrfx_power.c.o)
                0x00813ee4                nrfx_power_irq_handler
 .text.nrf_gpio_pin_clear
                0x00813f84       0x20 ../../../..//coines-api\libcoines-mcu_app31.a(nrfx_spim.c.o)
 .text.nrf_gpio_pin_set
                0x00813fa4       0x20 ../../../..//coines-api\libcoines-mcu_app31.a(nrfx_spim.c.o)
 .text.irq_handler
                0x00813fc4       0x46 ../../../..//coines-api\libcoines-mcu_app31.a(nrfx_spim.c.o)
 *fill*         0x0081400a        0x2 
 .text.nrfx_spim_0_irq_handler
                0x0081400c       0x10 ../../../..//coines-api\libcoines-mcu_app31.a(nrfx_spim.c.o)
                0x0081400c                nrfx_spim_0_irq_handler
 .text.SPIM2_SPIS2_SPI2_IRQHandler
                0x0081401c       0x10 ../../../..//coines-api\libcoines-mcu_app31.a(nrfx_spim.c.o)
                0x0081401c                SPIM2_SPIS2_SPI2_IRQHandler
 .text.SPIM3_IRQHandler
                0x0081402c       0x10 ../../../..//coines-api\libcoines-mcu_app31.a(nrfx_spim.c.o)
                0x0081402c                SPIM3_IRQHandler
 .text.nrfx_spim_init
                0x0081403c      0x1f4 ../../../..//coines-api\libcoines-mcu_app31.a(nrfx_spim.c.o)
                0x0081403c                nrfx_spim_init
 .text.nrfx_spim_xfer
                0x00814230      0x114 ../../../..//coines-api\libcoines-mcu_app31.a(nrfx_spim.c.o)
                0x00814230                nrfx_spim_xfer
 .text.irq_handler
                0x00814344       0x4e ../../../..//coines-api\libcoines-mcu_app31.a(nrfx_timer.c.o)
 *fill*         0x00814392        0x2 
 .text.nrfx_timer_init
                0x00814394       0xdc ../../../..//coines-api\libcoines-mcu_app31.a(nrfx_timer.c.o)
                0x00814394                nrfx_timer_init
 .text.nrfx_timer_enable
                0x00814470       0x1c ../../../..//coines-api\libcoines-mcu_app31.a(nrfx_timer.c.o)
                0x00814470                nrfx_timer_enable
 .text.nrfx_timer_compare
                0x0081448c       0x32 ../../../..//coines-api\libcoines-mcu_app31.a(nrfx_timer.c.o)
                0x0081448c                nrfx_timer_compare
 .text.nrfx_timer_extended_compare
                0x008144be       0x2a ../../../..//coines-api\libcoines-mcu_app31.a(nrfx_timer.c.o)
                0x008144be                nrfx_timer_extended_compare
 .text.TIMER2_IRQHandler
                0x008144e8       0x14 ../../../..//coines-api\libcoines-mcu_app31.a(nrfx_timer.c.o)
                0x008144e8                TIMER2_IRQHandler
 .text.TIMER3_IRQHandler
                0x008144fc       0x14 ../../../..//coines-api\libcoines-mcu_app31.a(nrfx_timer.c.o)
                0x008144fc                TIMER3_IRQHandler
 .text.TIMER4_IRQHandler
                0x00814510       0x14 ../../../..//coines-api\libcoines-mcu_app31.a(nrfx_timer.c.o)
                0x00814510                TIMER4_IRQHandler
 .text.nrf_twim_event_clear
                0x00814524       0x10 ../../../..//coines-api\libcoines-mcu_app31.a(nrfx_twim.c.o)
 .text.twim_irq_handler
                0x00814534      0x124 ../../../..//coines-api\libcoines-mcu_app31.a(nrfx_twim.c.o)
 .text.nrfx_twim_0_irq_handler
                0x00814658       0x10 ../../../..//coines-api\libcoines-mcu_app31.a(nrfx_twim.c.o)
                0x00814658                nrfx_twim_0_irq_handler
 .text.SPIM1_SPIS1_TWIM1_TWIS1_SPI1_TWI1_IRQHandler
                0x00814668       0x10 ../../../..//coines-api\libcoines-mcu_app31.a(nrfx_twim.c.o)
                0x00814668                SPIM1_SPIS1_TWIM1_TWIS1_SPI1_TWI1_IRQHandler
 .text.nrfx_twim_init
                0x00814678      0x118 ../../../..//coines-api\libcoines-mcu_app31.a(nrfx_twim.c.o)
                0x00814678                nrfx_twim_init
 .text.nrfx_twim_enable
                0x00814790       0x20 ../../../..//coines-api\libcoines-mcu_app31.a(nrfx_twim.c.o)
                0x00814790                nrfx_twim_enable
 .text.nrfx_twim_disable
                0x008147b0       0x38 ../../../..//coines-api\libcoines-mcu_app31.a(nrfx_twim.c.o)
                0x008147b0                nrfx_twim_disable
 .text.nrfx_twim_uninit
                0x008147e8       0x94 ../../../..//coines-api\libcoines-mcu_app31.a(nrfx_twim.c.o)
                0x008147e8                nrfx_twim_uninit
 .text.nrfx_twim_is_busy
                0x0081487c       0x14 ../../../..//coines-api\libcoines-mcu_app31.a(nrfx_twim.c.o)
                0x0081487c                nrfx_twim_is_busy
 .text.nrfx_twim_xfer
                0x00814890      0x278 ../../../..//coines-api\libcoines-mcu_app31.a(nrfx_twim.c.o)
                0x00814890                nrfx_twim_xfer
 .text.I2S_IRQHandler
                0x00814b08      0x110 ../../../..//coines-api\libcoines-mcu_app31.a(nrfx_i2s.c.o)
                0x00814b08                I2S_IRQHandler
 .text.SPIM0_SPIS0_TWIM0_TWIS0_SPI0_TWI0_IRQHandler
                0x00814c18        0xc ../../../..//coines-api\libcoines-mcu_app31.a(nrfx_prs.c.o)
                0x00814c18                SPIM0_SPIS0_TWIM0_TWIS0_SPI0_TWI0_IRQHandler
 .text.UARTE0_UART0_IRQHandler
                0x00814c24        0xc ../../../..//coines-api\libcoines-mcu_app31.a(nrfx_prs.c.o)
                0x00814c24                UARTE0_UART0_IRQHandler
 .text.nrfx_prs_acquire
                0x00814c30       0x54 ../../../..//coines-api\libcoines-mcu_app31.a(nrfx_prs.c.o)
                0x00814c30                nrfx_prs_acquire
 .text.nrfx_prs_release
                0x00814c84       0x2c ../../../..//coines-api\libcoines-mcu_app31.a(nrfx_prs.c.o)
                0x00814c84                nrfx_prs_release
 .text.nrf_saadc_event_clear
                0x00814cb0       0x18 ../../../..//coines-api\libcoines-mcu_app31.a(nrfx_saadc.c.o)
 .text.SAADC_IRQHandler
                0x00814cc8      0x154 ../../../..//coines-api\libcoines-mcu_app31.a(nrfx_saadc.c.o)
                0x00814cc8                SAADC_IRQHandler
 .text.class_event_handler
                0x00814e1c        0x6 ../../../..//coines-api\libcoines-mcu_app31.a(app_usbd.c.o)
 *fill*         0x00814e22        0x2 
 .text.user_event_state_proc
                0x00814e24       0x10 ../../../..//coines-api\libcoines-mcu_app31.a(app_usbd.c.o)
 .text.app_usbd_ep_conf_access
                0x00814e34       0x1c ../../../..//coines-api\libcoines-mcu_app31.a(app_usbd.c.o)
 .text.app_usbd_ep_instance_set
                0x00814e50       0x12 ../../../..//coines-api\libcoines-mcu_app31.a(app_usbd.c.o)
 *fill*         0x00814e62        0x2 
 .text.app_usbd_event_add
                0x00814e64       0x30 ../../../..//coines-api\libcoines-mcu_app31.a(app_usbd.c.o)
 .text.app_usbd_power_event_handler
                0x00814e94       0x28 ../../../..//coines-api\libcoines-mcu_app31.a(app_usbd.c.o)
 .text.app_usbd_event_handler
                0x00814ebc        0x4 ../../../..//coines-api\libcoines-mcu_app31.a(app_usbd.c.o)
 .text.app_usbd_hfclk_ready
                0x00814ec0        0xc ../../../..//coines-api\libcoines-mcu_app31.a(app_usbd.c.o)
 .text.app_usbd_core_handler_call.isra.0
                0x00814ecc       0x10 ../../../..//coines-api\libcoines-mcu_app31.a(app_usbd.c.o)
 .text.sustate_set
                0x00814edc       0x80 ../../../..//coines-api\libcoines-mcu_app31.a(app_usbd.c.o)
 .text.app_usbd_class_descriptor_find
                0x00814f5c       0xa8 ../../../..//coines-api\libcoines-mcu_app31.a(app_usbd.c.o)
                0x00814f5c                app_usbd_class_descriptor_find
 .text.app_usbd_init
                0x00815004       0xd8 ../../../..//coines-api\libcoines-mcu_app31.a(app_usbd.c.o)
                0x00815004                app_usbd_init
 .text.app_usbd_power_events_enable
                0x008150dc       0x30 ../../../..//coines-api\libcoines-mcu_app31.a(app_usbd.c.o)
                0x008150dc                app_usbd_power_events_enable
 .text.app_usbd_enable
                0x0081510c        0x4 ../../../..//coines-api\libcoines-mcu_app31.a(app_usbd.c.o)
                0x0081510c                app_usbd_enable
 .text.app_usbd_disable
                0x00815110        0x4 ../../../..//coines-api\libcoines-mcu_app31.a(app_usbd.c.o)
                0x00815110                app_usbd_disable
 .text.app_usbd_start
                0x00815114       0x20 ../../../..//coines-api\libcoines-mcu_app31.a(app_usbd.c.o)
                0x00815114                app_usbd_start
 .text.app_usbd_stop
                0x00815134       0x14 ../../../..//coines-api\libcoines-mcu_app31.a(app_usbd.c.o)
                0x00815134                app_usbd_stop
 .text.app_usbd_class_append
                0x00815148       0x9c ../../../..//coines-api\libcoines-mcu_app31.a(app_usbd.c.o)
                0x00815148                app_usbd_class_append
 .text.app_usbd_class_rwu_enabled_check
                0x008151e4       0x10 ../../../..//coines-api\libcoines-mcu_app31.a(app_usbd.c.o)
                0x008151e4                app_usbd_class_rwu_enabled_check
 .text.app_usbd_ep_enable
                0x008151f4       0x1c ../../../..//coines-api\libcoines-mcu_app31.a(app_usbd.c.o)
                0x008151f4                app_usbd_ep_enable
 .text.app_usbd_ep_disable
                0x00815210        0x4 ../../../..//coines-api\libcoines-mcu_app31.a(app_usbd.c.o)
                0x00815210                app_usbd_ep_disable
 .text.app_usbd_class_first_get
                0x00815214        0xc ../../../..//coines-api\libcoines-mcu_app31.a(app_usbd.c.o)
                0x00815214                app_usbd_class_first_get
 .text.app_usbd_iface_find
                0x00815220       0x30 ../../../..//coines-api\libcoines-mcu_app31.a(app_usbd.c.o)
                0x00815220                app_usbd_iface_find
 .text.app_usbd_iface_call
                0x00815250        0x6 ../../../..//coines-api\libcoines-mcu_app31.a(app_usbd.c.o)
                0x00815250                app_usbd_iface_call
 .text.app_usbd_ep_call
                0x00815256       0x1e ../../../..//coines-api\libcoines-mcu_app31.a(app_usbd.c.o)
                0x00815256                app_usbd_ep_call
 .text.app_usbd_all_call
                0x00815274       0x1c ../../../..//coines-api\libcoines-mcu_app31.a(app_usbd.c.o)
                0x00815274                app_usbd_all_call
 .text.app_usbd_all_until_served_call
                0x00815290       0x24 ../../../..//coines-api\libcoines-mcu_app31.a(app_usbd.c.o)
                0x00815290                app_usbd_all_until_served_call
 .text.app_usbd_ep_transfer
                0x008152b4       0x2c ../../../..//coines-api\libcoines-mcu_app31.a(app_usbd.c.o)
                0x008152b4                app_usbd_ep_transfer
 .text.app_usbd_ep_handled_transfer
                0x008152e0       0x2c ../../../..//coines-api\libcoines-mcu_app31.a(app_usbd.c.o)
                0x008152e0                app_usbd_ep_handled_transfer
 .text.app_usbd_iface_select
                0x0081530c       0x54 ../../../..//coines-api\libcoines-mcu_app31.a(app_usbd.c.o)
                0x0081530c                app_usbd_iface_select
 .text.app_usbd_iface_deselect
                0x00815360       0x48 ../../../..//coines-api\libcoines-mcu_app31.a(app_usbd.c.o)
                0x00815360                app_usbd_iface_deselect
 .text.app_usbd_iface_selection_get
                0x008153a8        0xc ../../../..//coines-api\libcoines-mcu_app31.a(app_usbd.c.o)
                0x008153a8                app_usbd_iface_selection_get
 .text.app_usbd_all_iface_select_0
                0x008153b4       0x28 ../../../..//coines-api\libcoines-mcu_app31.a(app_usbd.c.o)
                0x008153b4                app_usbd_all_iface_select_0
 .text.app_usbd_all_iface_deselect
                0x008153dc       0x28 ../../../..//coines-api\libcoines-mcu_app31.a(app_usbd.c.o)
                0x008153dc                app_usbd_all_iface_deselect
 .text.app_usbd_event_execute
                0x00815404      0x248 ../../../..//coines-api\libcoines-mcu_app31.a(app_usbd.c.o)
                0x00815404                app_usbd_event_execute
 .text.user_event_handler
                0x0081564c        0x8 ../../../..//coines-api\libcoines-mcu_app31.a(app_usbd_cdc_acm.c.o)
 .text.cdc_acm_reset_port
                0x00815654       0x1a ../../../..//coines-api\libcoines-mcu_app31.a(app_usbd_cdc_acm.c.o)
 .text.cdc_acm_consumer
                0x0081566e       0x30 ../../../..//coines-api\libcoines-mcu_app31.a(app_usbd_cdc_acm.c.o)
 .text.cdc_acm_req_out_data_cb
                0x0081569e       0x22 ../../../..//coines-api\libcoines-mcu_app31.a(app_usbd_cdc_acm.c.o)
 .text.cdc_acm_feed_descriptors
                0x008156c0      0x680 ../../../..//coines-api\libcoines-mcu_app31.a(app_usbd_cdc_acm.c.o)
 .text.data_ep_out_addr_get
                0x00815d40       0x24 ../../../..//coines-api\libcoines-mcu_app31.a(app_usbd_cdc_acm.c.o)
 .text.cdc_acm_event_handler
                0x00815d64      0x2a0 ../../../..//coines-api\libcoines-mcu_app31.a(app_usbd_cdc_acm.c.o)
 .text.app_usbd_cdc_acm_write
                0x00816004       0x42 ../../../..//coines-api\libcoines-mcu_app31.a(app_usbd_cdc_acm.c.o)
                0x00816004                app_usbd_cdc_acm_write
 *fill*         0x00816046        0x2 
 .text.app_usbd_cdc_acm_read
                0x00816048       0xb4 ../../../..//coines-api\libcoines-mcu_app31.a(app_usbd_cdc_acm.c.o)
                0x00816048                app_usbd_cdc_acm_read
 .text.setup_data_handler_empty
                0x008160fc        0x4 ../../../..//coines-api\libcoines-mcu_app31.a(app_usbd_core.c.o)
 .text.usbd_descriptor_conf_feeder
                0x00816100       0xf4 ../../../..//coines-api\libcoines-mcu_app31.a(app_usbd_core.c.o)
 .text.usbd_core_state_set
                0x008161f4       0x30 ../../../..//coines-api\libcoines-mcu_app31.a(app_usbd_core.c.o)
 .text.app_usbd_core_ep0_enable
                0x00816224       0x12 ../../../..//coines-api\libcoines-mcu_app31.a(app_usbd_core.c.o)
                0x00816224                app_usbd_core_ep0_enable
 .text.app_usbd_core_ep0_disable
                0x00816236       0x12 ../../../..//coines-api\libcoines-mcu_app31.a(app_usbd_core.c.o)
                0x00816236                app_usbd_core_ep0_disable
 .text.app_usbd_core_setup_data_handler_set
                0x00816248       0x24 ../../../..//coines-api\libcoines-mcu_app31.a(app_usbd_core.c.o)
                0x00816248                app_usbd_core_setup_data_handler_set
 .text.app_usbd_core_setup_rsp
                0x0081626c       0x68 ../../../..//coines-api\libcoines-mcu_app31.a(app_usbd_core.c.o)
                0x0081626c                app_usbd_core_setup_rsp
 .text.app_usbd_core_event_handler
                0x008162d4      0x45c ../../../..//coines-api\libcoines-mcu_app31.a(app_usbd_core.c.o)
 .text.app_usbd_core_setup_transfer_buff_get
                0x00816730       0x10 ../../../..//coines-api\libcoines-mcu_app31.a(app_usbd_core.c.o)
                0x00816730                app_usbd_core_setup_transfer_buff_get
 .text.app_usbd_serial_num_generate
                0x00816740       0x50 ../../../..//coines-api\libcoines-mcu_app31.a(app_usbd_serial_num.c.o)
                0x00816740                app_usbd_serial_num_generate
 .text.app_usbd_prepare_string.constprop.0
                0x00816790       0x40 ../../../..//coines-api\libcoines-mcu_app31.a(app_usbd_string_desc.c.o)
 .text.app_usbd_string_desc_get
                0x008167d0       0x28 ../../../..//coines-api\libcoines-mcu_app31.a(app_usbd_string_desc.c.o)
                0x008167d0                app_usbd_string_desc_get
 .text.app_util_critical_region_enter
                0x008167f8       0x48 ../../../..//coines-api\libcoines-mcu_app31.a(app_util_platform.c.o)
                0x008167f8                app_util_critical_region_enter
 .text.app_util_critical_region_exit
                0x00816840       0x2c ../../../..//coines-api\libcoines-mcu_app31.a(app_util_platform.c.o)
                0x00816840                app_util_critical_region_exit
 .text.app_error_handler_bare
                0x0081686c       0x1a ../../../..//coines-api\libcoines-mcu_app31.a(app_error.c.o)
                0x0081686c                app_error_handler_bare
 *fill*         0x00816886        0x2 
 .text.app_error_fault_handler
                0x00816888       0x30 ../../../..//coines-api\libcoines-mcu_app31.a(app_error_weak.c.o)
                0x00816888                app_error_fault_handler
 .text.HardFault_Handler
                0x008168b8       0x34 ../../../..//coines-api\libcoines-mcu_app31.a(hardfault_handler_gcc.c.o)
                0x008168b8                HardFault_Handler
 .text.HardFault_process
                0x008168ec       0x24 ../../../..//coines-api\libcoines-mcu_app31.a(hardfault_implementation.c.o)
                0x008168ec                HardFault_process
 .text.HardFault_c_handler
                0x00816910       0x14 ../../../..//coines-api\libcoines-mcu_app31.a(hardfault_implementation.c.o)
                0x00816910                HardFault_c_handler
 .text.nrf_atomic_u32_fetch_or
                0x00816924       0x18 ../../../..//coines-api\libcoines-mcu_app31.a(nrf_atomic.c.o)
                0x00816924                nrf_atomic_u32_fetch_or
 .text.nrf_atomic_u32_or
                0x0081693c       0x18 ../../../..//coines-api\libcoines-mcu_app31.a(nrf_atomic.c.o)
                0x0081693c                nrf_atomic_u32_or
 .text.nrf_atomic_u32_fetch_and
                0x00816954       0x18 ../../../..//coines-api\libcoines-mcu_app31.a(nrf_atomic.c.o)
                0x00816954                nrf_atomic_u32_fetch_and
 .text.nrf_atomic_u32_and
                0x0081696c       0x18 ../../../..//coines-api\libcoines-mcu_app31.a(nrf_atomic.c.o)
                0x0081696c                nrf_atomic_u32_and
 .text.nrf_atomic_flag_set_fetch
                0x00816984        0x6 ../../../..//coines-api\libcoines-mcu_app31.a(nrf_atomic.c.o)
                0x00816984                nrf_atomic_flag_set_fetch
 .text.nrf_atomic_flag_clear_fetch
                0x0081698a        0x6 ../../../..//coines-api\libcoines-mcu_app31.a(nrf_atomic.c.o)
                0x0081698a                nrf_atomic_flag_clear_fetch
 .text.nrf_atomic_flag_clear
                0x00816990        0x6 ../../../..//coines-api\libcoines-mcu_app31.a(nrf_atomic.c.o)
                0x00816990                nrf_atomic_flag_clear
 .text.sd_softdevice_enable
                0x00816996        0x4 ../../../..//coines-api\libcoines-mcu_app31.a(nrf_sdh.c.o)
 *fill*         0x0081699a        0x2 
 .text.sdh_request_observer_notify
                0x0081699c       0x30 ../../../..//coines-api\libcoines-mcu_app31.a(nrf_sdh.c.o)
 .text.sdh_state_observer_notify
                0x008169cc       0x28 ../../../..//coines-api\libcoines-mcu_app31.a(nrf_sdh.c.o)
 .text.softdevices_evt_irq_enable
                0x008169f4       0x38 ../../../..//coines-api\libcoines-mcu_app31.a(nrf_sdh.c.o)
 .text.nrf_sdh_enable_request
                0x00816a2c       0x7c ../../../..//coines-api\libcoines-mcu_app31.a(nrf_sdh.c.o)
                0x00816a2c                nrf_sdh_enable_request
 .text.nrf_sdh_is_enabled
                0x00816aa8        0xc ../../../..//coines-api\libcoines-mcu_app31.a(nrf_sdh.c.o)
                0x00816aa8                nrf_sdh_is_enabled
 .text.nrf_sdh_evts_poll
                0x00816ab4       0x28 ../../../..//coines-api\libcoines-mcu_app31.a(nrf_sdh.c.o)
                0x00816ab4                nrf_sdh_evts_poll
 .text.SWI2_EGU2_IRQHandler
                0x00816adc        0x4 ../../../..//coines-api\libcoines-mcu_app31.a(nrf_sdh.c.o)
                0x00816adc                SWI2_EGU2_IRQHandler
 .text.sd_ble_enable
                0x00816ae0        0x4 ../../../..//coines-api\libcoines-mcu_app31.a(nrf_sdh_ble.c.o)
 .text.sd_ble_cfg_set
                0x00816ae4        0x4 ../../../..//coines-api\libcoines-mcu_app31.a(nrf_sdh_ble.c.o)
 .text.sd_ble_evt_get
                0x00816ae8        0x4 ../../../..//coines-api\libcoines-mcu_app31.a(nrf_sdh_ble.c.o)
 .text.nrf_sdh_ble_evts_poll.part.0
                0x00816aec       0x54 ../../../..//coines-api\libcoines-mcu_app31.a(nrf_sdh_ble.c.o)
 .text.nrf_sdh_ble_evts_poll
                0x00816b40       0x10 ../../../..//coines-api\libcoines-mcu_app31.a(nrf_sdh_ble.c.o)
 .text.nrf_sdh_ble_default_cfg_set
                0x00816b50       0xa8 ../../../..//coines-api\libcoines-mcu_app31.a(nrf_sdh_ble.c.o)
                0x00816b50                nrf_sdh_ble_default_cfg_set
 .text.nrf_sdh_ble_enable
                0x00816bf8       0x14 ../../../..//coines-api\libcoines-mcu_app31.a(nrf_sdh_ble.c.o)
                0x00816bf8                nrf_sdh_ble_enable
 .text.sd_evt_get
                0x00816c0c        0x4 ../../../..//coines-api\libcoines-mcu_app31.a(nrf_sdh_soc.c.o)
 .text.nrf_sdh_soc_evts_poll
                0x00816c10       0x40 ../../../..//coines-api\libcoines-mcu_app31.a(nrf_sdh_soc.c.o)
 .text.sd_ble_gap_addr_get
                0x00816c50        0x4 ../../../..//coines-api\libcoines-mcu_app31.a(ble_advdata.c.o)
 .text.sd_ble_gap_appearance_get
                0x00816c54        0x4 ../../../..//coines-api\libcoines-mcu_app31.a(ble_advdata.c.o)
 .text.sd_ble_gap_device_name_get
                0x00816c58        0x4 ../../../..//coines-api\libcoines-mcu_app31.a(ble_advdata.c.o)
 .text.sd_ble_uuid_encode
                0x00816c5c        0x4 ../../../..//coines-api\libcoines-mcu_app31.a(ble_advdata.c.o)
 .text.uuid_list_sized_encode
                0x00816c60       0xac ../../../..//coines-api\libcoines-mcu_app31.a(ble_advdata.c.o)
 .text.uuid_list_encode
                0x00816d0c       0x38 ../../../..//coines-api\libcoines-mcu_app31.a(ble_advdata.c.o)
 .text.ble_advdata_encode
                0x00816d44      0x394 ../../../..//coines-api\libcoines-mcu_app31.a(ble_advdata.c.o)
                0x00816d44                ble_advdata_encode
 .text.ble_advdata_search
                0x008170d8       0x38 ../../../..//coines-api\libcoines-mcu_app31.a(ble_advdata.c.o)
                0x008170d8                ble_advdata_search
 .text.ble_advdata_parse
                0x00817110       0x20 ../../../..//coines-api\libcoines-mcu_app31.a(ble_advdata.c.o)
                0x00817110                ble_advdata_parse
 .text.sd_ble_gap_data_length_update
                0x00817130        0x4 ../../../..//coines-api\libcoines-mcu_app31.a(nrf_ble_gatt.c.o)
 .text.sd_ble_gattc_exchange_mtu_request
                0x00817134        0x4 ../../../..//coines-api\libcoines-mcu_app31.a(nrf_ble_gatt.c.o)
 .text.sd_ble_gatts_exchange_mtu_reply
                0x00817138        0x4 ../../../..//coines-api\libcoines-mcu_app31.a(nrf_ble_gatt.c.o)
 .text.data_length_update
                0x0081713c       0x28 ../../../..//coines-api\libcoines-mcu_app31.a(nrf_ble_gatt.c.o)
 .text.nrf_ble_gatt_init
                0x00817164       0x28 ../../../..//coines-api\libcoines-mcu_app31.a(nrf_ble_gatt.c.o)
                0x00817164                nrf_ble_gatt_init
 .text.nrf_ble_gatt_att_mtu_periph_set
                0x0081718c       0x18 ../../../..//coines-api\libcoines-mcu_app31.a(nrf_ble_gatt.c.o)
                0x0081718c                nrf_ble_gatt_att_mtu_periph_set
 .text.nrf_ble_gatt_on_ble_evt
                0x008171a4      0x138 ../../../..//coines-api\libcoines-mcu_app31.a(nrf_ble_gatt.c.o)
                0x008171a4                nrf_ble_gatt_on_ble_evt
 .text.nrf_section_iter_init
                0x008172dc       0x14 ../../../..//coines-api\libcoines-mcu_app31.a(nrf_section_iter.c.o)
                0x008172dc                nrf_section_iter_init
 .text.nrf_section_iter_next
                0x008172f0       0x18 ../../../..//coines-api\libcoines-mcu_app31.a(nrf_section_iter.c.o)
                0x008172f0                nrf_section_iter_next
 .text.sd_ble_gap_addr_get
                0x00817308        0x4 ../../../..//coines-api\libcoines-mcu_app31.a(ble_service.c.o)
 .text.sd_ble_gap_disconnect
                0x0081730c        0x4 ../../../..//coines-api\libcoines-mcu_app31.a(ble_service.c.o)
 .text.sd_ble_gap_tx_power_set
                0x00817310        0x4 ../../../..//coines-api\libcoines-mcu_app31.a(ble_service.c.o)
 .text.sd_ble_gap_ppcp_set
                0x00817314        0x4 ../../../..//coines-api\libcoines-mcu_app31.a(ble_service.c.o)
 .text.sd_ble_gap_device_name_set
                0x00817318        0x4 ../../../..//coines-api\libcoines-mcu_app31.a(ble_service.c.o)
 .text.sd_ble_gap_sec_params_reply
                0x0081731c        0x4 ../../../..//coines-api\libcoines-mcu_app31.a(ble_service.c.o)
 .text.sd_ble_gap_phy_update
                0x00817320        0x4 ../../../..//coines-api\libcoines-mcu_app31.a(ble_service.c.o)
 .text.sd_ble_gatts_service_add
                0x00817324        0x4 ../../../..//coines-api\libcoines-mcu_app31.a(ble_service.c.o)
 .text.sd_ble_gatts_characteristic_add
                0x00817328        0x4 ../../../..//coines-api\libcoines-mcu_app31.a(ble_service.c.o)
 .text.sd_ble_gatts_rw_authorize_reply
                0x0081732c        0x4 ../../../..//coines-api\libcoines-mcu_app31.a(ble_service.c.o)
 .text.sd_ble_gatts_sys_attr_set
                0x00817330        0x4 ../../../..//coines-api\libcoines-mcu_app31.a(ble_service.c.o)
 .text.sd_ble_uuid_vs_add
                0x00817334        0x4 ../../../..//coines-api\libcoines-mcu_app31.a(ble_service.c.o)
 .text.battery_level_meas_timeout_handler
                0x00817338        0xc ../../../..//coines-api\libcoines-mcu_app31.a(ble_service.c.o)
 .text.ble_ess_evt_handler
                0x00817344        0x2 ../../../..//coines-api\libcoines-mcu_app31.a(ble_service.c.o)
 .text.on_conn_params_evt
                0x00817346        0x2 ../../../..//coines-api\libcoines-mcu_app31.a(ble_service.c.o)
 .text.on_adv_evt
                0x00817348        0x2 ../../../..//coines-api\libcoines-mcu_app31.a(ble_service.c.o)
 .text.nrf_qwr_error_handler
                0x0081734a        0x4 ../../../..//coines-api\libcoines-mcu_app31.a(ble_service.c.o)
 *fill*         0x0081734e        0x2 
 .text.ble_evt_handler
                0x00817350       0xac ../../../..//coines-api\libcoines-mcu_app31.a(ble_service.c.o)
 .text.ble_bas_evt_handler
                0x008173fc       0x4c ../../../..//coines-api\libcoines-mcu_app31.a(ble_service.c.o)
 .text.nus_data_handler
                0x00817448       0x60 ../../../..//coines-api\libcoines-mcu_app31.a(ble_service.c.o)
 .text.ble_ess_on_ble_evt
                0x008174a8       0xe8 ../../../..//coines-api\libcoines-mcu_app31.a(ble_service.c.o)
 .text.gatt_evt_handler
                0x00817590       0x34 ../../../..//coines-api\libcoines-mcu_app31.a(ble_service.c.o)
                0x00817590                gatt_evt_handler
 .text.conn_params_error_handler
                0x008175c4        0x4 ../../../..//coines-api\libcoines-mcu_app31.a(ble_service.c.o)
 .text.gatt_init
                0x008175c8       0x2c ../../../..//coines-api\libcoines-mcu_app31.a(ble_service.c.o)
                0x008175c8                gatt_init
 .text.ble_service_init
                0x008175f4      0x338 ../../../..//coines-api\libcoines-mcu_app31.a(ble_service.c.o)
                0x008175f4                ble_service_init
 .text.ble_service_nus_write
                0x0081792c       0x4c ../../../..//coines-api\libcoines-mcu_app31.a(ble_service.c.o)
                0x0081792c                ble_service_nus_write
 .text.ble_service_nus_read
                0x00817978       0x38 ../../../..//coines-api\libcoines-mcu_app31.a(ble_service.c.o)
                0x00817978                ble_service_nus_read
 .text.ble_service_battery_level_update
                0x008179b0       0x1c ../../../..//coines-api\libcoines-mcu_app31.a(ble_service.c.o)
                0x008179b0                ble_service_battery_level_update
 .text.null_ptr_check
                0x008179cc       0x20 ../../../..//coines-api\libcoines-mcu_app31.a(bq25120.c.o)
 .text.bq_get_ldo_voltage
                0x008179ec       0x32 ../../../..//coines-api\libcoines-mcu_app31.a(bq25120.c.o)
                0x008179ec                bq_get_ldo_voltage
 .text.bq_write_reg
                0x00817a1e       0x32 ../../../..//coines-api\libcoines-mcu_app31.a(bq25120.c.o)
                0x00817a1e                bq_write_reg
 .text.bq_set_charge_current
                0x00817a50       0x46 ../../../..//coines-api\libcoines-mcu_app31.a(bq25120.c.o)
                0x00817a50                bq_set_charge_current
 .text.bq_set_faults_mask
                0x00817a96       0x46 ../../../..//coines-api\libcoines-mcu_app31.a(bq25120.c.o)
                0x00817a96                bq_set_faults_mask
 .text.bq_set_ts_ctrl_fault_mask
                0x00817adc       0x50 ../../../..//coines-api\libcoines-mcu_app31.a(bq25120.c.o)
                0x00817adc                bq_set_ts_ctrl_fault_mask
 .text.bq_set_term_precharge_current
                0x00817b2c       0x40 ../../../..//coines-api\libcoines-mcu_app31.a(bq25120.c.o)
                0x00817b2c                bq_set_term_precharge_current
 .text.bq_set_battery_charge_volt
                0x00817b6c       0x28 ../../../..//coines-api\libcoines-mcu_app31.a(bq25120.c.o)
                0x00817b6c                bq_set_battery_charge_volt
 .text.bq_set_sys_vout
                0x00817b94       0x40 ../../../..//coines-api\libcoines-mcu_app31.a(bq25120.c.o)
                0x00817b94                bq_set_sys_vout
 .text.bq_set_load_ldo
                0x00817bd4       0x40 ../../../..//coines-api\libcoines-mcu_app31.a(bq25120.c.o)
                0x00817bd4                bq_set_load_ldo
 .text.bq_set_push_button
                0x00817c14       0x50 ../../../..//coines-api\libcoines-mcu_app31.a(bq25120.c.o)
                0x00817c14                bq_set_push_button
 .text.bq_set_ilim_bat_uvlo
                0x00817c64       0x3c ../../../..//coines-api\libcoines-mcu_app31.a(bq25120.c.o)
                0x00817c64                bq_set_ilim_bat_uvlo
 .text.bq_read_reg
                0x00817ca0       0x36 ../../../..//coines-api\libcoines-mcu_app31.a(bq25120.c.o)
                0x00817ca0                bq_read_reg
 .text.bq_set_mode_config
                0x00817cd6       0x46 ../../../..//coines-api\libcoines-mcu_app31.a(bq25120.c.o)
                0x00817cd6                bq_set_mode_config
 .text.bq_device_reset
                0x00817d1c       0x3c ../../../..//coines-api\libcoines-mcu_app31.a(bq25120.c.o)
                0x00817d1c                bq_device_reset
 .text.bq_init  0x00817d58      0x116 ../../../..//coines-api\libcoines-mcu_app31.a(bq25120.c.o)
                0x00817d58                bq_init
 .text.bq_get_load_ldo
                0x00817e6e       0x2a ../../../..//coines-api\libcoines-mcu_app31.a(bq25120.c.o)
                0x00817e6e                bq_get_load_ldo
 .text.bq_ack_push_button_events
                0x00817e98       0x34 ../../../..//coines-api\libcoines-mcu_app31.a(bq25120.c.o)
                0x00817e98                bq_ack_push_button_events
 .text.bq_delay_ms
                0x00817ecc       0x1c ../../../..//coines-api\libcoines-mcu_app31.a(bq25120.c.o)
                0x00817ecc                bq_delay_ms
 .text.bq_cd_set
                0x00817ee8       0x1e ../../../..//coines-api\libcoines-mcu_app31.a(bq25120.c.o)
                0x00817ee8                bq_cd_set
 .text.bq_get_faults
                0x00817f06       0xd2 ../../../..//coines-api\libcoines-mcu_app31.a(bq25120.c.o)
                0x00817f06                bq_get_faults
 .text.bq_get_battery_voltage
                0x00817fd8       0xb8 ../../../..//coines-api\libcoines-mcu_app31.a(bq25120.c.o)
                0x00817fd8                bq_get_battery_voltage
 .text.bq_charge_enable
                0x00818090      0x104 ../../../..//coines-api\libcoines-mcu_app31.a(bq25120.c.o)
                0x00818090                bq_charge_enable
 .text.bq_charge_disable
                0x00818194       0x58 ../../../..//coines-api\libcoines-mcu_app31.a(bq25120.c.o)
                0x00818194                bq_charge_disable
 .text.common_i2c_init
                0x008181ec       0x14 ../../../..//coines-api\libcoines-mcu_app31.a(i2c_common.c.o)
                0x008181ec                common_i2c_init
 .text.common_i2c_write
                0x00818200       0x20 ../../../..//coines-api\libcoines-mcu_app31.a(i2c_common.c.o)
                0x00818200                common_i2c_write
 .text.common_i2c_read
                0x00818220       0x20 ../../../..//coines-api\libcoines-mcu_app31.a(i2c_common.c.o)
                0x00818220                common_i2c_read
 .text.common_delay_ms
                0x00818240        0x4 ../../../..//coines-api\libcoines-mcu_app31.a(i2c_common.c.o)
                0x00818240                common_delay_ms
 .text.common_pmic_cd_init
                0x00818244       0x10 ../../../..//coines-api\libcoines-mcu_app31.a(i2c_common.c.o)
                0x00818244                common_pmic_cd_init
 .text.common_pmic_cd_set
                0x00818254       0x18 ../../../..//coines-api\libcoines-mcu_app31.a(i2c_common.c.o)
                0x00818254                common_pmic_cd_set
 .text.sd_ble_gatts_service_add
                0x0081826c        0x4 ../../../..//coines-api\libcoines-mcu_app31.a(ble_nus.c.o)
 .text.sd_ble_gatts_value_get
                0x00818270        0x4 ../../../..//coines-api\libcoines-mcu_app31.a(ble_nus.c.o)
 .text.sd_ble_gatts_hvx
                0x00818274        0x4 ../../../..//coines-api\libcoines-mcu_app31.a(ble_nus.c.o)
 .text.sd_ble_uuid_vs_add
                0x00818278        0x4 ../../../..//coines-api\libcoines-mcu_app31.a(ble_nus.c.o)
 .text.ble_nus_on_ble_evt
                0x0081827c      0x116 ../../../..//coines-api\libcoines-mcu_app31.a(ble_nus.c.o)
                0x0081827c                ble_nus_on_ble_evt
 *fill*         0x00818392        0x2 
 .text.ble_nus_init
                0x00818394       0xf4 ../../../..//coines-api\libcoines-mcu_app31.a(ble_nus.c.o)
                0x00818394                ble_nus_init
 .text.ble_nus_data_send
                0x00818488       0x64 ../../../..//coines-api\libcoines-mcu_app31.a(ble_nus.c.o)
                0x00818488                ble_nus_data_send
 .text.sd_ble_gatts_service_add
                0x008184ec        0x4 ../../../..//coines-api\libcoines-mcu_app31.a(ble_bas.c.o)
 .text.sd_ble_gatts_value_set
                0x008184f0        0x4 ../../../..//coines-api\libcoines-mcu_app31.a(ble_bas.c.o)
 .text.sd_ble_gatts_hvx
                0x008184f4        0x4 ../../../..//coines-api\libcoines-mcu_app31.a(ble_bas.c.o)
 .text.ble_bas_on_ble_evt
                0x008184f8       0x46 ../../../..//coines-api\libcoines-mcu_app31.a(ble_bas.c.o)
                0x008184f8                ble_bas_on_ble_evt
 .text.ble_bas_init
                0x0081853e       0xe8 ../../../..//coines-api\libcoines-mcu_app31.a(ble_bas.c.o)
                0x0081853e                ble_bas_init
 .text.ble_bas_battery_level_update
                0x00818626       0xc6 ../../../..//coines-api\libcoines-mcu_app31.a(ble_bas.c.o)
                0x00818626                ble_bas_battery_level_update
 .text.blcm_link_ctx_get
                0x008186ec       0x4e ../../../..//coines-api\libcoines-mcu_app31.a(ble_link_ctx_manager.c.o)
                0x008186ec                blcm_link_ctx_get
 .text.conn_handle_list_get
                0x0081873a       0x2e ../../../..//coines-api\libcoines-mcu_app31.a(ble_conn_state.c.o)
                0x0081873a                conn_handle_list_get
 .text.ble_evt_handler
                0x00818768       0xe0 ../../../..//coines-api\libcoines-mcu_app31.a(ble_conn_state.c.o)
 .text.ble_conn_state_valid
                0x00818848       0x14 ../../../..//coines-api\libcoines-mcu_app31.a(ble_conn_state.c.o)
                0x00818848                ble_conn_state_valid
 .text.ble_conn_state_status
                0x0081885c       0x24 ../../../..//coines-api\libcoines-mcu_app31.a(ble_conn_state.c.o)
                0x0081885c                ble_conn_state_status
 .text.ble_conn_state_conn_handles
                0x00818880       0x14 ../../../..//coines-api\libcoines-mcu_app31.a(ble_conn_state.c.o)
                0x00818880                ble_conn_state_conn_handles
 .text.ble_conn_state_conn_idx
                0x00818894       0x12 ../../../..//coines-api\libcoines-mcu_app31.a(ble_conn_state.c.o)
                0x00818894                ble_conn_state_conn_idx
 .text.sd_ble_gatts_characteristic_add
                0x008188a6        0x4 ../../../..//coines-api\libcoines-mcu_app31.a(ble_srv_common.c.o)
 .text.sd_ble_gatts_descriptor_add
                0x008188aa        0x4 ../../../..//coines-api\libcoines-mcu_app31.a(ble_srv_common.c.o)
 .text.set_security_req
                0x008188ae       0x2a ../../../..//coines-api\libcoines-mcu_app31.a(ble_srv_common.c.o)
 .text.ble_srv_is_notification_enabled
                0x008188d8        0x8 ../../../..//coines-api\libcoines-mcu_app31.a(ble_srv_common.c.o)
                0x008188d8                ble_srv_is_notification_enabled
 .text.ble_srv_report_ref_encode
                0x008188e0        0xc ../../../..//coines-api\libcoines-mcu_app31.a(ble_srv_common.c.o)
                0x008188e0                ble_srv_report_ref_encode
 .text.characteristic_add
                0x008188ec      0x148 ../../../..//coines-api\libcoines-mcu_app31.a(ble_srv_common.c.o)
                0x008188ec                characteristic_add
 .text.descriptor_add
                0x00818a34       0x94 ../../../..//coines-api\libcoines-mcu_app31.a(ble_srv_common.c.o)
                0x00818a34                descriptor_add
 .text.sd_ble_gap_conn_param_update
                0x00818ac8        0x4 ../../../..//coines-api\libcoines-mcu_app31.a(ble_conn_params.c.o)
 .text.sd_ble_gap_disconnect
                0x00818acc        0x4 ../../../..//coines-api\libcoines-mcu_app31.a(ble_conn_params.c.o)
 .text.sd_ble_gap_ppcp_set
                0x00818ad0        0x4 ../../../..//coines-api\libcoines-mcu_app31.a(ble_conn_params.c.o)
 .text.sd_ble_gap_ppcp_get
                0x00818ad4        0x4 ../../../..//coines-api\libcoines-mcu_app31.a(ble_conn_params.c.o)
 .text.instance_get
                0x00818ad8       0x14 ../../../..//coines-api\libcoines-mcu_app31.a(ble_conn_params.c.o)
 .text.send_error_evt
                0x00818aec       0x10 ../../../..//coines-api\libcoines-mcu_app31.a(ble_conn_params.c.o)
 .text.update_timeout_handler
                0x00818afc       0x70 ../../../..//coines-api\libcoines-mcu_app31.a(ble_conn_params.c.o)
 .text.conn_params_negotiation
                0x00818b6c       0x48 ../../../..//coines-api\libcoines-mcu_app31.a(ble_conn_params.c.o)
 .text.is_conn_params_ok.constprop.0
                0x00818bb4       0x32 ../../../..//coines-api\libcoines-mcu_app31.a(ble_conn_params.c.o)
 *fill*         0x00818be6        0x2 
 .text.ble_evt_handler
                0x00818be8       0xe0 ../../../..//coines-api\libcoines-mcu_app31.a(ble_conn_params.c.o)
 .text.ble_conn_params_init
                0x00818cc8       0x74 ../../../..//coines-api\libcoines-mcu_app31.a(ble_conn_params.c.o)
                0x00818cc8                ble_conn_params_init
 .text.nrf_atflags_set
                0x00818d3c       0x12 ../../../..//coines-api\libcoines-mcu_app31.a(nrf_atflags.c.o)
                0x00818d3c                nrf_atflags_set
 .text.nrf_atflags_clear
                0x00818d4e       0x14 ../../../..//coines-api\libcoines-mcu_app31.a(nrf_atflags.c.o)
                0x00818d4e                nrf_atflags_clear
 .text.nrf_atflags_get
                0x00818d62       0x12 ../../../..//coines-api\libcoines-mcu_app31.a(nrf_atflags.c.o)
                0x00818d62                nrf_atflags_get
 .text.sd_ble_gatts_rw_authorize_reply
                0x00818d74        0x4 ../../../..//coines-api\libcoines-mcu_app31.a(nrf_ble_qwr.c.o)
 .text.sd_ble_user_mem_reply
                0x00818d78        0x4 ../../../..//coines-api\libcoines-mcu_app31.a(nrf_ble_qwr.c.o)
 .text.user_mem_reply.part.0
                0x00818d7c       0x24 ../../../..//coines-api\libcoines-mcu_app31.a(nrf_ble_qwr.c.o)
 .text.nrf_ble_qwr_init
                0x00818da0       0x24 ../../../..//coines-api\libcoines-mcu_app31.a(nrf_ble_qwr.c.o)
                0x00818da0                nrf_ble_qwr_init
 .text.nrf_ble_qwr_conn_handle_assign
                0x00818dc4       0x16 ../../../..//coines-api\libcoines-mcu_app31.a(nrf_ble_qwr.c.o)
                0x00818dc4                nrf_ble_qwr_conn_handle_assign
 .text.nrf_ble_qwr_on_ble_evt
                0x00818dda       0xa6 ../../../..//coines-api\libcoines-mcu_app31.a(nrf_ble_qwr.c.o)
                0x00818dda                nrf_ble_qwr_on_ble_evt
 .text.sd_ble_gap_adv_set_configure
                0x00818e80        0x4 ../../../..//coines-api\libcoines-mcu_app31.a(ble_advertising.c.o)
 .text.sd_ble_gap_adv_start
                0x00818e84        0x4 ../../../..//coines-api\libcoines-mcu_app31.a(ble_advertising.c.o)
 .text.flags_set
                0x00818e88       0x2c ../../../..//coines-api\libcoines-mcu_app31.a(ble_advertising.c.o)
 .text.ble_advertising_conn_cfg_tag_set
                0x00818eb4        0x6 ../../../..//coines-api\libcoines-mcu_app31.a(ble_advertising.c.o)
                0x00818eb4                ble_advertising_conn_cfg_tag_set
 .text.ble_advertising_init
                0x00818eba       0xea ../../../..//coines-api\libcoines-mcu_app31.a(ble_advertising.c.o)
                0x00818eba                ble_advertising_init
 .text.ble_advertising_start
                0x00818fa4      0x21c ../../../..//coines-api\libcoines-mcu_app31.a(ble_advertising.c.o)
                0x00818fa4                ble_advertising_start
 .text.ble_advertising_on_ble_evt
                0x008191c0       0x6a ../../../..//coines-api\libcoines-mcu_app31.a(ble_advertising.c.o)
                0x008191c0                ble_advertising_on_ble_evt
 .text.ble_advertising_on_sys_evt
                0x0081922a        0x2 ../../../..//coines-api\libcoines-mcu_app31.a(ble_advertising.c.o)
                0x0081922a                ble_advertising_on_sys_evt
 .text.nrf_ringbuf_init
                0x0081922c       0x12 ../../../..//coines-api\libcoines-mcu_app31.a(nrf_ringbuf.c.o)
                0x0081922c                nrf_ringbuf_init
 .text.nrf_ringbuf_cpy_put
                0x0081923e       0x7a ../../../..//coines-api\libcoines-mcu_app31.a(nrf_ringbuf.c.o)
                0x0081923e                nrf_ringbuf_cpy_put
 .text.nrf_ringbuf_cpy_get
                0x008192b8       0x7a ../../../..//coines-api\libcoines-mcu_app31.a(nrf_ringbuf.c.o)
                0x008192b8                nrf_ringbuf_cpy_get
 .text.POWER_CLOCK_IRQHandler
                0x00819332        0xe ../../../..//coines-api\libcoines-mcu_app31.a(nrfx_power_clock.c.o)
                0x00819332                POWER_CLOCK_IRQHandler
 .text.nrf_usbd_task_trigger
                0x00819340       0x16 ../../../..//coines-api\libcoines-mcu_app31.a(nrf_drv_usbd.c.o)
 *fill*         0x00819356        0x2 
 .text.nrf_usbd_ep_is_stall
                0x00819358       0x34 ../../../..//coines-api\libcoines-mcu_app31.a(nrf_drv_usbd.c.o)
 .text.nrf_usbd_epout_size_get
                0x0081938c       0x28 ../../../..//coines-api\libcoines-mcu_app31.a(nrf_drv_usbd.c.o)
 .text.nrf_drv_usbd_errata_type_52840_eng_a
                0x008193b4       0x1a ../../../..//coines-api\libcoines-mcu_app31.a(nrf_drv_usbd.c.o)
 .text.nrf_drv_usbd_errata_187
                0x008193ce       0x26 ../../../..//coines-api\libcoines-mcu_app31.a(nrf_drv_usbd.c.o)
 .text.nrf_drv_usbd_consumer
                0x008193f4       0x2e ../../../..//coines-api\libcoines-mcu_app31.a(nrf_drv_usbd.c.o)
                0x008193f4                nrf_drv_usbd_consumer
 .text.nrf_drv_usbd_feeder_ram
                0x00819422       0x22 ../../../..//coines-api\libcoines-mcu_app31.a(nrf_drv_usbd.c.o)
                0x00819422                nrf_drv_usbd_feeder_ram
 .text.nrf_drv_usbd_feeder_ram_zlp
                0x00819444       0x2a ../../../..//coines-api\libcoines-mcu_app31.a(nrf_drv_usbd.c.o)
                0x00819444                nrf_drv_usbd_feeder_ram_zlp
 *fill*         0x0081946e        0x2 
 .text.ep_state_access
                0x00819470       0x1c ../../../..//coines-api\libcoines-mcu_app31.a(nrf_drv_usbd.c.o)
 .text.ep2bit   0x0081948c       0x12 ../../../..//coines-api\libcoines-mcu_app31.a(nrf_drv_usbd.c.o)
 *fill*         0x0081949e        0x2 
 .text.usbd_dma_pending_clear
                0x008194a0       0x18 ../../../..//coines-api\libcoines-mcu_app31.a(nrf_drv_usbd.c.o)
 .text.ev_usbreset_handler
                0x008194b8       0x34 ../../../..//coines-api\libcoines-mcu_app31.a(nrf_drv_usbd.c.o)
 .text.ev_started_handler
                0x008194ec        0x2 ../../../..//coines-api\libcoines-mcu_app31.a(nrf_drv_usbd.c.o)
 *fill*         0x008194ee        0x2 
 .text.usbd_ep_data_handler
                0x008194f0       0x58 ../../../..//coines-api\libcoines-mcu_app31.a(nrf_drv_usbd.c.o)
 .text.ev_setup_data_handler
                0x00819548       0x1c ../../../..//coines-api\libcoines-mcu_app31.a(nrf_drv_usbd.c.o)
 .text.ev_usbevent_handler
                0x00819564       0xa0 ../../../..//coines-api\libcoines-mcu_app31.a(nrf_drv_usbd.c.o)
 .text.nrf_drv_usbd_feeder_flash
                0x00819604       0x38 ../../../..//coines-api\libcoines-mcu_app31.a(nrf_drv_usbd.c.o)
                0x00819604                nrf_drv_usbd_feeder_flash
 .text.nrf_drv_usbd_feeder_flash_zlp
                0x0081963c       0x40 ../../../..//coines-api\libcoines-mcu_app31.a(nrf_drv_usbd.c.o)
                0x0081963c                nrf_drv_usbd_feeder_flash_zlp
 .text.ev_dma_epin0_handler
                0x0081967c       0x30 ../../../..//coines-api\libcoines-mcu_app31.a(nrf_drv_usbd.c.o)
 .text.nrf_usbd_epin_dma_handler
                0x008196ac       0x34 ../../../..//coines-api\libcoines-mcu_app31.a(nrf_drv_usbd.c.o)
 .text.ev_dma_epin7_handler
                0x008196e0        0x6 ../../../..//coines-api\libcoines-mcu_app31.a(nrf_drv_usbd.c.o)
 .text.ev_dma_epin6_handler
                0x008196e6        0x6 ../../../..//coines-api\libcoines-mcu_app31.a(nrf_drv_usbd.c.o)
 .text.ev_dma_epin5_handler
                0x008196ec        0x6 ../../../..//coines-api\libcoines-mcu_app31.a(nrf_drv_usbd.c.o)
 .text.ev_dma_epin4_handler
                0x008196f2        0x6 ../../../..//coines-api\libcoines-mcu_app31.a(nrf_drv_usbd.c.o)
 .text.ev_dma_epin3_handler
                0x008196f8        0x6 ../../../..//coines-api\libcoines-mcu_app31.a(nrf_drv_usbd.c.o)
 .text.ev_dma_epin2_handler
                0x008196fe        0x6 ../../../..//coines-api\libcoines-mcu_app31.a(nrf_drv_usbd.c.o)
 .text.ev_dma_epin1_handler
                0x00819704        0x6 ../../../..//coines-api\libcoines-mcu_app31.a(nrf_drv_usbd.c.o)
 *fill*         0x0081970a        0x2 
 .text.ev_sof_handler
                0x0081970c       0x44 ../../../..//coines-api\libcoines-mcu_app31.a(nrf_drv_usbd.c.o)
 .text.ev_dma_epin8_handler
                0x00819750       0x58 ../../../..//coines-api\libcoines-mcu_app31.a(nrf_drv_usbd.c.o)
 .text.ev_dma_epout8_handler
                0x008197a8       0x48 ../../../..//coines-api\libcoines-mcu_app31.a(nrf_drv_usbd.c.o)
 .text.usbd_dmareq_process
                0x008197f0      0x1ec ../../../..//coines-api\libcoines-mcu_app31.a(nrf_drv_usbd.c.o)
 .text.nrf_usbd_epout_dma_handler
                0x008199dc       0x68 ../../../..//coines-api\libcoines-mcu_app31.a(nrf_drv_usbd.c.o)
 .text.ev_dma_epout7_handler
                0x00819a44        0x6 ../../../..//coines-api\libcoines-mcu_app31.a(nrf_drv_usbd.c.o)
 .text.ev_dma_epout6_handler
                0x00819a4a        0x6 ../../../..//coines-api\libcoines-mcu_app31.a(nrf_drv_usbd.c.o)
 .text.ev_dma_epout5_handler
                0x00819a50        0x6 ../../../..//coines-api\libcoines-mcu_app31.a(nrf_drv_usbd.c.o)
 .text.ev_dma_epout4_handler
                0x00819a56        0x6 ../../../..//coines-api\libcoines-mcu_app31.a(nrf_drv_usbd.c.o)
 .text.ev_dma_epout3_handler
                0x00819a5c        0x6 ../../../..//coines-api\libcoines-mcu_app31.a(nrf_drv_usbd.c.o)
 .text.ev_dma_epout2_handler
                0x00819a62        0x6 ../../../..//coines-api\libcoines-mcu_app31.a(nrf_drv_usbd.c.o)
 .text.ev_dma_epout1_handler
                0x00819a68        0x6 ../../../..//coines-api\libcoines-mcu_app31.a(nrf_drv_usbd.c.o)
 *fill*         0x00819a6e        0x2 
 .text.ev_epdata_handler
                0x00819a70       0x68 ../../../..//coines-api\libcoines-mcu_app31.a(nrf_drv_usbd.c.o)
 .text.nrf_drv_usbd_uninit
                0x00819ad8       0x20 ../../../..//coines-api\libcoines-mcu_app31.a(nrf_drv_usbd.c.o)
                0x00819ad8                nrf_drv_usbd_uninit
 .text.nrf_drv_usbd_enable
                0x00819af8      0x140 ../../../..//coines-api\libcoines-mcu_app31.a(nrf_drv_usbd.c.o)
                0x00819af8                nrf_drv_usbd_enable
 .text.nrf_drv_usbd_start
                0x00819c38       0x58 ../../../..//coines-api\libcoines-mcu_app31.a(nrf_drv_usbd.c.o)
                0x00819c38                nrf_drv_usbd_start
 .text.nrf_drv_usbd_is_initialized
                0x00819c90       0x10 ../../../..//coines-api\libcoines-mcu_app31.a(nrf_drv_usbd.c.o)
                0x00819c90                nrf_drv_usbd_is_initialized
 .text.nrf_drv_usbd_is_enabled
                0x00819ca0       0x14 ../../../..//coines-api\libcoines-mcu_app31.a(nrf_drv_usbd.c.o)
                0x00819ca0                nrf_drv_usbd_is_enabled
 .text.nrf_drv_usbd_wakeup_req
                0x00819cb4       0x64 ../../../..//coines-api\libcoines-mcu_app31.a(nrf_drv_usbd.c.o)
                0x00819cb4                nrf_drv_usbd_wakeup_req
 .text.nrf_drv_usbd_suspend_irq_config
                0x00819d18       0x14 ../../../..//coines-api\libcoines-mcu_app31.a(nrf_drv_usbd.c.o)
                0x00819d18                nrf_drv_usbd_suspend_irq_config
 .text.nrf_drv_usbd_active_irq_config
                0x00819d2c       0x14 ../../../..//coines-api\libcoines-mcu_app31.a(nrf_drv_usbd.c.o)
                0x00819d2c                nrf_drv_usbd_active_irq_config
 .text.nrf_drv_usbd_force_bus_wakeup
                0x00819d40        0xc ../../../..//coines-api\libcoines-mcu_app31.a(nrf_drv_usbd.c.o)
                0x00819d40                nrf_drv_usbd_force_bus_wakeup
 .text.nrf_drv_usbd_ep_max_packet_size_set
                0x00819d4c        0xa ../../../..//coines-api\libcoines-mcu_app31.a(nrf_drv_usbd.c.o)
                0x00819d4c                nrf_drv_usbd_ep_max_packet_size_set
 *fill*         0x00819d56        0x2 
 .text.nrf_drv_usbd_init
                0x00819d58       0x88 ../../../..//coines-api\libcoines-mcu_app31.a(nrf_drv_usbd.c.o)
                0x00819d58                nrf_drv_usbd_init
 .text.nrf_drv_usbd_ep_max_packet_size_get
                0x00819de0        0xa ../../../..//coines-api\libcoines-mcu_app31.a(nrf_drv_usbd.c.o)
                0x00819de0                nrf_drv_usbd_ep_max_packet_size_get
 *fill*         0x00819dea        0x2 
 .text.nrf_drv_usbd_ep_enable_check
                0x00819dec       0x20 ../../../..//coines-api\libcoines-mcu_app31.a(nrf_drv_usbd.c.o)
                0x00819dec                nrf_drv_usbd_ep_enable_check
 .text.nrf_drv_usbd_ep_transfer
                0x00819e0c       0xf4 ../../../..//coines-api\libcoines-mcu_app31.a(nrf_drv_usbd.c.o)
                0x00819e0c                nrf_drv_usbd_ep_transfer
 .text.nrf_drv_usbd_ep_handled_transfer
                0x00819f00       0x8c ../../../..//coines-api\libcoines-mcu_app31.a(nrf_drv_usbd.c.o)
                0x00819f00                nrf_drv_usbd_ep_handled_transfer
 .text.nrf_drv_usbd_feeder_buffer_get
                0x00819f8c        0x8 ../../../..//coines-api\libcoines-mcu_app31.a(nrf_drv_usbd.c.o)
                0x00819f8c                nrf_drv_usbd_feeder_buffer_get
 .text.nrf_drv_usbd_ep_stall
                0x00819f94       0x18 ../../../..//coines-api\libcoines-mcu_app31.a(nrf_drv_usbd.c.o)
                0x00819f94                nrf_drv_usbd_ep_stall
 .text.nrf_drv_usbd_ep_stall_check
                0x00819fac        0x4 ../../../..//coines-api\libcoines-mcu_app31.a(nrf_drv_usbd.c.o)
                0x00819fac                nrf_drv_usbd_ep_stall_check
 .text.nrf_drv_usbd_ep_dtoggle_clear
                0x00819fb0       0x20 ../../../..//coines-api\libcoines-mcu_app31.a(nrf_drv_usbd.c.o)
                0x00819fb0                nrf_drv_usbd_ep_dtoggle_clear
 .text.nrf_drv_usbd_setup_get
                0x00819fd0       0x44 ../../../..//coines-api\libcoines-mcu_app31.a(nrf_drv_usbd.c.o)
                0x00819fd0                nrf_drv_usbd_setup_get
 .text.nrf_drv_usbd_setup_data_clear
                0x0081a014       0x2a ../../../..//coines-api\libcoines-mcu_app31.a(nrf_drv_usbd.c.o)
                0x0081a014                nrf_drv_usbd_setup_data_clear
 *fill*         0x0081a03e        0x2 
 .text.ev_dma_epout0_handler
                0x0081a040       0x58 ../../../..//coines-api\libcoines-mcu_app31.a(nrf_drv_usbd.c.o)
 .text.nrf_drv_usbd_setup_clear
                0x0081a098        0x6 ../../../..//coines-api\libcoines-mcu_app31.a(nrf_drv_usbd.c.o)
                0x0081a098                nrf_drv_usbd_setup_clear
 .text.nrf_drv_usbd_setup_stall
                0x0081a09e        0x6 ../../../..//coines-api\libcoines-mcu_app31.a(nrf_drv_usbd.c.o)
                0x0081a09e                nrf_drv_usbd_setup_stall
 .text.nrf_drv_usbd_last_setup_dir_get
                0x0081a0a4        0xc ../../../..//coines-api\libcoines-mcu_app31.a(nrf_drv_usbd.c.o)
                0x0081a0a4                nrf_drv_usbd_last_setup_dir_get
 .text.nrf_drv_usbd_transfer_out_drop
                0x0081a0b0       0x90 ../../../..//coines-api\libcoines-mcu_app31.a(nrf_drv_usbd.c.o)
                0x0081a0b0                nrf_drv_usbd_transfer_out_drop
 .text.usbd_ep_abort
                0x0081a140       0xf0 ../../../..//coines-api\libcoines-mcu_app31.a(nrf_drv_usbd.c.o)
 .text.nrf_drv_usbd_ep_abort
                0x0081a230        0x4 ../../../..//coines-api\libcoines-mcu_app31.a(nrf_drv_usbd.c.o)
                0x0081a230                nrf_drv_usbd_ep_abort
 .text.ev_setup_handler
                0x0081a234       0x78 ../../../..//coines-api\libcoines-mcu_app31.a(nrf_drv_usbd.c.o)
 .text.USBD_IRQHandler
                0x0081a2ac      0x198 ../../../..//coines-api\libcoines-mcu_app31.a(nrf_drv_usbd.c.o)
                0x0081a2ac                USBD_IRQHandler
 .text.usbd_ep_abort_all
                0x0081a444       0x50 ../../../..//coines-api\libcoines-mcu_app31.a(nrf_drv_usbd.c.o)
 .text.nrf_drv_usbd_stop
                0x0081a494       0x38 ../../../..//coines-api\libcoines-mcu_app31.a(nrf_drv_usbd.c.o)
                0x0081a494                nrf_drv_usbd_stop
 .text.nrf_drv_usbd_disable
                0x0081a4cc       0x70 ../../../..//coines-api\libcoines-mcu_app31.a(nrf_drv_usbd.c.o)
                0x0081a4cc                nrf_drv_usbd_disable
 .text.nrf_drv_usbd_suspend
                0x0081a53c       0x7c ../../../..//coines-api\libcoines-mcu_app31.a(nrf_drv_usbd.c.o)
                0x0081a53c                nrf_drv_usbd_suspend
 .text.nrf_drv_usbd_ep_disable
                0x0081a5b8       0x64 ../../../..//coines-api\libcoines-mcu_app31.a(nrf_drv_usbd.c.o)
                0x0081a5b8                nrf_drv_usbd_ep_disable
 .text.nrf_drv_usbd_ep_enable
                0x0081a61c       0xac ../../../..//coines-api\libcoines-mcu_app31.a(nrf_drv_usbd.c.o)
                0x0081a61c                nrf_drv_usbd_ep_enable
 .text.nrf_drv_usbd_ep_stall_clear
                0x0081a6c8       0x28 ../../../..//coines-api\libcoines-mcu_app31.a(nrf_drv_usbd.c.o)
                0x0081a6c8                nrf_drv_usbd_ep_stall_clear
 .text.user_op_alloc
                0x0081a6f0       0x2c ../../../..//coines-api\libcoines-mcu_app31.a(app_timer.c.o)
 .text.timer_stop_op_schedule
                0x0081a71c       0x50 ../../../..//coines-api\libcoines-mcu_app31.a(app_timer.c.o)
 .text.nrfx_coredep_delay_us.part.0.constprop.0
                0x0081a76c       0x10 ../../../..//coines-api\libcoines-mcu_app31.a(app_timer.c.o)
 .text.rtc1_stop
                0x0081a77c       0x44 ../../../..//coines-api\libcoines-mcu_app31.a(app_timer.c.o)
 .text.RTC1_IRQHandler
                0x0081a7c0       0x9c ../../../..//coines-api\libcoines-mcu_app31.a(app_timer.c.o)
                0x0081a7c0                RTC1_IRQHandler
 .text.SWI0_EGU0_IRQHandler
                0x0081a85c      0x2b8 ../../../..//coines-api\libcoines-mcu_app31.a(app_timer.c.o)
                0x0081a85c                SWI0_EGU0_IRQHandler
 .text.app_timer_init
                0x0081ab14       0x60 ../../../..//coines-api\libcoines-mcu_app31.a(app_timer.c.o)
                0x0081ab14                app_timer_init
 .text.app_timer_create
                0x0081ab74       0x24 ../../../..//coines-api\libcoines-mcu_app31.a(app_timer.c.o)
                0x0081ab74                app_timer_create
 .text.app_timer_start
                0x0081ab98       0x90 ../../../..//coines-api\libcoines-mcu_app31.a(app_timer.c.o)
                0x0081ab98                app_timer_start
 .text.app_timer_stop
                0x0081ac28       0x20 ../../../..//coines-api\libcoines-mcu_app31.a(app_timer.c.o)
                0x0081ac28                app_timer_stop
 .text          0x0081ac48       0x3c ../../../..//coines-api\libcoines-mcu_app31.a(gcc_startup_nrf52840.S.o)
                0x0081ac48                Reset_Handler
                0x0081ac70                NMI_Handler
                0x0081ac74                MemoryManagement_Handler
                0x0081ac76                BusFault_Handler
                0x0081ac78                UsageFault_Handler
                0x0081ac7a                SVC_Handler
                0x0081ac7c                DebugMon_Handler
                0x0081ac7e                PendSV_Handler
                0x0081ac82                QDEC_IRQHandler
                0x0081ac82                PWM3_IRQHandler
                0x0081ac82                FPU_IRQHandler
                0x0081ac82                PDM_IRQHandler
                0x0081ac82                CRYPTOCELL_IRQHandler
                0x0081ac82                SWI4_EGU4_IRQHandler
                0x0081ac82                TIMER0_IRQHandler
                0x0081ac82                RADIO_IRQHandler
                0x0081ac82                TEMP_IRQHandler
                0x0081ac82                PWM2_IRQHandler