Archive member included to satisfy reference by file (symbol)

../../../..//coines-api\libcoines-mcu_app31.a(coines_common.c.o)
                              (--whole-archive)
../../../..//coines-api\libcoines-mcu_app31.a(mcu_app3x_support.c.o)
                              (--whole-archive)
../../../..//coines-api\libcoines-mcu_app31.a(mcu_app3x_interface.c.o)
                              (--whole-archive)
../../../..//coines-api\libcoines-mcu_app31.a(mcu_app3x.c.o)
                              (--whole-archive)
../../../..//coines-api\libcoines-mcu_app31.a(mcu_app3x_stream.c.o)
                              (--whole-archive)
../../../..//coines-api\libcoines-mcu_app31.a(ds28e05.c.o)
                              (--whole-archive)
../../../..//coines-api\libcoines-mcu_app31.a(app30_eeprom.c.o)
                              (--whole-archive)
../../../..//coines-api\libcoines-mcu_app31.a(w25_common.c.o)
                              (--whole-archive)
../../../..//coines-api\libcoines-mcu_app31.a(w25m02gw.c.o)
                              (--whole-archive)
../../../..//coines-api\libcoines-mcu_app31.a(w25n01gw.c.o)
                              (--whole-archive)
../../../..//coines-api\libcoines-mcu_app31.a(w25n02jw.c.o)
                              (--whole-archive)
../../../..//coines-api\libcoines-mcu_app31.a(w25n02kw.c.o)
                              (--whole-archive)
../../../..//coines-api\libcoines-mcu_app31.a(mqueue.c.o)
                              (--whole-archive)
../../../..//coines-api\libcoines-mcu_app31.a(uart_common.c.o)
                              (--whole-archive)
../../../..//coines-api\libcoines-mcu_app31.a(flogfs.c.o)
                              (--whole-archive)
../../../..//coines-api\libcoines-mcu_app31.a(system_nrf52840.c.o)
                              (--whole-archive)
../../../..//coines-api\libcoines-mcu_app31.a(nrf_drv_clock.c.o)
                              (--whole-archive)
../../../..//coines-api\libcoines-mcu_app31.a(nrf_drv_power.c.o)
                              (--whole-archive)
../../../..//coines-api\libcoines-mcu_app31.a(nrf_drv_uart.c.o)
                              (--whole-archive)
../../../..//coines-api\libcoines-mcu_app31.a(nrfx_rtc.c.o)
                              (--whole-archive)
../../../..//coines-api\libcoines-mcu_app31.a(nrfx_clock.c.o)
                              (--whole-archive)
../../../..//coines-api\libcoines-mcu_app31.a(nrfx_gpiote.c.o)
                              (--whole-archive)
../../../..//coines-api\libcoines-mcu_app31.a(nrfx_power.c.o)
                              (--whole-archive)
../../../..//coines-api\libcoines-mcu_app31.a(nrfx_spim.c.o)
                              (--whole-archive)
../../../..//coines-api\libcoines-mcu_app31.a(nrfx_systick.c.o)
                              (--whole-archive)
../../../..//coines-api\libcoines-mcu_app31.a(nrfx_timer.c.o)
                              (--whole-archive)
../../../..//coines-api\libcoines-mcu_app31.a(nrfx_twim.c.o)
                              (--whole-archive)
../../../..//coines-api\libcoines-mcu_app31.a(nrfx_i2s.c.o)
                              (--whole-archive)
../../../..//coines-api\libcoines-mcu_app31.a(nrfx_ppi.c.o)
                              (--whole-archive)
../../../..//coines-api\libcoines-mcu_app31.a(nrfx_prs.c.o)
                              (--whole-archive)
../../../..//coines-api\libcoines-mcu_app31.a(nrfx_saadc.c.o)
                              (--whole-archive)
../../../..//coines-api\libcoines-mcu_app31.a(nrfx_uart.c.o)
                              (--whole-archive)
../../../..//coines-api\libcoines-mcu_app31.a(nrfx_uarte.c.o)
                              (--whole-archive)
../../../..//coines-api\libcoines-mcu_app31.a(nrf_nvmc.c.o)
                              (--whole-archive)
../../../..//coines-api\libcoines-mcu_app31.a(app_usbd.c.o)
                              (--whole-archive)
../../../..//coines-api\libcoines-mcu_app31.a(app_usbd_cdc_acm.c.o)
                              (--whole-archive)
../../../..//coines-api\libcoines-mcu_app31.a(app_usbd_core.c.o)
                              (--whole-archive)
../../../..//coines-api\libcoines-mcu_app31.a(app_usbd_serial_num.c.o)
                              (--whole-archive)
../../../..//coines-api\libcoines-mcu_app31.a(app_usbd_string_desc.c.o)
                              (--whole-archive)
../../../..//coines-api\libcoines-mcu_app31.a(app_util_platform.c.o)
                              (--whole-archive)
../../../..//coines-api\libcoines-mcu_app31.a(app_error.c.o)
                              (--whole-archive)
../../../..//coines-api\libcoines-mcu_app31.a(app_error_handler_gcc.c.o)
                              (--whole-archive)
../../../..//coines-api\libcoines-mcu_app31.a(app_error_weak.c.o)
                              (--whole-archive)
[...]
Memory Configuration

Name             Origin             Length             Attributes
FLASH            0x00810000         0x0002fff0         xr
RAM              0x20003000         0x0000d000         xrw
*default*        0x00000000         0xffffffff

Linker script and memory map

LOAD c:/program files (x86)/gnu arm embedded toolchain/10 2020-q4-major/bin/../lib/gcc/arm-none-eabi/10.2.1/thumb/v7e-m+fp/hard/crti.o
LOAD c:/program files (x86)/gnu arm embedded toolchain/10 2020-q4-major/bin/../lib/gcc/arm-none-eabi/10.2.1/thumb/v7e-m+fp/hard/crtbegin.o
LOAD c:/program files (x86)/gnu arm embedded toolchain/10 2020-q4-major/bin/../lib/gcc/arm-none-eabi/10.2.1/../../../../arm-none-eabi/lib/thumb/v7e-m+fp/hard/crt0.o
START GROUP
END GROUP
LOAD ../../../..//coines-api\libcoines-mcu_app31.a
LOAD build/MCU_APP31/scan_chip_id.c.o
LOAD c:/program files (x86)/gnu arm embedded toolchain/10 2020-q4-major/bin/../lib/gcc/arm-none-eabi/10.2.1/../../../../arm-none-eabi/lib/thumb/v7e-m+fp/hard\libstdc++_nano.a
LOAD c:/program files (x86)/gnu arm embedded toolchain/10 2020-q4-major/bin/../lib/gcc/arm-none-eabi/10.2.1/../../../../arm-none-eabi/lib/thumb/v7e-m+fp/hard\libm.a
START GROUP
LOAD c:/program files (x86)/gnu arm embedded toolchain/10 2020-q4-major/bin/../lib/gcc/arm-none-eabi/10.2.1/thumb/v7e-m+fp/hard\libgcc.a
LOAD c:/program files (x86)/gnu arm embedded toolchain/10 2020-q4-major/bin/../lib/gcc/arm-none-eabi/10.2.1/../../../../arm-none-eabi/lib/thumb/v7e-m+fp/hard\libc_nano.a
END GROUP
START GROUP
LOAD c:/program files (x86)/gnu arm embedded toolchain/10 2020-q4-major/bin/../lib/gcc/arm-none-eabi/10.2.1/thumb/v7e-m+fp/hard\libgcc.a
LOAD c:/program files (x86)/gnu arm embedded toolchain/10 2020-q4-major/bin/../lib/gcc/arm-none-eabi/10.2.1/../../../../arm-none-eabi/lib/thumb/v7e-m+fp/hard\libc_nano.a
END GROUP
LOAD c:/program files (x86)/gnu arm embedded toolchain/10 2020-q4-major/bin/../lib/gcc/arm-none-eabi/10.2.1/thumb/v7e-m+fp/hard/crtend.o
LOAD c:/program files (x86)/gnu arm embedded toolchain/10 2020-q4-major/bin/../lib/gcc/arm-none-eabi/10.2.1/thumb/v7e-m+fp/hard/crtn.o
START GROUP
LOAD c:/program files (x86)/gnu arm embedded toolchain/10 2020-q4-major/bin/../lib/gcc/arm-none-eabi/10.2.1/thumb/v7e-m+fp/hard\libgcc.a
LOAD c:/program files (x86)/gnu arm embedded toolchain/10 2020-q4-major/bin/../lib/gcc/arm-none-eabi/10.2.1/../../../../arm-none-eabi/lib/thumb/v7e-m+fp/hard\libc.a
LOAD c:/program files (x86)/gnu arm embedded toolchain/10 2020-q4-major/bin/../lib/gcc/arm-none-eabi/10.2.1/../../../../arm-none-eabi/lib/thumb/v7e-m+fp/hard\libnosys.a
END GROUP

.text           0x00810000     0xf46c
 *(.isr_vector)
 .isr_vector    0x00810000      0x200 ../../../..//coines-api\libcoines-mcu_app31.a(gcc_startup_nrf52840.S.o)
                0x00810000                __isr_vector
 *(.text*)
 .text          0x00810200       0x40 c:/program files (x86)/gnu arm embedded toolchain/10 2020-q4-major/bin/../lib/gcc/arm-none-eabi/10.2.1/thumb/v7e-m+fp/hard/crtbegin.o
 .text          0x00810240       0x7c c:/program files (x86)/gnu arm embedded toolchain/10 2020-q4-major/bin/../lib/gcc/arm-none-eabi/10.2.1/../../../../arm-none-eabi/lib/thumb/v7e-m+fp/hard/crt0.o
                0x00810240                _stack_init
                0x00810248                _start
                0x00810248                _mainCRTStartup
 .text.gpiohandler
                0x008102bc       0x38 ../../../..//coines-api\libcoines-mcu_app31.a(mcu_app3x_support.c.o)
 .text.rtc_handler
                0x008102f4       0x14 ../../../..//coines-api\libcoines-mcu_app31.a(mcu_app3x_support.c.o)
 .text.coines_close_comm_intf
                0x00810308        0x4 ../../../..//coines-api\libcoines-mcu_app31.a(mcu_app3x_support.c.o)
                0x00810308                coines_close_comm_intf
 .text.coines_delay_msec
                0x0081030c       0x1c ../../../..//coines-api\libcoines-mcu_app31.a(mcu_app3x_support.c.o)
                0x0081030c                coines_delay_msec
 .text.coines_soft_reset
                0x00810328       0x44 ../../../..//coines-api\libcoines-mcu_app31.a(mcu_app3x_support.c.o)
                0x00810328                coines_soft_reset
 .text.battery_level_in_percentage
                0x0081036c       0x48 ../../../..//coines-api\libcoines-mcu_app31.a(mcu_app3x_support.c.o)
                0x0081036c                battery_level_in_percentage
 .text.bat_status_read_callback
                0x008103b4       0x10 ../../../..//coines-api\libcoines-mcu_app31.a(mcu_app3x_support.c.o)
                0x008103b4                bat_status_read_callback
 .text.usbd_user_ev_handler
                0x008103c4       0x3c ../../../..//coines-api\libcoines-mcu_app31.a(mcu_app3x_support.c.o)
                0x008103c4                usbd_user_ev_handler
 .text.rtc_config
                0x00810400       0x3c ../../../..//coines-api\libcoines-mcu_app31.a(mcu_app3x_support.c.o)
                0x00810400                rtc_config
 .text.coines_timer_config
                0x0081043c       0x40 ../../../..//coines-api\libcoines-mcu_app31.a(mcu_app3x_support.c.o)
                0x0081043c                coines_timer_config
 .text.coines_timer_start
                0x0081047c       0x44 ../../../..//coines-api\libcoines-mcu_app31.a(mcu_app3x_support.c.o)
                0x0081047c                coines_timer_start
 .text.coines_attach_interrupt
                0x008104c0       0x5c ../../../..//coines-api\libcoines-mcu_app31.a(mcu_app3x_support.c.o)
                0x008104c0                coines_attach_interrupt
 .text.nrf_gpio_pin_port_decode
                0x0081051c       0x18 ../../../..//coines-api\libcoines-mcu_app31.a(mcu_app3x_interface.c.o)
 .text.coines_i2c0_event_handler
                0x00810534       0x14 ../../../..//coines-api\libcoines-mcu_app31.a(mcu_app3x_interface.c.o)
 .text.coines_i2c1_event_handler
                0x00810548       0x14 ../../../..//coines-api\libcoines-mcu_app31.a(mcu_app3x_interface.c.o)
 .text.coines_i2c_int_event_handler
                0x0081055c       0x14 ../../../..//coines-api\libcoines-mcu_app31.a(mcu_app3x_interface.c.o)
 .text.coines_i2c_bus_recover.isra.0
                0x00810570       0x60 ../../../..//coines-api\libcoines-mcu_app31.a(mcu_app3x_interface.c.o)
 .text.i2c_read
                0x008105d0       0xc0 ../../../..//coines-api\libcoines-mcu_app31.a(mcu_app3x_interface.c.o)
 .text.i2c_write
                0x00810690       0xfc ../../../..//coines-api\libcoines-mcu_app31.a(mcu_app3x_interface.c.o)
 .text.coines_is_i2c_enabled
                0x0081078c        0xc ../../../..//coines-api\libcoines-mcu_app31.a(mcu_app3x_interface.c.o)
                0x0081078c                coines_is_i2c_enabled
 .text.coines_config_i2c_bus_internal
                0x00810798      0x10c ../../../..//coines-api\libcoines-mcu_app31.a(mcu_app3x_interface.c.o)
                0x00810798                coines_config_i2c_bus_internal
 .text.coines_config_i2c_bus
                0x008108a4        0x6 ../../../..//coines-api\libcoines-mcu_app31.a(mcu_app3x_interface.c.o)
                0x008108a4                coines_config_i2c_bus
 .text.coines_write_i2c
                0x008108aa       0x14 ../../../..//coines-api\libcoines-mcu_app31.a(mcu_app3x_interface.c.o)
                0x008108aa                coines_write_i2c
 .text.coines_read_i2c
                0x008108be       0x14 ../../../..//coines-api\libcoines-mcu_app31.a(mcu_app3x_interface.c.o)
                0x008108be                coines_read_i2c
 *fill*         0x008108d2        0x2 
 .text.NVIC_SystemReset
                0x008108d4       0x24 ../../../..//coines-api\libcoines-mcu_app31.a(mcu_app3x.c.o)
 .text.timer_handler
                0x008108f8       0x14 ../../../..//coines-api\libcoines-mcu_app31.a(mcu_app3x.c.o)
 .text.read_serial_buffer
                0x0081090c       0x70 ../../../..//coines-api\libcoines-mcu_app31.a(mcu_app3x.c.o)
 .text.nrf_gpio_pin_clear
                0x0081097c       0x20 ../../../..//coines-api\libcoines-mcu_app31.a(mcu_app3x.c.o)
 .text.nrf_gpio_pin_set
                0x0081099c       0x20 ../../../..//coines-api\libcoines-mcu_app31.a(mcu_app3x.c.o)
 .text.check_com_port_connection
                0x008109bc       0x94 ../../../..//coines-api\libcoines-mcu_app31.a(mcu_app3x.c.o)
                0x008109bc                check_com_port_connection
 .text.cdc_acm_user_ev_handler
                0x00810a50       0xac ../../../..//coines-api\libcoines-mcu_app31.a(mcu_app3x.c.o)
 .text.pmic_pull_battery_level
                0x00810afc        0xc ../../../..//coines-api\libcoines-mcu_app31.a(mcu_app3x.c.o)
                0x00810afc                pmic_pull_battery_level
 .text.coines_set_pin_config
                0x00810b08       0x70 ../../../..//coines-api\libcoines-mcu_app31.a(mcu_app3x.c.o)
                0x00810b08                coines_set_pin_config
 .text.coines_get_pin_config
                0x00810b78       0x70 ../../../..//coines-api\libcoines-mcu_app31.a(mcu_app3x.c.o)
                0x00810b78                coines_get_pin_config
 .text.vin_detection_cb
                0x00810be8       0x34 ../../../..//coines-api\libcoines-mcu_app31.a(mcu_app3x.c.o)
                0x00810be8                vin_detection_cb
 .text.pmic_check_battery_and_faults
                0x00810c1c       0x50 ../../../..//coines-api\libcoines-mcu_app31.a(mcu_app3x.c.o)
                0x00810c1c                pmic_check_battery_and_faults
 *fill*         0x00810c6c        0x4 
 .text.pmic_cyclic_reading
                0x00810c70       0x88 ../../../..//coines-api\libcoines-mcu_app31.a(mcu_app3x.c.o)
                0x00810c70                pmic_cyclic_reading
 .text.power_interrupt_cb
                0x00810cf8       0x64 ../../../..//coines-api\libcoines-mcu_app31.a(mcu_app3x.c.o)
                0x00810cf8                power_interrupt_cb
 .text.SysTick_Handler
                0x00810d5c       0x10 ../../../..//coines-api\libcoines-mcu_app31.a(mcu_app3x.c.o)
                0x00810d5c                SysTick_Handler
 .text._write   0x00810d6c       0x6c ../../../..//coines-api\libcoines-mcu_app31.a(mcu_app3x.c.o)
                0x00810d6c                _write
 .text._read    0x00810dd8       0x64 ../../../..//coines-api\libcoines-mcu_app31.a(mcu_app3x.c.o)
                0x00810dd8                _read
 .text._open    0x00810e3c       0xa0 ../../../..//coines-api\libcoines-mcu_app31.a(mcu_app3x.c.o)
                0x00810e3c                _open
 .text._close   0x00810edc       0x54 ../../../..//coines-api\libcoines-mcu_app31.a(mcu_app3x.c.o)
                0x00810edc                _close
 .text._fstat   0x00810f30        0x6 ../../../..//coines-api\libcoines-mcu_app31.a(mcu_app3x.c.o)
                0x00810f30                _fstat
 .text._isatty  0x00810f36        0x6 ../../../..//coines-api\libcoines-mcu_app31.a(mcu_app3x.c.o)
                0x00810f36                _isatty
 .text._lseek   0x00810f3c        0x6 ../../../..//coines-api\libcoines-mcu_app31.a(mcu_app3x.c.o)
                0x00810f3c                _lseek
 .text._kill    0x00810f42        0x2 ../../../..//coines-api\libcoines-mcu_app31.a(mcu_app3x.c.o)
                0x00810f42                _kill
 .text._getpid  0x00810f44        0x6 ../../../..//coines-api\libcoines-mcu_app31.a(mcu_app3x.c.o)
                0x00810f44                _getpid
 *fill*         0x00810f4a        0x2 
 .text.coines_read_temp_data
                0x00810f4c       0x78 ../../../..//coines-api\libcoines-mcu_app31.a(mcu_app3x.c.o)
                0x00810f4c                coines_read_temp_data
 .text.temp_data_read_callback
                0x00810fc4       0x14 ../../../..//coines-api\libcoines-mcu_app31.a(mcu_app3x.c.o)
 .text.coines_set_led
                0x00810fd8       0x2a ../../../..//coines-api\libcoines-mcu_app31.a(mcu_app3x.c.o)
                0x00810fd8                coines_set_led
 *fill*         0x00811002        0x2 
 .text.coines_set_shuttleboard_vdd_vddio_config
                0x00811004      0x12c ../../../..//coines-api\libcoines-mcu_app31.a(mcu_app3x.c.o)
                0x00811004                coines_set_shuttleboard_vdd_vddio_config
 .text.coines_open_comm_intf
                0x00811130      0x3ec ../../../..//coines-api\libcoines-mcu_app31.a(mcu_app3x.c.o)
                0x00811130                coines_open_comm_intf
 .text.coines_get_millis
                0x0081151c        0xc ../../../..//coines-api\libcoines-mcu_app31.a(mcu_app3x.c.o)
                0x0081151c                coines_get_millis
 .text.weak_yield
                0x00811528        0x2 ../../../..//coines-api\libcoines-mcu_app31.a(mcu_app3x.c.o)
                0x00811528                coines_yield
 *fill*         0x0081152a        0x2 
 .text.ds28e05_touchbyte
                0x0081152c       0x64 ../../../..//coines-api\libcoines-mcu_app31.a(ds28e05.c.o)
 .text.ds28e05_Init
                0x00811590       0x50 ../../../..//coines-api\libcoines-mcu_app31.a(ds28e05.c.o)
                0x00811590                ds28e05_Init
 .text.TIMER1_IRQHandler
                0x008115e0       0x70 ../../../..//coines-api\libcoines-mcu_app31.a(ds28e05.c.o)
                0x008115e0                TIMER1_IRQHandler
 .text.ds28e05_reset
                0x00811650       0x48 ../../../..//coines-api\libcoines-mcu_app31.a(ds28e05.c.o)
                0x00811650                ds28e05_reset
 .text.ds28e05_writebyte
                0x00811698       0x10 ../../../..//coines-api\libcoines-mcu_app31.a(ds28e05.c.o)
                0x00811698                ds28e05_writebyte
 .text.ds28e05_readbyte
                0x008116a8        0x6 ../../../..//coines-api\libcoines-mcu_app31.a(ds28e05.c.o)
                0x008116a8                ds28e05_readbyte
 .text.app30_eeprom_init
                0x008116ae        0x4 ../../../..//coines-api\libcoines-mcu_app31.a(app30_eeprom.c.o)
                0x008116ae                app30_eeprom_init
 .text.app30_eeprom_read
                0x008116b2       0x42 ../../../..//coines-api\libcoines-mcu_app31.a(app30_eeprom.c.o)
                0x008116b2                app30_eeprom_read
 .text.w25_gpio_pin_output_set
                0x008116f4       0x2c ../../../..//coines-api\libcoines-mcu_app31.a(w25_common.c.o)
                0x008116f4                w25_gpio_pin_output_set
 .text.w25_spi_init
                0x00811720       0x2c ../../../..//coines-api\libcoines-mcu_app31.a(w25_common.c.o)
                0x00811720                w25_spi_init
 .text.w25_spi_rx_tx
                0x0081174c       0x44 ../../../..//coines-api\libcoines-mcu_app31.a(w25_common.c.o)
                0x0081174c                w25_spi_rx_tx
 .text.w25_get_manufacture_and_devid
                0x00811790       0x40 ../../../..//coines-api\libcoines-mcu_app31.a(w25_common.c.o)
                0x00811790                w25_get_manufacture_and_devid
 .text.w25_init
                0x008117d0       0xbc ../../../..//coines-api\libcoines-mcu_app31.a(w25_common.c.o)
                0x008117d0                w25_init
 .text.w25n02kw_load_sector_spare.part.0
                0x0081188c       0x24 ../../../..//coines-api\libcoines-mcu_app31.a(w25n02kw.c.o)
 .text.w25n02kw_spi_rx_tx
                0x008118b0       0x4c ../../../..//coines-api\libcoines-mcu_app31.a(w25n02kw.c.o)
                0x008118b0                w25n02kw_spi_rx_tx
 .text.w25n02kw_read_reg
                0x008118fc       0x40 ../../../..//coines-api\libcoines-mcu_app31.a(w25n02kw.c.o)
 .text.w25n02kw_block_bad
                0x0081193c        0x4 ../../../..//coines-api\libcoines-mcu_app31.a(w25n02kw.c.o)
                0x0081193c                w25n02kw_block_bad
 .text.w25n02kw_page_read
                0x00811940       0x5c ../../../..//coines-api\libcoines-mcu_app31.a(w25n02kw.c.o)
                0x00811940                w25n02kw_page_read
 .text.w25n02kw_write_reg
                0x0081199c       0x28 ../../../..//coines-api\libcoines-mcu_app31.a(w25n02kw.c.o)
                0x0081199c                w25n02kw_write_reg
 .text.w25n02kw_device_reset
                0x008119c4       0x20 ../../../..//coines-api\libcoines-mcu_app31.a(w25n02kw.c.o)
                0x008119c4                w25n02kw_device_reset
 .text.w25n02kw_read_bbm_table
                0x008119e4        0x2 ../../../..//coines-api\libcoines-mcu_app31.a(w25n02kw.c.o)
                0x008119e4                w25n02kw_read_bbm_table
 .text.w25n02kw_init_protect_reg
                0x008119e6        0x8 ../../../..//coines-api\libcoines-mcu_app31.a(w25n02kw.c.o)
                0x008119e6                w25n02kw_init_protect_reg
 .text.w25n02kw_init_config_reg
                0x008119ee       0x18 ../../../..//coines-api\libcoines-mcu_app31.a(w25n02kw.c.o)
                0x008119ee                w25n02kw_init_config_reg
 *fill*         0x00811a06        0x2 
 .text.w25n02kw_init
                0x00811a08       0x24 ../../../..//coines-api\libcoines-mcu_app31.a(w25n02kw.c.o)
                0x00811a08                w25n02kw_init
 .text.w25n02kw_read_spare
                0x00811a2c       0x7c ../../../..//coines-api\libcoines-mcu_app31.a(w25n02kw.c.o)
                0x00811a2c                w25n02kw_read_spare
 .text.is_bad_block
                0x00811aa8       0x28 ../../../..//coines-api\libcoines-mcu_app31.a(w25n02kw.c.o)
 .text.w25n02kw_read
                0x00811ad0       0xdc ../../../..//coines-api\libcoines-mcu_app31.a(w25n02kw.c.o)
                0x00811ad0                w25n02kw_read
 .text.w25n02kw_load_sector
                0x00811bac       0x38 ../../../..//coines-api\libcoines-mcu_app31.a(w25n02kw.c.o)
                0x00811bac                w25n02kw_load_sector
 .text.w25n02kw_load_sector_spare
                0x00811be4        0xc ../../../..//coines-api\libcoines-mcu_app31.a(w25n02kw.c.o)
                0x00811be4                w25n02kw_load_sector_spare
 .text.w25n02kw_write_sector_with_spare
                0x00811bf0      0x19c ../../../..//coines-api\libcoines-mcu_app31.a(w25n02kw.c.o)
                0x00811bf0                w25n02kw_write_sector_with_spare
 .text.save_mapping_table
                0x00811d8c      0x12c ../../../..//coines-api\libcoines-mcu_app31.a(w25n02kw.c.o)
 .text.w25n02kw_bbm_block_swap
                0x00811eb8      0x194 ../../../..//coines-api\libcoines-mcu_app31.a(w25n02kw.c.o)
                0x00811eb8                w25n02kw_bbm_block_swap
 .text.w25n02kw_erase_block
                0x0081204c       0xd4 ../../../..//coines-api\libcoines-mcu_app31.a(w25n02kw.c.o)
                0x0081204c                w25n02kw_erase_block
 .text.initialize_bbm_tables
                0x00812120       0xc4 ../../../..//coines-api\libcoines-mcu_app31.a(w25n02kw.c.o)
                0x00812120                initialize_bbm_tables
 .text.w25n02kw_mass_erase
                0x008121e4       0x28 ../../../..//coines-api\libcoines-mcu_app31.a(w25n02kw.c.o)
                0x008121e4                w25n02kw_mass_erase
 .text.w25n02kw_get_manufacture_and_devid
                0x0081220c       0x40 ../../../..//coines-api\libcoines-mcu_app31.a(w25n02kw.c.o)
                0x0081220c                w25n02kw_get_manufacture_and_devid
 .text.w25n02kw_get_device_init_status
                0x0081224c        0xc ../../../..//coines-api\libcoines-mcu_app31.a(w25n02kw.c.o)
                0x0081224c                w25n02kw_get_device_init_status
 .text.w25n02kw_get_memory_params
                0x00812258       0x18 ../../../..//coines-api\libcoines-mcu_app31.a(w25n02kw.c.o)
                0x00812258                w25n02kw_get_memory_params
 .text.w25n02kw_initial_bbm
                0x00812270       0x44 ../../../..//coines-api\libcoines-mcu_app31.a(w25n02kw.c.o)
                0x00812270                w25n02kw_initial_bbm
 .text.flash_erase_block
                0x008122b4       0x1c ../../../..//coines-api\libcoines-mcu_app31.a(flogfs.c.o)
 .text.flash_commit
                0x008122d0       0x28 ../../../..//coines-api\libcoines-mcu_app31.a(flogfs.c.o)
 .text.flash_write_sector
                0x008122f8       0x3c ../../../..//coines-api\libcoines-mcu_app31.a(flogfs.c.o)
 .text.flash_write_spare
                0x00812334       0x2c ../../../..//coines-api\libcoines-mcu_app31.a(flogfs.c.o)
 .text.flog_open_page
                0x00812360       0x80 ../../../..//coines-api\libcoines-mcu_app31.a(flogfs.c.o)
 .text.flog_increment_sector
                0x008123e0       0x28 ../../../..//coines-api\libcoines-mcu_app31.a(flogfs.c.o)
 .text.file_size_calculator_walk
                0x00812408       0x24 ../../../..//coines-api\libcoines-mcu_app31.a(flogfs.c.o)
                0x00812408                file_size_calculator_walk
 .text.flog_open_sector.isra.0
                0x0081242c        0x6 ../../../..//coines-api\libcoines-mcu_app31.a(flogfs.c.o)
 .text.flog_block_statistics_write
                0x00812432       0x1e ../../../..//coines-api\libcoines-mcu_app31.a(flogfs.c.o)
 .text.flash_read_spare.isra.0
                0x00812450       0x34 ../../../..//coines-api\libcoines-mcu_app31.a(flogfs.c.o)
 .text.flash_read_sector.isra.0
                0x00812484       0x34 ../../../..//coines-api\libcoines-mcu_app31.a(flogfs.c.o)
 .text.flog_universal_get_next_block
                0x008124b8       0x2c ../../../..//coines-api\libcoines-mcu_app31.a(flogfs.c.o)
 .text.flog_inode_iterator_next
                0x008124e4       0x3c ../../../..//coines-api\libcoines-mcu_app31.a(flogfs.c.o)
 .text.flog_inode_iterator_initialize
                0x00812520       0x46 ../../../..//coines-api\libcoines-mcu_app31.a(flogfs.c.o)
 *fill*         0x00812566        0x2 
 .text.flog_find_file
                0x00812568       0x8c ../../../..//coines-api\libcoines-mcu_app31.a(flogfs.c.o)
 .text.flog_block_statistics_read
                0x008125f4       0x1a ../../../..//coines-api\libcoines-mcu_app31.a(flogfs.c.o)
 *fill*         0x0081260e        0x2 
 .text.invalid_block_or_older_version
                0x00812610       0x2c ../../../..//coines-api\libcoines-mcu_app31.a(flogfs.c.o)
 .text.flog_prealloc_contains
                0x0081263c       0x44 ../../../..//coines-api\libcoines-mcu_app31.a(flogfs.c.o)
 .text.flog_prealloc_push
                0x00812680       0x50 ../../../..//coines-api\libcoines-mcu_app31.a(flogfs.c.o)
 .text.flog_prealloc_prime
                0x008126d0      0x104 ../../../..//coines-api\libcoines-mcu_app31.a(flogfs.c.o)
 .text.flog_allocate_block.isra.0
                0x008127d4       0x84 ../../../..//coines-api\libcoines-mcu_app31.a(flogfs.c.o)
 .text.flog_commit_file_sector
                0x00812858      0x150 ../../../..//coines-api\libcoines-mcu_app31.a(flogfs.c.o)
 .text.flog_flush_write
                0x008129a8       0x2c ../../../..//coines-api\libcoines-mcu_app31.a(flogfs.c.o)
 .text.flog_flush_dirty_block
                0x008129d4       0x24 ../../../..//coines-api\libcoines-mcu_app31.a(flogfs.c.o)
 .text.flogfs_read_walk_file.isra.0
                0x008129f8       0xc6 ../../../..//coines-api\libcoines-mcu_app31.a(flogfs.c.o)
 *fill*         0x00812abe        0x2 
 .text.flogfs_initialize
                0x00812ac0      0x10c ../../../..//coines-api\libcoines-mcu_app31.a(flogfs.c.o)
                0x00812ac0                flogfs_initialize
 .text.flogfs_format
                0x00812bcc       0xcc ../../../..//coines-api\libcoines-mcu_app31.a(flogfs.c.o)
                0x00812bcc                flogfs_format
 .text.flogfs_mount
                0x00812c98      0x118 ../../../..//coines-api\libcoines-mcu_app31.a(flogfs.c.o)
                0x00812c98                flogfs_mount
 .text.flogfs_open_read
                0x00812db0       0xb0 ../../../..//coines-api\libcoines-mcu_app31.a(flogfs.c.o)
                0x00812db0                flogfs_open_read
 .text.flogfs_close_read
                0x00812e60       0x28 ../../../..//coines-api\libcoines-mcu_app31.a(flogfs.c.o)
                0x00812e60                flogfs_close_read
 .text.flogfs_read
                0x00812e88      0x122 ../../../..//coines-api\libcoines-mcu_app31.a(flogfs.c.o)
                0x00812e88                flogfs_read
 .text.flogfs_write
                0x00812faa       0x5e ../../../..//coines-api\libcoines-mcu_app31.a(flogfs.c.o)
                0x00812faa                flogfs_write
 .text.flogfs_open_write
                0x00813008      0x1f8 ../../../..//coines-api\libcoines-mcu_app31.a(flogfs.c.o)
                0x00813008                flogfs_open_write
 .text.flogfs_close_write
                0x00813200       0x30 ../../../..//coines-api\libcoines-mcu_app31.a(flogfs.c.o)
                0x00813200                flogfs_close_write
 .text.errata_98
                0x00813230       0x1a ../../../..//coines-api\libcoines-mcu_app31.a(system_nrf52840.c.o)
 *fill*         0x0081324a        0x2 
 .text.SystemInit
                0x0081324c      0x144 ../../../..//coines-api\libcoines-mcu_app31.a(system_nrf52840.c.o)
                0x0081324c                SystemInit
 .text.sd_clock_hfclk_request
                0x00813390        0x4 ../../../..//coines-api\libcoines-mcu_app31.a(nrf_drv_clock.c.o)
 .text.sd_clock_hfclk_release
                0x00813394        0x4 ../../../..//coines-api\libcoines-mcu_app31.a(nrf_drv_clock.c.o)
 .text.sd_clock_hfclk_is_running
                0x00813398        0x4 ../../../..//coines-api\libcoines-mcu_app31.a(nrf_drv_clock.c.o)
 .text.clock_clk_started_notify
                0x0081339c       0x24 ../../../..//coines-api\libcoines-mcu_app31.a(nrf_drv_clock.c.o)
 .text.clock_irq_handler
                0x008133c0       0x1c ../../../..//coines-api\libcoines-mcu_app31.a(nrf_drv_clock.c.o)
 .text.soc_evt_handler
                0x008133dc       0x14 ../../../..//coines-api\libcoines-mcu_app31.a(nrf_drv_clock.c.o)
 .text.nrf_drv_clock_init
                0x008133f0       0x38 ../../../..//coines-api\libcoines-mcu_app31.a(nrf_drv_clock.c.o)
                0x008133f0                nrf_drv_clock_init
 .text.nrf_drv_clock_lfclk_request
                0x00813428       0x68 ../../../..//coines-api\libcoines-mcu_app31.a(nrf_drv_clock.c.o)
                0x00813428                nrf_drv_clock_lfclk_request
 .text.nrf_drv_clock_lfclk_release
                0x00813490       0x34 ../../../..//coines-api\libcoines-mcu_app31.a(nrf_drv_clock.c.o)
                0x00813490                nrf_drv_clock_lfclk_release
 .text.sd_state_evt_handler
                0x008134c4       0x5c ../../../..//coines-api\libcoines-mcu_app31.a(nrf_drv_clock.c.o)
 .text.nrf_drv_clock_lfclk_is_running
                0x00813520       0x16 ../../../..//coines-api\libcoines-mcu_app31.a(nrf_drv_clock.c.o)
                0x00813520                nrf_drv_clock_lfclk_is_running
 *fill*         0x00813536        0x2 
 .text.nrf_drv_clock_hfclk_request
                0x00813538       0x74 ../../../..//coines-api\libcoines-mcu_app31.a(nrf_drv_clock.c.o)
                0x00813538                nrf_drv_clock_hfclk_request
 .text.nrf_drv_clock_hfclk_release
                0x008135ac       0x44 ../../../..//coines-api\libcoines-mcu_app31.a(nrf_drv_clock.c.o)
                0x008135ac                nrf_drv_clock_hfclk_release
 .text.nrf_drv_clock_hfclk_is_running
                0x008135f0       0x32 ../../../..//coines-api\libcoines-mcu_app31.a(nrf_drv_clock.c.o)
                0x008135f0                nrf_drv_clock_hfclk_is_running
 .text.sd_power_pof_enable
                0x00813622        0x4 ../../../..//coines-api\libcoines-mcu_app31.a(nrf_drv_power.c.o)
 .text.sd_power_usbpwrrdy_enable
                0x00813626        0x4 ../../../..//coines-api\libcoines-mcu_app31.a(nrf_drv_power.c.o)
 .text.sd_power_usbdetected_enable
                0x0081362a        0x4 ../../../..//coines-api\libcoines-mcu_app31.a(nrf_drv_power.c.o)
 .text.sd_power_usbremoved_enable
                0x0081362e        0x4 ../../../..//coines-api\libcoines-mcu_app31.a(nrf_drv_power.c.o)
 .text.sd_power_usbregstatus_get
                0x00813632        0x4 ../../../..//coines-api\libcoines-mcu_app31.a(nrf_drv_power.c.o)
 .text.nrf_drv_power_sd_usbevt_enable
                0x00813636       0x1e ../../../..//coines-api\libcoines-mcu_app31.a(nrf_drv_power.c.o)
 .text.nrf_drv_power_sdh_soc_evt_handler
                0x00813654       0x34 ../../../..//coines-api\libcoines-mcu_app31.a(nrf_drv_power.c.o)
 .text.nrf_drv_power_sdh_state_evt_handler
                0x00813688       0x80 ../../../..//coines-api\libcoines-mcu_app31.a(nrf_drv_power.c.o)
 .text.nrf_drv_power_init
                0x00813708       0x34 ../../../..//coines-api\libcoines-mcu_app31.a(nrf_drv_power.c.o)
                0x00813708                nrf_drv_power_init
 .text.nrf_drv_power_usbevt_uninit
                0x0081373c       0x34 ../../../..//coines-api\libcoines-mcu_app31.a(nrf_drv_power.c.o)
                0x0081373c                nrf_drv_power_usbevt_uninit
 .text.nrf_drv_power_usbevt_init
                0x00813770       0x46 ../../../..//coines-api\libcoines-mcu_app31.a(nrf_drv_power.c.o)
                0x00813770                nrf_drv_power_usbevt_init
 .text.nrf_rtc_event_clear
                0x008137b6       0x10 ../../../..//coines-api\libcoines-mcu_app31.a(nrfx_rtc.c.o)
 *fill*         0x008137c6        0x2 
 .text.nrfx_rtc_init
                0x008137c8       0x90 ../../../..//coines-api\libcoines-mcu_app31.a(nrfx_rtc.c.o)
                0x008137c8                nrfx_rtc_init
 .text.nrfx_rtc_enable
                0x00813858       0x18 ../../../..//coines-api\libcoines-mcu_app31.a(nrfx_rtc.c.o)
                0x00813858                nrfx_rtc_enable
 .text.nrfx_rtc_overflow_enable
                0x00813870       0x20 ../../../..//coines-api\libcoines-mcu_app31.a(nrfx_rtc.c.o)
                0x00813870                nrfx_rtc_overflow_enable
 .text.RTC2_IRQHandler
                0x00813890       0x9c ../../../..//coines-api\libcoines-mcu_app31.a(nrfx_rtc.c.o)
                0x00813890                RTC2_IRQHandler
 .text.nrf_clock_event_clear
                0x0081392c       0x14 ../../../..//coines-api\libcoines-mcu_app31.a(nrfx_clock.c.o)
 .text.nrfx_clock_init
                0x00813940       0x18 ../../../..//coines-api\libcoines-mcu_app31.a(nrfx_clock.c.o)
                0x00813940                nrfx_clock_init
 .text.nrfx_clock_enable
                0x00813958       0x30 ../../../..//coines-api\libcoines-mcu_app31.a(nrfx_clock.c.o)
                0x00813958                nrfx_clock_enable
 .text.nrfx_clock_lfclk_start
                0x00813988       0x1a ../../../..//coines-api\libcoines-mcu_app31.a(nrfx_clock.c.o)
                0x00813988                nrfx_clock_lfclk_start
 .text.nrfx_clock_lfclk_stop
                0x008139a2       0x12 ../../../..//coines-api\libcoines-mcu_app31.a(nrfx_clock.c.o)
                0x008139a2                nrfx_clock_lfclk_stop
 .text.nrfx_clock_hfclk_start
                0x008139b4       0x18 ../../../..//coines-api\libcoines-mcu_app31.a(nrfx_clock.c.o)
                0x008139b4                nrfx_clock_hfclk_start
 .text.nrfx_clock_hfclk_stop
                0x008139cc       0x24 ../../../..//coines-api\libcoines-mcu_app31.a(nrfx_clock.c.o)
                0x008139cc                nrfx_clock_hfclk_stop
 .text.nrfx_clock_irq_handler
                0x008139f0       0x50 ../../../..//coines-api\libcoines-mcu_app31.a(nrfx_clock.c.o)
                0x008139f0                nrfx_clock_irq_handler
 .text.nrf_gpiote_event_clear
                0x00813a40       0x18 ../../../..//coines-api\libcoines-mcu_app31.a(nrfx_gpiote.c.o)
 .text.nrf_gpio_pin_port_decode
                0x00813a58       0x18 ../../../..//coines-api\libcoines-mcu_app31.a(nrfx_gpiote.c.o)
 .text.nrf_gpio_cfg_sense_set
                0x00813a70       0x2e ../../../..//coines-api\libcoines-mcu_app31.a(nrfx_gpiote.c.o)
 .text.nrf_bitmask_bit_set
                0x00813a9e       0x14 ../../../..//coines-api\libcoines-mcu_app31.a(nrfx_gpiote.c.o)
 *fill*         0x00813ab2        0x2 
 .text.channel_free
                0x00813ab4       0x1c ../../../..//coines-api\libcoines-mcu_app31.a(nrfx_gpiote.c.o)
 .text.nrfx_gpiote_init
                0x00813ad0       0x68 ../../../..//coines-api\libcoines-mcu_app31.a(nrfx_gpiote.c.o)
                0x00813ad0                nrfx_gpiote_init
 .text.nrfx_gpiote_in_init
                0x00813b38      0x100 ../../../..//coines-api\libcoines-mcu_app31.a(nrfx_gpiote.c.o)
                0x00813b38                nrfx_gpiote_in_init
 .text.nrfx_gpiote_in_event_enable
                0x00813c38       0x9c ../../../..//coines-api\libcoines-mcu_app31.a(nrfx_gpiote.c.o)
                0x00813c38                nrfx_gpiote_in_event_enable
 .text.GPIOTE_IRQHandler
                0x00813cd4      0x1b0 ../../../..//coines-api\libcoines-mcu_app31.a(nrfx_gpiote.c.o)
                0x00813cd4                GPIOTE_IRQHandler
 .text.nrf_power_event_get_and_clear
                0x00813e84       0x14 ../../../..//coines-api\libcoines-mcu_app31.a(nrfx_power.c.o)
 .text.nrfx_power_pof_handler_get
                0x00813e98        0xc ../../../..//coines-api\libcoines-mcu_app31.a(nrfx_power.c.o)
                0x00813e98                nrfx_power_pof_handler_get
 .text.nrfx_power_usb_handler_get
                0x00813ea4        0xc ../../../..//coines-api\libcoines-mcu_app31.a(nrfx_power.c.o)
                0x00813ea4                nrfx_power_usb_handler_get
 .text.nrfx_power_init
                0x00813eb0       0x48 ../../../..//coines-api\libcoines-mcu_app31.a(nrfx_power.c.o)
                0x00813eb0                nrfx_power_init
 .text.nrfx_power_usbevt_init
                0x00813ef8        0xc ../../../..//coines-api\libcoines-mcu_app31.a(nrfx_power.c.o)
                0x00813ef8                nrfx_power_usbevt_init
 .text.nrfx_power_usbevt_enable
                0x00813f04        0xe ../../../..//coines-api\libcoines-mcu_app31.a(nrfx_power.c.o)
                0x00813f04                nrfx_power_usbevt_enable
 .text.nrfx_power_usbevt_disable
                0x00813f12        0xe ../../../..//coines-api\libcoines-mcu_app31.a(nrfx_power.c.o)
                0x00813f12                nrfx_power_usbevt_disable
 .text.nrfx_power_usbevt_uninit
                0x00813f20        0xc ../../../..//coines-api\libcoines-mcu_app31.a(nrfx_power.c.o)
                0x00813f20                nrfx_power_usbevt_uninit
 .text.nrfx_power_irq_handler
                0x00813f2c       0xa0 ../../../..//coines-api\libcoines-mcu_app31.a(nrfx_power.c.o)
                0x00813f2c                nrfx_power_irq_handler
 .text.nrf_gpio_pin_clear
                0x00813fcc       0x20 ../../../..//coines-api\libcoines-mcu_app31.a(nrfx_spim.c.o)
 .text.nrf_gpio_pin_set
                0x00813fec       0x20 ../../../..//coines-api\libcoines-mcu_app31.a(nrfx_spim.c.o)
 .text.irq_handler
                0x0081400c       0x46 ../../../..//coines-api\libcoines-mcu_app31.a(nrfx_spim.c.o)
 *fill*         0x00814052        0x2 
 .text.nrfx_spim_0_irq_handler
                0x00814054       0x10 ../../../..//coines-api\libcoines-mcu_app31.a(nrfx_spim.c.o)
                0x00814054                nrfx_spim_0_irq_handler
 .text.SPIM2_SPIS2_SPI2_IRQHandler
                0x00814064       0x10 ../../../..//coines-api\libcoines-mcu_app31.a(nrfx_spim.c.o)
                0x00814064                SPIM2_SPIS2_SPI2_IRQHandler
 .text.SPIM3_IRQHandler
                0x00814074       0x10 ../../../..//coines-api\libcoines-mcu_app31.a(nrfx_spim.c.o)
                0x00814074                SPIM3_IRQHandler
 .text.nrfx_spim_init
                0x00814084      0x1f4 ../../../..//coines-api\libcoines-mcu_app31.a(nrfx_spim.c.o)
                0x00814084                nrfx_spim_init
 .text.nrfx_spim_xfer
                0x00814278      0x114 ../../../..//coines-api\libcoines-mcu_app31.a(nrfx_spim.c.o)
                0x00814278                nrfx_spim_xfer
 .text.irq_handler
                0x0081438c       0x4e ../../../..//coines-api\libcoines-mcu_app31.a(nrfx_timer.c.o)
 *fill*         0x008143da        0x2 
 .text.nrfx_timer_init
                0x008143dc       0xdc ../../../..//coines-api\libcoines-mcu_app31.a(nrfx_timer.c.o)
                0x008143dc                nrfx_timer_init
 .text.nrfx_timer_enable
                0x008144b8       0x1c ../../../..//coines-api\libcoines-mcu_app31.a(nrfx_timer.c.o)
                0x008144b8                nrfx_timer_enable
 .text.nrfx_timer_compare
                0x008144d4       0x32 ../../../..//coines-api\libcoines-mcu_app31.a(nrfx_timer.c.o)
                0x008144d4                nrfx_timer_compare
 .text.nrfx_timer_extended_compare
                0x00814506       0x2a ../../../..//coines-api\libcoines-mcu_app31.a(nrfx_timer.c.o)
                0x00814506                nrfx_timer_extended_compare
 .text.TIMER2_IRQHandler
                0x00814530       0x14 ../../../..//coines-api\libcoines-mcu_app31.a(nrfx_timer.c.o)
                0x00814530                TIMER2_IRQHandler
 .text.TIMER3_IRQHandler
                0x00814544       0x14 ../../../..//coines-api\libcoines-mcu_app31.a(nrfx_timer.c.o)
                0x00814544                TIMER3_IRQHandler
 .text.TIMER4_IRQHandler
                0x00814558       0x14 ../../../..//coines-api\libcoines-mcu_app31.a(nrfx_timer.c.o)
                0x00814558                TIMER4_IRQHandler
 .text.nrf_twim_event_clear
                0x0081456c       0x10 ../../../..//coines-api\libcoines-mcu_app31.a(nrfx_twim.c.o)
 .text.twim_irq_handler
                0x0081457c      0x124 ../../../..//coines-api\libcoines-mcu_app31.a(nrfx_twim.c.o)
 .text.nrfx_twim_0_irq_handler
                0x008146a0       0x10 ../../../..//coines-api\libcoines-mcu_app31.a(nrfx_twim.c.o)
                0x008146a0                nrfx_twim_0_irq_handler
 .text.SPIM1_SPIS1_TWIM1_TWIS1_SPI1_TWI1_IRQHandler
                0x008146b0       0x10 ../../../..//coines-api\libcoines-mcu_app31.a(nrfx_twim.c.o)
                0x008146b0                SPIM1_SPIS1_TWIM1_TWIS1_SPI1_TWI1_IRQHandler
 .text.nrfx_twim_init
                0x008146c0      0x118 ../../../..//coines-api\libcoines-mcu_app31.a(nrfx_twim.c.o)
                0x008146c0                nrfx_twim_init
 .text.nrfx_twim_enable
                0x008147d8       0x20 ../../../..//coines-api\libcoines-mcu_app31.a(nrfx_twim.c.o)
                0x008147d8                nrfx_twim_enable
 .text.nrfx_twim_disable
                0x008147f8       0x38 ../../../..//coines-api\libcoines-mcu_app31.a(nrfx_twim.c.o)
                0x008147f8                nrfx_twim_disable
 .text.nrfx_twim_uninit
                0x00814830       0x94 ../../../..//coines-api\libcoines-mcu_app31.a(nrfx_twim.c.o)
                0x00814830                nrfx_twim_uninit
 .text.nrfx_twim_is_busy
                0x008148c4       0x14 ../../../..//coines-api\libcoines-mcu_app31.a(nrfx_twim.c.o)
                0x008148c4                nrfx_twim_is_busy
 .text.nrfx_twim_xfer
                0x008148d8      0x278 ../../../..//coines-api\libcoines-mcu_app31.a(nrfx_twim.c.o)
                0x008148d8                nrfx_twim_xfer
 .text.I2S_IRQHandler
                0x00814b50      0x110 ../../../..//coines-api\libcoines-mcu_app31.a(nrfx_i2s.c.o)
                0x00814b50                I2S_IRQHandler
 .text.SPIM0_SPIS0_TWIM0_TWIS0_SPI0_TWI0_IRQHandler
                0x00814c60        0xc ../../../..//coines-api\libcoines-mcu_app31.a(nrfx_prs.c.o)
                0x00814c60                SPIM0_SPIS0_TWIM0_TWIS0_SPI0_TWI0_IRQHandler
 .text.UARTE0_UART0_IRQHandler
                0x00814c6c        0xc ../../../..//coines-api\libcoines-mcu_app31.a(nrfx_prs.c.o)
                0x00814c6c                UARTE0_UART0_IRQHandler
 .text.nrfx_prs_acquire
                0x00814c78       0x54 ../../../..//coines-api\libcoines-mcu_app31.a(nrfx_prs.c.o)
                0x00814c78                nrfx_prs_acquire
 .text.nrfx_prs_release
                0x00814ccc       0x2c ../../../..//coines-api\libcoines-mcu_app31.a(nrfx_prs.c.o)
                0x00814ccc                nrfx_prs_release
 .text.nrf_saadc_event_clear
                0x00814cf8       0x18 ../../../..//coines-api\libcoines-mcu_app31.a(nrfx_saadc.c.o)
 .text.SAADC_IRQHandler
                0x00814d10      0x154 ../../../..//coines-api\libcoines-mcu_app31.a(nrfx_saadc.c.o)
                0x00814d10                SAADC_IRQHandler
 .text.class_event_handler
                0x00814e64        0x6 ../../../..//coines-api\libcoines-mcu_app31.a(app_usbd.c.o)
 *fill*         0x00814e6a        0x2 
 .text.user_event_state_proc
                0x00814e6c       0x10 ../../../..//coines-api\libcoines-mcu_app31.a(app_usbd.c.o)
 .text.app_usbd_ep_conf_access
                0x00814e7c       0x1c ../../../..//coines-api\libcoines-mcu_app31.a(app_usbd.c.o)
 .text.app_usbd_ep_instance_set
                0x00814e98       0x12 ../../../..//coines-api\libcoines-mcu_app31.a(app_usbd.c.o)
 *fill*         0x00814eaa        0x2 
 .text.app_usbd_event_add
                0x00814eac       0x30 ../../../..//coines-api\libcoines-mcu_app31.a(app_usbd.c.o)
 .text.app_usbd_power_event_handler
                0x00814edc       0x28 ../../../..//coines-api\libcoines-mcu_app31.a(app_usbd.c.o)
 .text.app_usbd_event_handler
                0x00814f04        0x4 ../../../..//coines-api\libcoines-mcu_app31.a(app_usbd.c.o)
 .text.app_usbd_hfclk_ready
                0x00814f08        0xc ../../../..//coines-api\libcoines-mcu_app31.a(app_usbd.c.o)
 .text.app_usbd_core_handler_call.isra.0
                0x00814f14       0x10 ../../../..//coines-api\libcoines-mcu_app31.a(app_usbd.c.o)
 .text.sustate_set
                0x00814f24       0x80 ../../../..//coines-api\libcoines-mcu_app31.a(app_usbd.c.o)
 .text.app_usbd_class_descriptor_find
                0x00814fa4       0xa8 ../../../..//coines-api\libcoines-mcu_app31.a(app_usbd.c.o)
                0x00814fa4                app_usbd_class_descriptor_find
 .text.app_usbd_init
                0x0081504c       0xd8 ../../../..//coines-api\libcoines-mcu_app31.a(app_usbd.c.o)
                0x0081504c                app_usbd_init
 .text.app_usbd_power_events_enable
                0x00815124       0x30 ../../../..//coines-api\libcoines-mcu_app31.a(app_usbd.c.o)
                0x00815124                app_usbd_power_events_enable
 .text.app_usbd_enable
                0x00815154        0x4 ../../../..//coines-api\libcoines-mcu_app31.a(app_usbd.c.o)
                0x00815154                app_usbd_enable
 .text.app_usbd_disable
                0x00815158        0x4 ../../../..//coines-api\libcoines-mcu_app31.a(app_usbd.c.o)
                0x00815158                app_usbd_disable
 .text.app_usbd_start
                0x0081515c       0x20 ../../../..//coines-api\libcoines-mcu_app31.a(app_usbd.c.o)
                0x0081515c                app_usbd_start
 .text.app_usbd_stop
                0x0081517c       0x14 ../../../..//coines-api\libcoines-mcu_app31.a(app_usbd.c.o)
                0x0081517c                app_usbd_stop
 .text.app_usbd_class_append
                0x00815190       0x9c ../../../..//coines-api\libcoines-mcu_app31.a(app_usbd.c.o)
                0x00815190                app_usbd_class_append
 .text.app_usbd_class_rwu_enabled_check
                0x0081522c       0x10 ../../../..//coines-api\libcoines-mcu_app31.a(app_usbd.c.o)
                0x0081522c                app_usbd_class_rwu_enabled_check
 .text.app_usbd_ep_enable
                0x0081523c       0x1c ../../../..//coines-api\libcoines-mcu_app31.a(app_usbd.c.o)
                0x0081523c                app_usbd_ep_enable
 .text.app_usbd_ep_disable
                0x00815258        0x4 ../../../..//coines-api\libcoines-mcu_app31.a(app_usbd.c.o)
                0x00815258                app_usbd_ep_disable
 .text.app_usbd_class_first_get
                0x0081525c        0xc ../../../..//coines-api\libcoines-mcu_app31.a(app_usbd.c.o)
                0x0081525c                app_usbd_class_first_get
 .text.app_usbd_iface_find
                0x00815268       0x30 ../../../..//coines-api\libcoines-mcu_app31.a(app_usbd.c.o)
                0x00815268                app_usbd_iface_find
 .text.app_usbd_iface_call
                0x00815298        0x6 ../../../..//coines-api\libcoines-mcu_app31.a(app_usbd.c.o)
                0x00815298                app_usbd_iface_call
 .text.app_usbd_ep_call
                0x0081529e       0x1e ../../../..//coines-api\libcoines-mcu_app31.a(app_usbd.c.o)
                0x0081529e                app_usbd_ep_call
 .text.app_usbd_all_call
                0x008152bc       0x1c ../../../..//coines-api\libcoines-mcu_app31.a(app_usbd.c.o)
                0x008152bc                app_usbd_all_call
 .text.app_usbd_all_until_served_call
                0x008152d8       0x24 ../../../..//coines-api\libcoines-mcu_app31.a(app_usbd.c.o)
                0x008152d8                app_usbd_all_until_served_call
 .text.app_usbd_ep_transfer
                0x008152fc       0x2c ../../../..//coines-api\libcoines-mcu_app31.a(app_usbd.c.o)
                0x008152fc                app_usbd_ep_transfer
 .text.app_usbd_ep_handled_transfer
                0x00815328       0x2c ../../../..//coines-api\libcoines-mcu_app31.a(app_usbd.c.o)
                0x00815328                app_usbd_ep_handled_transfer
 .text.app_usbd_iface_select
                0x00815354       0x54 ../../../..//coines-api\libcoines-mcu_app31.a(app_usbd.c.o)
                0x00815354                app_usbd_iface_select
 .text.app_usbd_iface_deselect
                0x008153a8       0x48 ../../../..//coines-api\libcoines-mcu_app31.a(app_usbd.c.o)
                0x008153a8                app_usbd_iface_deselect
 .text.app_usbd_iface_selection_get
                0x008153f0        0xc ../../../..//coines-api\libcoines-mcu_app31.a(app_usbd.c.o)
                0x008153f0                app_usbd_iface_selection_get
 .text.app_usbd_all_iface_select_0
                0x008153fc       0x28 ../../../..//coines-api\libcoines-mcu_app31.a(app_usbd.c.o)
                0x008153fc                app_usbd_all_iface_select_0
 .text.app_usbd_all_iface_deselect
                0x00815424       0x28 ../../../..//coines-api\libcoines-mcu_app31.a(app_usbd.c.o)
                0x00815424                app_usbd_all_iface_deselect
 .text.app_usbd_event_execute
                0x0081544c      0x248 ../../../..//coines-api\libcoines-mcu_app31.a(app_usbd.c.o)
                0x0081544c                app_usbd_event_execute
 .text.user_event_handler
                0x00815694        0x8 ../../../..//coines-api\libcoines-mcu_app31.a(app_usbd_cdc_acm.c.o)
 .text.cdc_acm_reset_port
                0x0081569c       0x1a ../../../..//coines-api\libcoines-mcu_app31.a(app_usbd_cdc_acm.c.o)
 .text.cdc_acm_consumer
                0x008156b6       0x30 ../../../..//coines-api\libcoines-mcu_app31.a(app_usbd_cdc_acm.c.o)
 .text.cdc_acm_req_out_data_cb
                0x008156e6       0x22 ../../../..//coines-api\libcoines-mcu_app31.a(app_usbd_cdc_acm.c.o)
 .text.cdc_acm_feed_descriptors
                0x00815708      0x680 ../../../..//coines-api\libcoines-mcu_app31.a(app_usbd_cdc_acm.c.o)
 .text.data_ep_out_addr_get
                0x00815d88       0x24 ../../../..//coines-api\libcoines-mcu_app31.a(app_usbd_cdc_acm.c.o)
 .text.cdc_acm_event_handler
                0x00815dac      0x2a0 ../../../..//coines-api\libcoines-mcu_app31.a(app_usbd_cdc_acm.c.o)
 .text.app_usbd_cdc_acm_write
                0x0081604c       0x42 ../../../..//coines-api\libcoines-mcu_app31.a(app_usbd_cdc_acm.c.o)
                0x0081604c                app_usbd_cdc_acm_write
 *fill*         0x0081608e        0x2 
 .text.app_usbd_cdc_acm_read
                0x00816090       0xb4 ../../../..//coines-api\libcoines-mcu_app31.a(app_usbd_cdc_acm.c.o)
                0x00816090                app_usbd_cdc_acm_read
 .text.setup_data_handler_empty
                0x00816144        0x4 ../../../..//coines-api\libcoines-mcu_app31.a(app_usbd_core.c.o)
 .text.usbd_descriptor_conf_feeder
                0x00816148       0xf4 ../../../..//coines-api\libcoines-mcu_app31.a(app_usbd_core.c.o)
 .text.usbd_core_state_set
                0x0081623c       0x30 ../../../..//coines-api\libcoines-mcu_app31.a(app_usbd_core.c.o)
 .text.app_usbd_core_ep0_enable
                0x0081626c       0x12 ../../../..//coines-api\libcoines-mcu_app31.a(app_usbd_core.c.o)
                0x0081626c                app_usbd_core_ep0_enable
 .text.app_usbd_core_ep0_disable
                0x0081627e       0x12 ../../../..//coines-api\libcoines-mcu_app31.a(app_usbd_core.c.o)
                0x0081627e                app_usbd_core_ep0_disable
 .text.app_usbd_core_setup_data_handler_set
                0x00816290       0x24 ../../../..//coines-api\libcoines-mcu_app31.a(app_usbd_core.c.o)
                0x00816290                app_usbd_core_setup_data_handler_set
 .text.app_usbd_core_setup_rsp
                0x008162b4       0x68 ../../../..//coines-api\libcoines-mcu_app31.a(app_usbd_core.c.o)
                0x008162b4                app_usbd_core_setup_rsp
 .text.app_usbd_core_event_handler
                0x0081631c      0x45c ../../../..//coines-api\libcoines-mcu_app31.a(app_usbd_core.c.o)
 .text.app_usbd_core_setup_transfer_buff_get
                0x00816778       0x10 ../../../..//coines-api\libcoines-mcu_app31.a(app_usbd_core.c.o)
                0x00816778                app_usbd_core_setup_transfer_buff_get
 .text.app_usbd_serial_num_generate
                0x00816788       0x50 ../../../..//coines-api\libcoines-mcu_app31.a(app_usbd_serial_num.c.o)
                0x00816788                app_usbd_serial_num_generate
 .text.app_usbd_prepare_string.constprop.0
                0x008167d8       0x40 ../../../..//coines-api\libcoines-mcu_app31.a(app_usbd_string_desc.c.o)
 .text.app_usbd_string_desc_get
                0x00816818       0x28 ../../../..//coines-api\libcoines-mcu_app31.a(app_usbd_string_desc.c.o)
                0x00816818                app_usbd_string_desc_get
 .text.app_util_critical_region_enter
                0x00816840       0x48 ../../../..//coines-api\libcoines-mcu_app31.a(app_util_platform.c.o)
                0x00816840                app_util_critical_region_enter
 .text.app_util_critical_region_exit
                0x00816888       0x2c ../../../..//coines-api\libcoines-mcu_app31.a(app_util_platform.c.o)
                0x00816888                app_util_critical_region_exit
 .text.app_error_handler_bare
                0x008168b4       0x1a ../../../..//coines-api\libcoines-mcu_app31.a(app_error.c.o)
                0x008168b4                app_error_handler_bare
 *fill*         0x008168ce        0x2 
 .text.app_error_fault_handler
                0x008168d0       0x30 ../../../..//coines-api\libcoines-mcu_app31.a(app_error_weak.c.o)
                0x008168d0                app_error_fault_handler
 .text.HardFault_Handler
                0x00816900       0x34 ../../../..//coines-api\libcoines-mcu_app31.a(hardfault_handler_gcc.c.o)
                0x00816900                HardFault_Handler
 .text.HardFault_process
                0x00816934       0x24 ../../../..//coines-api\libcoines-mcu_app31.a(hardfault_implementation.c.o)
                0x00816934                HardFault_process
 .text.HardFault_c_handler
                0x00816958       0x14 ../../../..//coines-api\libcoines-mcu_app31.a(hardfault_implementation.c.o)
                0x00816958                HardFault_c_handler
 .text.nrf_atomic_u32_fetch_or
                0x0081696c       0x18 ../../../..//coines-api\libcoines-mcu_app31.a(nrf_atomic.c.o)
                0x0081696c                nrf_atomic_u32_fetch_or
 .text.nrf_atomic_u32_or
                0x00816984       0x18 ../../../..//coines-api\libcoines-mcu_app31.a(nrf_atomic.c.o)
                0x00816984                nrf_atomic_u32_or
 .text.nrf_atomic_u32_fetch_and
                0x0081699c       0x18 ../../../..//coines-api\libcoines-mcu_app31.a(nrf_atomic.c.o)
                0x0081699c                nrf_atomic_u32_fetch_and
 .text.nrf_atomic_u32_and
                0x008169b4       0x18 ../../../..//coines-api\libcoines-mcu_app31.a(nrf_atomic.c.o)
                0x008169b4                nrf_atomic_u32_and
 .text.nrf_atomic_flag_set_fetch
                0x008169cc        0x6 ../../../..//coines-api\libcoines-mcu_app31.a(nrf_atomic.c.o)
                0x008169cc                nrf_atomic_flag_set_fetch
 .text.nrf_atomic_flag_clear_fetch
                0x008169d2        0x6 ../../../..//coines-api\libcoines-mcu_app31.a(nrf_atomic.c.o)
                0x008169d2                nrf_atomic_flag_clear_fetch
 .text.nrf_atomic_flag_clear
                0x008169d8        0x6 ../../../..//coines-api\libcoines-mcu_app31.a(nrf_atomic.c.o)
                0x008169d8                nrf_atomic_flag_clear
 .text.sd_softdevice_enable
                0x008169de        0x4 ../../../..//coines-api\libcoines-mcu_app31.a(nrf_sdh.c.o)
 *fill*         0x008169e2        0x2 
 .text.sdh_request_observer_notify
                0x008169e4       0x30 ../../../..//coines-api\libcoines-mcu_app31.a(nrf_sdh.c.o)
 .text.sdh_state_observer_notify
                0x00816a14       0x28 ../../../..//coines-api\libcoines-mcu_app31.a(nrf_sdh.c.o)
 .text.softdevices_evt_irq_enable
                0x00816a3c       0x38 ../../../..//coines-api\libcoines-mcu_app31.a(nrf_sdh.c.o)
 .text.nrf_sdh_enable_request
                0x00816a74       0x7c ../../../..//coines-api\libcoines-mcu_app31.a(nrf_sdh.c.o)
                0x00816a74                nrf_sdh_enable_request
 .text.nrf_sdh_is_enabled
                0x00816af0        0xc ../../../..//coines-api\libcoines-mcu_app31.a(nrf_sdh.c.o)
                0x00816af0                nrf_sdh_is_enabled
 .text.nrf_sdh_evts_poll
                0x00816afc       0x28 ../../../..//coines-api\libcoines-mcu_app31.a(nrf_sdh.c.o)
                0x00816afc                nrf_sdh_evts_poll
 .text.SWI2_EGU2_IRQHandler
                0x00816b24        0x4 ../../../..//coines-api\libcoines-mcu_app31.a(nrf_sdh.c.o)
                0x00816b24                SWI2_EGU2_IRQHandler
 .text.sd_ble_enable
                0x00816b28        0x4 ../../../..//coines-api\libcoines-mcu_app31.a(nrf_sdh_ble.c.o)
 .text.sd_ble_cfg_set
                0x00816b2c        0x4 ../../../..//coines-api\libcoines-mcu_app31.a(nrf_sdh_ble.c.o)
 .text.sd_ble_evt_get
                0x00816b30        0x4 ../../../..//coines-api\libcoines-mcu_app31.a(nrf_sdh_ble.c.o)
 .text.nrf_sdh_ble_evts_poll.part.0
                0x00816b34       0x54 ../../../..//coines-api\libcoines-mcu_app31.a(nrf_sdh_ble.c.o)
 .text.nrf_sdh_ble_evts_poll
                0x00816b88       0x10 ../../../..//coines-api\libcoines-mcu_app31.a(nrf_sdh_ble.c.o)
 .text.nrf_sdh_ble_default_cfg_set
                0x00816b98       0xa8 ../../../..//coines-api\libcoines-mcu_app31.a(nrf_sdh_ble.c.o)
                0x00816b98                nrf_sdh_ble_default_cfg_set
 .text.nrf_sdh_ble_enable
                0x00816c40       0x14 ../../../..//coines-api\libcoines-mcu_app31.a(nrf_sdh_ble.c.o)
                0x00816c40                nrf_sdh_ble_enable
 .text.sd_evt_get
                0x00816c54        0x4 ../../../..//coines-api\libcoines-mcu_app31.a(nrf_sdh_soc.c.o)
 .text.nrf_sdh_soc_evts_poll
                0x00816c58       0x40 ../../../..//coines-api\libcoines-mcu_app31.a(nrf_sdh_soc.c.o)
 .text.sd_ble_gap_addr_get
                0x00816c98        0x4 ../../../..//coines-api\libcoines-mcu_app31.a(ble_advdata.c.o)
 .text.sd_ble_gap_appearance_get
                0x00816c9c        0x4 ../../../..//coines-api\libcoines-mcu_app31.a(ble_advdata.c.o)
 .text.sd_ble_gap_device_name_get
                0x00816ca0        0x4 ../../../..//coines-api\libcoines-mcu_app31.a(ble_advdata.c.o)
 .text.sd_ble_uuid_encode
                0x00816ca4        0x4 ../../../..//coines-api\libcoines-mcu_app31.a(ble_advdata.c.o)
 .text.uuid_list_sized_encode
                0x00816ca8       0xac ../../../..//coines-api\libcoines-mcu_app31.a(ble_advdata.c.o)
 .text.uuid_list_encode
                0x00816d54       0x38 ../../../..//coines-api\libcoines-mcu_app31.a(ble_advdata.c.o)
 .text.ble_advdata_encode
                0x00816d8c      0x394 ../../../..//coines-api\libcoines-mcu_app31.a(ble_advdata.c.o)
                0x00816d8c                ble_advdata_encode
 .text.ble_advdata_search
                0x00817120       0x38 ../../../..//coines-api\libcoines-mcu_app31.a(ble_advdata.c.o)
                0x00817120                ble_advdata_search
 .text.ble_advdata_parse
                0x00817158       0x20 ../../../..//coines-api\libcoines-mcu_app31.a(ble_advdata.c.o)
                0x00817158                ble_advdata_parse
 .text.sd_ble_gap_data_length_update
                0x00817178        0x4 ../../../..//coines-api\libcoines-mcu_app31.a(nrf_ble_gatt.c.o)
 .text.sd_ble_gattc_exchange_mtu_request
                0x0081717c        0x4 ../../../..//coines-api\libcoines-mcu_app31.a(nrf_ble_gatt.c.o)
 .text.sd_ble_gatts_exchange_mtu_reply
                0x00817180        0x4 ../../../..//coines-api\libcoines-mcu_app31.a(nrf_ble_gatt.c.o)
 .text.data_length_update
                0x00817184       0x28 ../../../..//coines-api\libcoines-mcu_app31.a(nrf_ble_gatt.c.o)
 .text.nrf_ble_gatt_init
                0x008171ac       0x28 ../../../..//coines-api\libcoines-mcu_app31.a(nrf_ble_gatt.c.o)
                0x008171ac                nrf_ble_gatt_init
 .text.nrf_ble_gatt_att_mtu_periph_set
                0x008171d4       0x18 ../../../..//coines-api\libcoines-mcu_app31.a(nrf_ble_gatt.c.o)
                0x008171d4                nrf_ble_gatt_att_mtu_periph_set
 .text.nrf_ble_gatt_on_ble_evt
                0x008171ec      0x138 ../../../..//coines-api\libcoines-mcu_app31.a(nrf_ble_gatt.c.o)
                0x008171ec                nrf_ble_gatt_on_ble_evt
 .text.nrf_section_iter_init
                0x00817324       0x14 ../../../..//coines-api\libcoines-mcu_app31.a(nrf_section_iter.c.o)
                0x00817324                nrf_section_iter_init
 .text.nrf_section_iter_next
                0x00817338       0x18 ../../../..//coines-api\libcoines-mcu_app31.a(nrf_section_iter.c.o)
                0x00817338                nrf_section_iter_next
 .text.sd_ble_gap_addr_get
                0x00817350        0x4 ../../../..//coines-api\libcoines-mcu_app31.a(ble_service.c.o)
 .text.sd_ble_gap_disconnect
                0x00817354        0x4 ../../../..//coines-api\libcoines-mcu_app31.a(ble_service.c.o)
 .text.sd_ble_gap_tx_power_set
                0x00817358        0x4 ../../../..//coines-api\libcoines-mcu_app31.a(ble_service.c.o)
 .text.sd_ble_gap_ppcp_set
                0x0081735c        0x4 ../../../..//coines-api\libcoines-mcu_app31.a(ble_service.c.o)
 .text.sd_ble_gap_device_name_set
                0x00817360        0x4 ../../../..//coines-api\libcoines-mcu_app31.a(ble_service.c.o)
 .text.sd_ble_gap_sec_params_reply
                0x00817364        0x4 ../../../..//coines-api\libcoines-mcu_app31.a(ble_service.c.o)
 .text.sd_ble_gap_phy_update
                0x00817368        0x4 ../../../..//coines-api\libcoines-mcu_app31.a(ble_service.c.o)
 .text.sd_ble_gatts_service_add
                0x0081736c        0x4 ../../../..//coines-api\libcoines-mcu_app31.a(ble_service.c.o)
 .text.sd_ble_gatts_characteristic_add
                0x00817370        0x4 ../../../..//coines-api\libcoines-mcu_app31.a(ble_service.c.o)
 .text.sd_ble_gatts_rw_authorize_reply
                0x00817374        0x4 ../../../..//coines-api\libcoines-mcu_app31.a(ble_service.c.o)
 .text.sd_ble_gatts_sys_attr_set
                0x00817378        0x4 ../../../..//coines-api\libcoines-mcu_app31.a(ble_service.c.o)
 .text.sd_ble_uuid_vs_add
                0x0081737c        0x4 ../../../..//coines-api\libcoines-mcu_app31.a(ble_service.c.o)
 .text.battery_level_meas_timeout_handler
                0x00817380        0xc ../../../..//coines-api\libcoines-mcu_app31.a(ble_service.c.o)
 .text.ble_ess_evt_handler
                0x0081738c        0x2 ../../../..//coines-api\libcoines-mcu_app31.a(ble_service.c.o)
 .text.on_conn_params_evt
                0x0081738e        0x2 ../../../..//coines-api\libcoines-mcu_app31.a(ble_service.c.o)
 .text.on_adv_evt
                0x00817390        0x2 ../../../..//coines-api\libcoines-mcu_app31.a(ble_service.c.o)
 .text.nrf_qwr_error_handler
                0x00817392        0x4 ../../../..//coines-api\libcoines-mcu_app31.a(ble_service.c.o)
 *fill*         0x00817396        0x2 
 .text.ble_evt_handler
                0x00817398       0xac ../../../..//coines-api\libcoines-mcu_app31.a(ble_service.c.o)
 .text.ble_bas_evt_handler
                0x00817444       0x4c ../../../..//coines-api\libcoines-mcu_app31.a(ble_service.c.o)
 .text.nus_data_handler
                0x00817490       0x60 ../../../..//coines-api\libcoines-mcu_app31.a(ble_service.c.o)
 .text.ble_ess_on_ble_evt
                0x008174f0       0xe8 ../../../..//coines-api\libcoines-mcu_app31.a(ble_service.c.o)
 .text.gatt_evt_handler
                0x008175d8       0x34 ../../../..//coines-api\libcoines-mcu_app31.a(ble_service.c.o)
                0x008175d8                gatt_evt_handler
 .text.conn_params_error_handler
                0x0081760c        0x4 ../../../..//coines-api\libcoines-mcu_app31.a(ble_service.c.o)
 .text.gatt_init
                0x00817610       0x2c ../../../..//coines-api\libcoines-mcu_app31.a(ble_service.c.o)
                0x00817610                gatt_init
 .text.ble_service_init
                0x0081763c      0x338 ../../../..//coines-api\libcoines-mcu_app31.a(ble_service.c.o)
                0x0081763c                ble_service_init
 .text.ble_service_nus_write
                0x00817974       0x4c ../../../..//coines-api\libcoines-mcu_app31.a(ble_service.c.o)
                0x00817974                ble_service_nus_write
 .text.ble_service_nus_read
                0x008179c0       0x38 ../../../..//coines-api\libcoines-mcu_app31.a(ble_service.c.o)
                0x008179c0                ble_service_nus_read
 .text.ble_service_battery_level_update
                0x008179f8       0x1c ../../../..//coines-api\libcoines-mcu_app31.a(ble_service.c.o)
                0x008179f8                ble_service_battery_level_update
 .text.null_ptr_check
                0x00817a14       0x20 ../../../..//coines-api\libcoines-mcu_app31.a(bq25120.c.o)
 .text.bq_get_ldo_voltage
                0x00817a34       0x32 ../../../..//coines-api\libcoines-mcu_app31.a(bq25120.c.o)
                0x00817a34                bq_get_ldo_voltage
 .text.bq_write_reg
                0x00817a66       0x32 ../../../..//coines-api\libcoines-mcu_app31.a(bq25120.c.o)
                0x00817a66                bq_write_reg
 .text.bq_set_charge_current
                0x00817a98       0x46 ../../../..//coines-api\libcoines-mcu_app31.a(bq25120.c.o)
                0x00817a98                bq_set_charge_current
 .text.bq_set_faults_mask
                0x00817ade       0x46 ../../../..//coines-api\libcoines-mcu_app31.a(bq25120.c.o)
                0x00817ade                bq_set_faults_mask
 .text.bq_set_ts_ctrl_fault_mask
                0x00817b24       0x50 ../../../..//coines-api\libcoines-mcu_app31.a(bq25120.c.o)
                0x00817b24                bq_set_ts_ctrl_fault_mask
 .text.bq_set_term_precharge_current
                0x00817b74       0x40 ../../../..//coines-api\libcoines-mcu_app31.a(bq25120.c.o)
                0x00817b74                bq_set_term_precharge_current
 .text.bq_set_battery_charge_volt
                0x00817bb4       0x28 ../../../..//coines-api\libcoines-mcu_app31.a(bq25120.c.o)
                0x00817bb4                bq_set_battery_charge_volt
 .text.bq_set_sys_vout
                0x00817bdc       0x40 ../../../..//coines-api\libcoines-mcu_app31.a(bq25120.c.o)
                0x00817bdc                bq_set_sys_vout
 .text.bq_set_load_ldo
                0x00817c1c       0x40 ../../../..//coines-api\libcoines-mcu_app31.a(bq25120.c.o)
                0x00817c1c                bq_set_load_ldo
 .text.bq_set_push_button
                0x00817c5c       0x50 ../../../..//coines-api\libcoines-mcu_app31.a(bq25120.c.o)
                0x00817c5c                bq_set_push_button
 .text.bq_set_ilim_bat_uvlo
                0x00817cac       0x3c ../../../..//coines-api\libcoines-mcu_app31.a(bq25120.c.o)
                0x00817cac                bq_set_ilim_bat_uvlo
 .text.bq_read_reg
                0x00817ce8       0x36 ../../../..//coines-api\libcoines-mcu_app31.a(bq25120.c.o)
                0x00817ce8                bq_read_reg
 .text.bq_set_mode_config
                0x00817d1e       0x46 ../../../..//coines-api\libcoines-mcu_app31.a(bq25120.c.o)
                0x00817d1e                bq_set_mode_config
 .text.bq_device_reset
                0x00817d64       0x3c ../../../..//coines-api\libcoines-mcu_app31.a(bq25120.c.o)
                0x00817d64                bq_device_reset
 .text.bq_init  0x00817da0      0x116 ../../../..//coines-api\libcoines-mcu_app31.a(bq25120.c.o)
                0x00817da0                bq_init
 .text.bq_get_load_ldo
                0x00817eb6       0x2a ../../../..//coines-api\libcoines-mcu_app31.a(bq25120.c.o)
                0x00817eb6                bq_get_load_ldo
 .text.bq_ack_push_button_events
                0x00817ee0       0x34 ../../../..//coines-api\libcoines-mcu_app31.a(bq25120.c.o)
                0x00817ee0                bq_ack_push_button_events
 .text.bq_delay_ms
                0x00817f14       0x1c ../../../..//coines-api\libcoines-mcu_app31.a(bq25120.c.o)
                0x00817f14                bq_delay_ms
 .text.bq_cd_set
                0x00817f30       0x1e ../../../..//coines-api\libcoines-mcu_app31.a(bq25120.c.o)
                0x00817f30                bq_cd_set
 .text.bq_get_faults
                0x00817f4e       0xd2 ../../../..//coines-api\libcoines-mcu_app31.a(bq25120.c.o)
                0x00817f4e                bq_get_faults
 .text.bq_get_battery_voltage
                0x00818020       0xb8 ../../../..//coines-api\libcoines-mcu_app31.a(bq25120.c.o)
                0x00818020                bq_get_battery_voltage
 .text.bq_charge_enable
                0x008180d8      0x104 ../../../..//coines-api\libcoines-mcu_app31.a(bq25120.c.o)
                0x008180d8                bq_charge_enable
 .text.bq_charge_disable
                0x008181dc       0x58 ../../../..//coines-api\libcoines-mcu_app31.a(bq25120.c.o)
                0x008181dc                bq_charge_disable
 .text.common_i2c_init
                0x00818234       0x14 ../../../..//coines-api\libcoines-mcu_app31.a(i2c_common.c.o)
                0x00818234                common_i2c_init
 .text.common_i2c_write
                0x00818248       0x20 ../../../..//coines-api\libcoines-mcu_app31.a(i2c_common.c.o)
                0x00818248                common_i2c_write
 .text.common_i2c_read
                0x00818268       0x20 ../../../..//coines-api\libcoines-mcu_app31.a(i2c_common.c.o)
                0x00818268                common_i2c_read
 .text.common_delay_ms
                0x00818288        0x4 ../../../..//coines-api\libcoines-mcu_app31.a(i2c_common.c.o)
                0x00818288                common_delay_ms
 .text.common_pmic_cd_init
                0x0081828c       0x10 ../../../..//coines-api\libcoines-mcu_app31.a(i2c_common.c.o)
                0x0081828c                common_pmic_cd_init
 .text.common_pmic_cd_set
                0x0081829c       0x18 ../../../..//coines-api\libcoines-mcu_app31.a(i2c_common.c.o)
                0x0081829c                common_pmic_cd_set
 .text.sd_ble_gatts_service_add
                0x008182b4        0x4 ../../../..//coines-api\libcoines-mcu_app31.a(ble_nus.c.o)
 .text.sd_ble_gatts_value_get
                0x008182b8        0x4 ../../../..//coines-api\libcoines-mcu_app31.a(ble_nus.c.o)
 .text.sd_ble_gatts_hvx
                0x008182bc        0x4 ../../../..//coines-api\libcoines-mcu_app31.a(ble_nus.c.o)
 .text.sd_ble_uuid_vs_add
                0x008182c0        0x4 ../../../..//coines-api\libcoines-mcu_app31.a(ble_nus.c.o)
 .text.ble_nus_on_ble_evt
                0x008182c4      0x116 ../../../..//coines-api\libcoines-mcu_app31.a(ble_nus.c.o)
                0x008182c4                ble_nus_on_ble_evt
 *fill*         0x008183da        0x2 
 .text.ble_nus_init
                0x008183dc       0xf4 ../../../..//coines-api\libcoines-mcu_app31.a(ble_nus.c.o)
                0x008183dc                ble_nus_init
 .text.ble_nus_data_send
                0x008184d0       0x64 ../../../..//coines-api\libcoines-mcu_app31.a(ble_nus.c.o)
                0x008184d0                ble_nus_data_send
 .text.sd_ble_gatts_service_add
                0x00818534        0x4 ../../../..//coines-api\libcoines-mcu_app31.a(ble_bas.c.o)
 .text.sd_ble_gatts_value_set
                0x00818538        0x4 ../../../..//coines-api\libcoines-mcu_app31.a(ble_bas.c.o)
 .text.sd_ble_gatts_hvx
                0x0081853c        0x4 ../../../..//coines-api\libcoines-mcu_app31.a(ble_bas.c.o)
 .text.ble_bas_on_ble_evt
                0x00818540       0x46 ../../../..//coines-api\libcoines-mcu_app31.a(ble_bas.c.o)
                0x00818540                ble_bas_on_ble_evt
 .text.ble_bas_init
                0x00818586       0xe8 ../../../..//coines-api\libcoines-mcu_app31.a(ble_bas.c.o)
                0x00818586                ble_bas_init
 .text.ble_bas_battery_level_update
                0x0081866e       0xc6 ../../../..//coines-api\libcoines-mcu_app31.a(ble_bas.c.o)
                0x0081866e                ble_bas_battery_level_update
 .text.blcm_link_ctx_get
                0x00818734       0x4e ../../../..//coines-api\libcoines-mcu_app31.a(ble_link_ctx_manager.c.o)
                0x00818734                blcm_link_ctx_get
 .text.conn_handle_list_get
                0x00818782       0x2e ../../../..//coines-api\libcoines-mcu_app31.a(ble_conn_state.c.o)
                0x00818782                conn_handle_list_get
 .text.ble_evt_handler
                0x008187b0       0xe0 ../../../..//coines-api\libcoines-mcu_app31.a(ble_conn_state.c.o)
 .text.ble_conn_state_valid
                0x00818890       0x14 ../../../..//coines-api\libcoines-mcu_app31.a(ble_conn_state.c.o)
                0x00818890                ble_conn_state_valid
 .text.ble_conn_state_status
                0x008188a4       0x24 ../../../..//coines-api\libcoines-mcu_app31.a(ble_conn_state.c.o)
                0x008188a4                ble_conn_state_status
 .text.ble_conn_state_conn_handles
                0x008188c8       0x14 ../../../..//coines-api\libcoines-mcu_app31.a(ble_conn_state.c.o)
                0x008188c8                ble_conn_state_conn_handles
 .text.ble_conn_state_conn_idx
                0x008188dc       0x12 ../../../..//coines-api\libcoines-mcu_app31.a(ble_conn_state.c.o)
                0x008188dc                ble_conn_state_conn_idx
 .text.sd_ble_gatts_characteristic_add
                0x008188ee        0x4 ../../../..//coines-api\libcoines-mcu_app31.a(ble_srv_common.c.o)
 .text.sd_ble_gatts_descriptor_add
                0x008188f2        0x4 ../../../..//coines-api\libcoines-mcu_app31.a(ble_srv_common.c.o)
 .text.set_security_req
                0x008188f6       0x2a ../../../..//coines-api\libcoines-mcu_app31.a(ble_srv_common.c.o)
 .text.ble_srv_is_notification_enabled
                0x00818920        0x8 ../../../..//coines-api\libcoines-mcu_app31.a(ble_srv_common.c.o)
                0x00818920                ble_srv_is_notification_enabled
 .text.ble_srv_report_ref_encode
                0x00818928        0xc ../../../..//coines-api\libcoines-mcu_app31.a(ble_srv_common.c.o)
                0x00818928                ble_srv_report_ref_encode
 .text.characteristic_add
                0x00818934      0x148 ../../../..//coines-api\libcoines-mcu_app31.a(ble_srv_common.c.o)
                0x00818934                characteristic_add
 .text.descriptor_add
                0x00818a7c       0x94 ../../../..//coines-api\libcoines-mcu_app31.a(ble_srv_common.c.o)
                0x00818a7c                descriptor_add
 .text.sd_ble_gap_conn_param_update
                0x00818b10        0x4 ../../../..//coines-api\libcoines-mcu_app31.a(ble_conn_params.c.o)
 .text.sd_ble_gap_disconnect
                0x00818b14        0x4 ../../../..//coines-api\libcoines-mcu_app31.a(ble_conn_params.c.o)
 .text.sd_ble_gap_ppcp_set
                0x00818b18        0x4 ../../../..//coines-api\libcoines-mcu_app31.a(ble_conn_params.c.o)
 .text.sd_ble_gap_ppcp_get
                0x00818b1c        0x4 ../../../..//coines-api\libcoines-mcu_app31.a(ble_conn_params.c.o)
 .text.instance_get
                0x00818b20       0x14 ../../../..//coines-api\libcoines-mcu_app31.a(ble_conn_params.c.o)
 .text.send_error_evt
                0x00818b34       0x10 ../../../..//coines-api\libcoines-mcu_app31.a(ble_conn_params.c.o)
 .text.update_timeout_handler
                0x00818b44       0x70 ../../../..//coines-api\libcoines-mcu_app31.a(ble_conn_params.c.o)
 .text.conn_params_negotiation
                0x00818bb4       0x48 ../../../..//coines-api\libcoines-mcu_app31.a(ble_conn_params.c.o)
 .text.is_conn_params_ok.constprop.0
                0x00818bfc       0x32 ../../../..//coines-api\libcoines-mcu_app31.a(ble_conn_params.c.o)
 *fill*         0x00818c2e        0x2 
 .text.ble_evt_handler
                0x00818c30       0xe0 ../../../..//coines-api\libcoines-mcu_app31.a(ble_conn_params.c.o)
 .text.ble_conn_params_init
                0x00818d10       0x74 ../../../..//coines-api\libcoines-mcu_app31.a(ble_conn_params.c.o)
                0x00818d10                ble_conn_params_init
 .text.nrf_atflags_set
                0x00818d84       0x12 ../../../..//coines-api\libcoines-mcu_app31.a(nrf_atflags.c.o)
                0x00818d84                nrf_atflags_set
 .text.nrf_atflags_clear
                0x00818d96       0x14 ../../../..//coines-api\libcoines-mcu_app31.a(nrf_atflags.c.o)
                0x00818d96                nrf_atflags_clear
 .text.nrf_atflags_get
                0x00818daa       0x12 ../../../..//coines-api\libcoines-mcu_app31.a(nrf_atflags.c.o)
                0x00818daa                nrf_atflags_get
 .text.sd_ble_gatts_rw_authorize_reply
                0x00818dbc        0x4 ../../../..//coines-api\libcoines-mcu_app31.a(nrf_ble_qwr.c.o)
 .text.sd_ble_user_mem_reply
                0x00818dc0        0x4 ../../../..//coines-api\libcoines-mcu_app31.a(nrf_ble_qwr.c.o)
 .text.user_mem_reply.part.0
                0x00818dc4       0x24 ../../../..//coines-api\libcoines-mcu_app31.a(nrf_ble_qwr.c.o)
 .text.nrf_ble_qwr_init
                0x00818de8       0x24 ../../../..//coines-api\libcoines-mcu_app31.a(nrf_ble_qwr.c.o)
                0x00818de8                nrf_ble_qwr_init
 .text.nrf_ble_qwr_conn_handle_assign
                0x00818e0c       0x16 ../../../..//coines-api\libcoines-mcu_app31.a(nrf_ble_qwr.c.o)
                0x00818e0c                nrf_ble_qwr_conn_handle_assign
 .text.nrf_ble_qwr_on_ble_evt
                0x00818e22       0xa6 ../../../..//coines-api\libcoines-mcu_app31.a(nrf_ble_qwr.c.o)
                0x00818e22                nrf_ble_qwr_on_ble_evt
 .text.sd_ble_gap_adv_set_configure
                0x00818ec8        0x4 ../../../..//coines-api\libcoines-mcu_app31.a(ble_advertising.c.o)
 .text.sd_ble_gap_adv_start
                0x00818ecc        0x4 ../../../..//coines-api\libcoines-mcu_app31.a(ble_advertising.c.o)
 .text.flags_set
                0x00818ed0       0x2c ../../../..//coines-api\libcoines-mcu_app31.a(ble_advertising.c.o)
 .text.ble_advertising_conn_cfg_tag_set
                0x00818efc        0x6 ../../../..//coines-api\libcoines-mcu_app31.a(ble_advertising.c.o)
                0x00818efc                ble_advertising_conn_cfg_tag_set
 .text.ble_advertising_init
                0x00818f02       0xea ../../../..//coines-api\libcoines-mcu_app31.a(ble_advertising.c.o)
                0x00818f02                ble_advertising_init
 .text.ble_advertising_start
                0x00818fec      0x21c ../../../..//coines-api\libcoines-mcu_app31.a(ble_advertising.c.o)
                0x00818fec                ble_advertising_start
 .text.ble_advertising_on_ble_evt
                0x00819208       0x6a ../../../..//coines-api\libcoines-mcu_app31.a(ble_advertising.c.o)
                0x00819208                ble_advertising_on_ble_evt
 .text.ble_advertising_on_sys_evt
                0x00819272        0x2 ../../../..//coines-api\libcoines-mcu_app31.a(ble_advertising.c.o)
                0x00819272                ble_advertising_on_sys_evt
 .text.nrf_ringbuf_init
                0x00819274       0x12 ../../../..//coines-api\libcoines-mcu_app31.a(nrf_ringbuf.c.o)
                0x00819274                nrf_ringbuf_init
 .text.nrf_ringbuf_cpy_put
                0x00819286       0x7a ../../../..//coines-api\libcoines-mcu_app31.a(nrf_ringbuf.c.o)
                0x00819286                nrf_ringbuf_cpy_put
 .text.nrf_ringbuf_cpy_get
                0x00819300       0x7a ../../../..//coines-api\libcoines-mcu_app31.a(nrf_ringbuf.c.o)
                0x00819300                nrf_ringbuf_cpy_get
 .text.POWER_CLOCK_IRQHandler
                0x0081937a        0xe ../../../..//coines-api\libcoines-mcu_app31.a(nrfx_power_clock.c.o)
                0x0081937a                POWER_CLOCK_IRQHandler
 .text.nrf_usbd_task_trigger
                0x00819388       0x16 ../../../..//coines-api\libcoines-mcu_app31.a(nrf_drv_usbd.c.o)
 *fill*         0x0081939e        0x2 
 .text.nrf_usbd_ep_is_stall
                0x008193a0       0x34 ../../../..//coines-api\libcoines-mcu_app31.a(nrf_drv_usbd.c.o)
 .text.nrf_usbd_epout_size_get
                0x008193d4       0x28 ../../../..//coines-api\libcoines-mcu_app31.a(nrf_drv_usbd.c.o)
 .text.nrf_drv_usbd_errata_type_52840_eng_a
                0x008193fc       0x1a ../../../..//coines-api\libcoines-mcu_app31.a(nrf_drv_usbd.c.o)
 .text.nrf_drv_usbd_errata_187
                0x00819416       0x26 ../../../..//coines-api\libcoines-mcu_app31.a(nrf_drv_usbd.c.o)
 .text.nrf_drv_usbd_consumer
                0x0081943c       0x2e ../../../..//coines-api\libcoines-mcu_app31.a(nrf_drv_usbd.c.o)
                0x0081943c                nrf_drv_usbd_consumer
 .text.nrf_drv_usbd_feeder_ram
                0x0081946a       0x22 ../../../..//coines-api\libcoines-mcu_app31.a(nrf_drv_usbd.c.o)
                0x0081946a                nrf_drv_usbd_feeder_ram
 .text.nrf_drv_usbd_feeder_ram_zlp
                0x0081948c       0x2a ../../../..//coines-api\libcoines-mcu_app31.a(nrf_drv_usbd.c.o)
                0x0081948c                nrf_drv_usbd_feeder_ram_zlp
 *fill*         0x008194b6        0x2 
 .text.ep_state_access
                0x008194b8       0x1c ../../../..//coines-api\libcoines-mcu_app31.a(nrf_drv_usbd.c.o)
 .text.ep2bit   0x008194d4       0x12 ../../../..//coines-api\libcoines-mcu_app31.a(nrf_drv_usbd.c.o)
 *fill*         0x008194e6        0x2 
 .text.usbd_dma_pending_clear
                0x008194e8       0x18 ../../../..//coines-api\libcoines-mcu_app31.a(nrf_drv_usbd.c.o)
 .text.ev_usbreset_handler
                0x00819500       0x34 ../../../..//coines-api\libcoines-mcu_app31.a(nrf_drv_usbd.c.o)
 .text.ev_started_handler
                0x00819534        0x2 ../../../..//coines-api\libcoines-mcu_app31.a(nrf_drv_usbd.c.o)
 *fill*         0x00819536        0x2 
 .text.usbd_ep_data_handler
                0x00819538       0x58 ../../../..//coines-api\libcoines-mcu_app31.a(nrf_drv_usbd.c.o)
 .text.ev_setup_data_handler
                0x00819590       0x1c ../../../..//coines-api\libcoines-mcu_app31.a(nrf_drv_usbd.c.o)
 .text.ev_usbevent_handler
                0x008195ac       0xa0 ../../../..//coines-api\libcoines-mcu_app31.a(nrf_drv_usbd.c.o)
 .text.nrf_drv_usbd_feeder_flash
                0x0081964c       0x38 ../../../..//coines-api\libcoines-mcu_app31.a(nrf_drv_usbd.c.o)
                0x0081964c                nrf_drv_usbd_feeder_flash
 .text.nrf_drv_usbd_feeder_flash_zlp
                0x00819684       0x40 ../../../..//coines-api\libcoines-mcu_app31.a(nrf_drv_usbd.c.o)
                0x00819684                nrf_drv_usbd_feeder_flash_zlp
 .text.ev_dma_epin0_handler
                0x008196c4       0x30 ../../../..//coines-api\libcoines-mcu_app31.a(nrf_drv_usbd.c.o)
 .text.nrf_usbd_epin_dma_handler
                0x008196f4       0x34 ../../../..//coines-api\libcoines-mcu_app31.a(nrf_drv_usbd.c.o)
 .text.ev_dma_epin7_handler
                0x00819728        0x6 ../../../..//coines-api\libcoines-mcu_app31.a(nrf_drv_usbd.c.o)
 .text.ev_dma_epin6_handler
                0x0081972e        0x6 ../../../..//coines-api\libcoines-mcu_app31.a(nrf_drv_usbd.c.o)
 .text.ev_dma_epin5_handler
                0x00819734        0x6 ../../../..//coines-api\libcoines-mcu_app31.a(nrf_drv_usbd.c.o)
 .text.ev_dma_epin4_handler
                0x0081973a        0x6 ../../../..//coines-api\libcoines-mcu_app31.a(nrf_drv_usbd.c.o)
 .text.ev_dma_epin3_handler
                0x00819740        0x6 ../../../..//coines-api\libcoines-mcu_app31.a(nrf_drv_usbd.c.o)
 .text.ev_dma_epin2_handler
                0x00819746        0x6 ../../../..//coines-api\libcoines-mcu_app31.a(nrf_drv_usbd.c.o)
 .text.ev_dma_epin1_handler
                0x0081974c        0x6 ../../../..//coines-api\libcoines-mcu_app31.a(nrf_drv_usbd.c.o)
 *fill*         0x00819752        0x2 
 .text.ev_sof_handler
                0x00819754       0x44 ../../../..//coines-api\libcoines-mcu_app31.a(nrf_drv_usbd.c.o)
 .text.ev_dma_epin8_handler
                0x00819798       0x58 ../../../..//coines-api\libcoines-mcu_app31.a(nrf_drv_usbd.c.o)
 .text.ev_dma_epout8_handler
                0x008197f0       0x48 ../../../..//coines-api\libcoines-mcu_app31.a(nrf_drv_usbd.c.o)
 .text.usbd_dmareq_process
                0x00819838      0x1ec ../../../..//coines-api\libcoines-mcu_app31.a(nrf_drv_usbd.c.o)
 .text.nrf_usbd_epout_dma_handler
                0x00819a24       0x68 ../../../..//coines-api\libcoines-mcu_app31.a(nrf_drv_usbd.c.o)
 .text.ev_dma_epout7_handler
                0x00819a8c        0x6 ../../../..//coines-api\libcoines-mcu_app31.a(nrf_drv_usbd.c.o)
 .text.ev_dma_epout6_handler
                0x00819a92        0x6 ../../../..//coines-api\libcoines-mcu_app31.a(nrf_drv_usbd.c.o)
 .text.ev_dma_epout5_handler
                0x00819a98        0x6 ../../../..//coines-api\libcoines-mcu_app31.a(nrf_drv_usbd.c.o)
 .text.ev_dma_epout4_handler
                0x00819a9e        0x6 ../../../..//coines-api\libcoines-mcu_app31.a(nrf_drv_usbd.c.o)
 .text.ev_dma_epout3_handler
                0x00819aa4        0x6 ../../../..//coines-api\libcoines-mcu_app31.a(nrf_drv_usbd.c.o)
 .text.ev_dma_epout2_handler
                0x00819aaa        0x6 ../../../..//coines-api\libcoines-mcu_app31.a(nrf_drv_usbd.c.o)
 .text.ev_dma_epout1_handler
                0x00819ab0        0x6 ../../../..//coines-api\libcoines-mcu_app31.a(nrf_drv_usbd.c.o)
 *fill*         0x00819ab6        0x2 
 .text.ev_epdata_handler
                0x00819ab8       0x68 ../../../..//coines-api\libcoines-mcu_app31.a(nrf_drv_usbd.c.o)
 .text.nrf_drv_usbd_uninit
                0x00819b20       0x20 ../../../..//coines-api\libcoines-mcu_app31.a(nrf_drv_usbd.c.o)
                0x00819b20                nrf_drv_usbd_uninit
 .text.nrf_drv_usbd_enable
                0x00819b40      0x140 ../../../..//coines-api\libcoines-mcu_app31.a(nrf_drv_usbd.c.o)
                0x00819b40                nrf_drv_usbd_enable
 .text.nrf_drv_usbd_start
                0x00819c80       0x58 ../../../..//coines-api\libcoines-mcu_app31.a(nrf_drv_usbd.c.o)
                0x00819c80                nrf_drv_usbd_start
 .text.nrf_drv_usbd_is_initialized
                0x00819cd8       0x10 ../../../..//coines-api\libcoines-mcu_app31.a(nrf_drv_usbd.c.o)
                0x00819cd8                nrf_drv_usbd_is_initialized
 .text.nrf_drv_usbd_is_enabled
                0x00819ce8       0x14 ../../../..//coines-api\libcoines-mcu_app31.a(nrf_drv_usbd.c.o)
                0x00819ce8                nrf_drv_usbd_is_enabled
 .text.nrf_drv_usbd_wakeup_req
                0x00819cfc       0x64 ../../../..//coines-api\libcoines-mcu_app31.a(nrf_drv_usbd.c.o)
                0x00819cfc                nrf_drv_usbd_wakeup_req
 .text.nrf_drv_usbd_suspend_irq_config
                0x00819d60       0x14 ../../../..//coines-api\libcoines-mcu_app31.a(nrf_drv_usbd.c.o)
                0x00819d60                nrf_drv_usbd_suspend_irq_config
 .text.nrf_drv_usbd_active_irq_config
                0x00819d74       0x14 ../../../..//coines-api\libcoines-mcu_app31.a(nrf_drv_usbd.c.o)
                0x00819d74                nrf_drv_usbd_active_irq_config
 .text.nrf_drv_usbd_force_bus_wakeup
                0x00819d88        0xc ../../../..//coines-api\libcoines-mcu_app31.a(nrf_drv_usbd.c.o)
                0x00819d88                nrf_drv_usbd_force_bus_wakeup
 .text.nrf_drv_usbd_ep_max_packet_size_set
                0x00819d94        0xa ../../../..//coines-api\libcoines-mcu_app31.a(nrf_drv_usbd.c.o)
                0x00819d94                nrf_drv_usbd_ep_max_packet_size_set
 *fill*         0x00819d9e        0x2 
 .text.nrf_drv_usbd_init
                0x00819da0       0x88 ../../../..//coines-api\libcoines-mcu_app31.a(nrf_drv_usbd.c.o)
                0x00819da0                nrf_drv_usbd_init
 .text.nrf_drv_usbd_ep_max_packet_size_get
                0x00819e28        0xa ../../../..//coines-api\libcoines-mcu_app31.a(nrf_drv_usbd.c.o)
                0x00819e28                nrf_drv_usbd_ep_max_packet_size_get
 *fill*         0x00819e32        0x2 
 .text.nrf_drv_usbd_ep_enable_check
                0x00819e34       0x20 ../../../..//coines-api\libcoines-mcu_app31.a(nrf_drv_usbd.c.o)
                0x00819e34                nrf_drv_usbd_ep_enable_check
 .text.nrf_drv_usbd_ep_transfer
                0x00819e54       0xf4 ../../../..//coines-api\libcoines-mcu_app31.a(nrf_drv_usbd.c.o)
                0x00819e54                nrf_drv_usbd_ep_transfer
 .text.nrf_drv_usbd_ep_handled_transfer
                0x00819f48       0x8c ../../../..//coines-api\libcoines-mcu_app31.a(nrf_drv_usbd.c.o)
                0x00819f48                nrf_drv_usbd_ep_handled_transfer
 .text.nrf_drv_usbd_feeder_buffer_get
                0x00819fd4        0x8 ../../../..//coines-api\libcoines-mcu_app31.a(nrf_drv_usbd.c.o)
                0x00819fd4                nrf_drv_usbd_feeder_buffer_get
 .text.nrf_drv_usbd_ep_stall
                0x00819fdc       0x18 ../../../..//coines-api\libcoines-mcu_app31.a(nrf_drv_usbd.c.o)
                0x00819fdc                nrf_drv_usbd_ep_stall
 .text.nrf_drv_usbd_ep_stall_check
                0x00819ff4        0x4 ../../../..//coines-api\libcoines-mcu_app31.a(nrf_drv_usbd.c.o)
                0x00819ff4                nrf_drv_usbd_ep_stall_check
 .text.nrf_drv_usbd_ep_dtoggle_clear
                0x00819ff8       0x20 ../../../..//coines-api\libcoines-mcu_app31.a(nrf_drv_usbd.c.o)
                0x00819ff8                nrf_drv_usbd_ep_dtoggle_clear
 .text.nrf_drv_usbd_setup_get
                0x0081a018       0x44 ../../../..//coines-api\libcoines-mcu_app31.a(nrf_drv_usbd.c.o)
                0x0081a018                nrf_drv_usbd_setup_get
 .text.nrf_drv_usbd_setup_data_clear
                0x0081a05c       0x2a ../../../..//coines-api\libcoines-mcu_app31.a(nrf_drv_usbd.c.o)
                0x0081a05c                nrf_drv_usbd_setup_data_clear
 *fill*         0x0081a086        0x2 
 .text.ev_dma_epout0_handler
                0x0081a088       0x58 ../../../..//coines-api\libcoines-mcu_app31.a(nrf_drv_usbd.c.o)
 .text.nrf_drv_usbd_setup_clear
                0x0081a0e0        0x6 ../../../..//coines-api\libcoines-mcu_app31.a(nrf_drv_usbd.c.o)
                0x0081a0e0                nrf_drv_usbd_setup_clear
 .text.nrf_drv_usbd_setup_stall
                0x0081a0e6        0x6 ../../../..//coines-api\libcoines-mcu_app31.a(nrf_drv_usbd.c.o)
                0x0081a0e6                nrf_drv_usbd_setup_stall
 .text.nrf_drv_usbd_last_setup_dir_get
                0x0081a0ec        0xc ../../../..//coines-api\libcoines-mcu_app31.a(nrf_drv_usbd.c.o)
                0x0081a0ec                nrf_drv_usbd_last_setup_dir_get
 .text.nrf_drv_usbd_transfer_out_drop
                0x0081a0f8       0x90 ../../../..//coines-api\libcoines-mcu_app31.a(nrf_drv_usbd.c.o)
                0x0081a0f8                nrf_drv_usbd_transfer_out_drop
 .text.usbd_ep_abort
                0x0081a188       0xf0 ../../../..//coines-api\libcoines-mcu_app31.a(nrf_drv_usbd.c.o)
 .text.nrf_drv_usbd_ep_abort
                0x0081a278        0x4 ../../../..//coines-api\libcoines-mcu_app31.a(nrf_drv_usbd.c.o)
                0x0081a278                nrf_drv_usbd_ep_abort
 .text.ev_setup_handler
                0x0081a27c       0x78 ../../../..//coines-api\libcoines-mcu_app31.a(nrf_drv_usbd.c.o)
 .text.USBD_IRQHandler
                0x0081a2f4      0x198 ../../../..//coines-api\libcoines-mcu_app31.a(nrf_drv_usbd.c.o)
                0x0081a2f4                USBD_IRQHandler
 .text.usbd_ep_abort_all
                0x0081a48c       0x50 ../../../..//coines-api\libcoines-mcu_app31.a(nrf_drv_usbd.c.o)
 .text.nrf_drv_usbd_stop
                0x0081a4dc       0x38 ../../../..//coines-api\libcoines-mcu_app31.a(nrf_drv_usbd.c.o)
                0x0081a4dc                nrf_drv_usbd_stop
 .text.nrf_drv_usbd_disable
                0x0081a514       0x70 ../../../..//coines-api\libcoines-mcu_app31.a(nrf_drv_usbd.c.o)
                0x0081a514                nrf_drv_usbd_disable
 .text.nrf_drv_usbd_suspend
                0x0081a584       0x7c ../../../..//coines-api\libcoines-mcu_app31.a(nrf_drv_usbd.c.o)
                0x0081a584                nrf_drv_usbd_suspend
 .text.nrf_drv_usbd_ep_disable
                0x0081a600       0x64 ../../../..//coines-api\libcoines-mcu_app31.a(nrf_drv_usbd.c.o)
                0x0081a600                nrf_drv_usbd_ep_disable
 .text.nrf_drv_usbd_ep_enable
                0x0081a664       0xac ../../../..//coines-api\libcoines-mcu_app31.a(nrf_drv_usbd.c.o)
                0x0081a664                nrf_drv_usbd_ep_enable
 .text.nrf_drv_usbd_ep_stall_clear
                0x0081a710       0x28 ../../../..//coines-api\libcoines-mcu_app31.a(nrf_drv_usbd.c.o)
                0x0081a710                nrf_drv_usbd_ep_stall_clear
 .text.user_op_alloc
                0x0081a738       0x2c ../../../..//coines-api\libcoines-mcu_app31.a(app_timer.c.o)
 .text.timer_stop_op_schedule
                0x0081a764       0x50 ../../../..//coines-api\libcoines-mcu_app31.a(app_timer.c.o)
 .text.nrfx_coredep_delay_us.part.0.constprop.0
                0x0081a7b4       0x10 ../../../..//coines-api\libcoines-mcu_app31.a(app_timer.c.o)
 .text.rtc1_stop
                0x0081a7c4       0x44 ../../../..//coines-api\libcoines-mcu_app31.a(app_timer.c.o)
 .text.RTC1_IRQHandler
                0x0081a808       0x9c ../../../..//coines-api\libcoines-mcu_app31.a(app_timer.c.o)
                0x0081a808                RTC1_IRQHandler
 .text.SWI0_EGU0_IRQHandler
                0x0081a8a4      0x2b8 ../../../..//coines-api\libcoines-mcu_app31.a(app_timer.c.o)
                0x0081a8a4                SWI0_EGU0_IRQHandler
 .text.app_timer_init
                0x0081ab5c       0x60 ../../../..//coines-api\libcoines-mcu_app31.a(app_timer.c.o)
                0x0081ab5c                app_timer_init
 .text.app_timer_create
                0x0081abbc       0x24 ../../../..//coines-api\libcoines-mcu_app31.a(app_timer.c.o)
                0x0081abbc                app_timer_create
 .text.app_timer_start
                0x0081abe0       0x90 ../../../..//coines-api\libcoines-mcu_app31.a(app_timer.c.o)
                0x0081abe0                app_timer_start
 .text.app_timer_stop
                0x0081ac70       0x20 ../../../..//coines-api\libcoines-mcu_app31.a(app_timer.c.o)
                0x0081ac70                app_timer_stop
 .text          0x0081ac90       0x3c ../../../..//coines-api\libcoines-mcu_app31.a(gcc_startup_nrf52840.S.o)
                0x0081ac90                Reset_Handler
                0x0081acb8                NMI_Handler
                0x0081acbc                MemoryManagement_Handler
                0x0081acbe                BusFault_Handler
                0x0081acc0                UsageFault_Handler
                0x0081acc2                SVC_Handler
                0x0081acc4                DebugMon_Handler
                0x0081acc6                PendSV_Handler
                0x0081acca                QDEC_IRQHandler
                0x0081acca                PWM3_IRQHandler
                0x0081acca                FPU_IRQHandler
                0x0081acca                PDM_IRQHandler